2026-10-10T14:04:08Z GATE PASS: ARMING listener window 2026-10-10T14:04:08Z -> +7200s (HOLD_FIRE — standby only)
===== sx1302 HAL RX test =====
INFO: rxpkt buffer size is set to 255
INFO: Select channel mode 0
[1] SX1302 reset: GPIO17 LOW -> HIGH 0.5s -> LOW ...
[2] SX1261 LBT: GPIO22 LOW 0.1s -> HIGH ...
[3] firmware-load wait 2.0s ...
--- probe[post-GPIO17-reset] ---
  version reg 0x0005 x10 : 00 00 00 00 00 00 00 00 00 00
  verdict: 0x00 = MISO stuck low / chip unpowered (Gate 2)
[holder] June-faithful GPIO17/GPIO22 reset sequence complete
[rak_gpio] holder on: READY (54077 on READY)
Opening SPI communication interface
Note: chip version is 0x10 (v1.0)
INFO: Configuring SX1250_0 in single input mode
INFO: Configuring SX1250_1 in single input mode
INFO: using legacy timestamp
ARB: dual demodulation disabled for all SF
INFO: no temperature sensor found on port 0x39
INFO: no temperature sensor found on port 0x3B
INFO: no temperature sensor found on port 0x38
WARNING: no temperature sensor found (RAK2287) - continuing without, assuming 25C nominal
Waiting for packets...

----- LoRa packet -----
  count_us: 2246706267
  size:     128
  chan:     3
  status:   0x10
  datr:     9
  codr:     1
  rf_chain  0
  freq_hz   903900000
  snr_avg:  11.5
  rssi_chan:198.0
  rssi_sig :198.0
  crc:      0x649E
D9 39 1C 97 63 34 70 BD F5 02 6A 33 64 43 95 4D BC B5 01 54 FC 32 EE AE 6F 91 89 8D D3 5D D7 25 5A 0E AB E1 18 9D 0A 65 11 B5 A3 45 52 6D 3D 96 FE 44 B8 CA 4C FC C7 38 A7 1E 85 FF 71 C2 72 2D B0 3C 1B 45 3A E9 06 C1 B4 E7 B6 C4 19 59 EA AF 52 9A E9 5A D7 15 DB 12 AD 30 74 14 6D 44 9E 2E EC 11 41 A0 DA 4D 8B 7A B3 AE D9 51 2D B7 A0 CA 87 DC E9 77 58 7E 75 92 73 5C 9C 38 95 14 77 8D 
Received 1 packets (total:1)

----- LoRa packet -----
  count_us: 2263489514
  size:     128
  chan:     3
  status:   0x10
  datr:     9
  codr:     1
  rf_chain  0
  freq_hz   903900000
  snr_avg:  10.8
  rssi_chan:198.0
  rssi_sig :198.0
  crc:      0x649E
D9 39 1C 97 63 34 70 BD F5 02 6A 33 64 43 95 4D BC B5 01 54 FC 32 EE AE 6F 91 89 8D D3 5D D7 25 5A 0E AB E1 18 9D 0A 65 11 B5 A3 45 52 6D 3D 96 FE 44 B8 CA 4C FC C7 38 A7 1E 85 FF 71 C2 72 2D B0 3C 1B 45 3A E9 06 C1 B4 E7 B6 C4 19 59 EA AF 52 9A E9 5A D7 15 DB 12 AD 30 74 14 6D 44 9E 2E EC 11 41 A0 DA 4D 8B 7A B3 AE D9 51 2D B7 A0 CA 87 DC E9 77 58 7E 75 92 73 5C 9C 38 95 14 77 8D 
Received 1 packets (total:2)

----- LoRa packet -----
  count_us: 2280268038
  size:     128
  chan:     3
  status:   0x10
  datr:     9
  codr:     1
  rf_chain  0
  freq_hz   903900000
  snr_avg:  11.2
  rssi_chan:198.0
  rssi_sig :198.0
  crc:      0x649E
D9 39 1C 97 63 34 70 BD F5 02 6A 33 64 43 95 4D BC B5 01 54 FC 32 EE AE 6F 91 89 8D D3 5D D7 25 5A 0E AB E1 18 9D 0A 65 11 B5 A3 45 52 6D 3D 96 FE 44 B8 CA 4C FC C7 38 A7 1E 85 FF 71 C2 72 2D B0 3C 1B 45 3A E9 06 C1 B4 E7 B6 C4 19 59 EA AF 52 9A E9 5A D7 15 DB 12 AD 30 74 14 6D 44 9E 2E EC 11 41 A0 DA 4D 8B 7A B3 AE D9 51 2D B7 A0 CA 87 DC E9 77 58 7E 75 92 73 5C 9C 38 95 14 77 8D 
Received 1 packets (total:3)

----- LoRa packet -----
  count_us: 2297041391
  size:     128
  chan:     3
  status:   0x10
  datr:     9
  codr:     1
  rf_chain  0
  freq_hz   903900000
  snr_avg:  11.0
  rssi_chan:198.0
  rssi_sig :198.0
  crc:      0x649E
D9 39 1C 97 63 34 70 BD F5 02 6A 33 64 43 95 4D BC B5 01 54 FC 32 EE AE 6F 91 89 8D D3 5D D7 25 5A 0E AB E1 18 9D 0A 65 11 B5 A3 45 52 6D 3D 96 FE 44 B8 CA 4C FC C7 38 A7 1E 85 FF 71 C2 72 2D B0 3C 1B 45 3A E9 06 C1 B4 E7 B6 C4 19 59 EA AF 52 9A E9 5A D7 15 DB 12 AD 30 74 14 6D 44 9E 2E EC 11 41 A0 DA 4D 8B 7A B3 AE D9 51 2D B7 A0 CA 87 DC E9 77 58 7E 75 92 73 5C 9C 38 95 14 77 8D 
Received 1 packets (total:4)

----- LoRa packet -----
  count_us: 2313958090
  size:     128
  chan:     3
  status:   0x10
  datr:     9
  codr:     1
  rf_chain  0
  freq_hz   903900000
  snr_avg:  12.0
  rssi_chan:198.0
  rssi_sig :198.0
  crc:      0x649E
D9 39 1C 97 63 34 70 BD F5 02 6A 33 64 43 95 4D BC B5 01 54 FC 32 EE AE 6F 91 89 8D D3 5D D7 25 5A 0E AB E1 18 9D 0A 65 11 B5 A3 45 52 6D 3D 96 FE 44 B8 CA 4C FC C7 38 A7 1E 85 FF 71 C2 72 2D B0 3C 1B 45 3A E9 06 C1 B4 E7 B6 C4 19 59 EA AF 52 9A E9 5A D7 15 DB 12 AD 30 74 14 6D 44 9E 2E EC 11 41 A0 DA 4D 8B 7A B3 AE D9 51 2D B7 A0 CA 87 DC E9 77 58 7E 75 92 73 5C 9C 38 95 14 77 8D 
Received 1 packets (total:5)
