2026-09-29T21:45:17Z LORA_CHIRP_RECOVERY_BEGIN role=node-b-rx spi=/dev/spidev0.0
2026-09-29T21:45:17Z RECOVERY_LOG=./lora_chirp_recovery_node-b-rx_20260929T214517Z.log
2026-09-29T21:45:17Z Stopping known gateway services so one process owns the concentrator
2026-09-29T21:45:17Z RUN: sudo systemctl stop helium-gateway
Failed to stop helium-gateway.service: Unit helium-gateway.service not loaded.
2026-09-29T21:45:17Z EXIT[5]: sudo systemctl stop helium-gateway
2026-09-29T21:45:17Z RUN: sudo systemctl is-active helium-gateway
inactive
2026-09-29T21:45:17Z EXIT[4]: sudo systemctl is-active helium-gateway
2026-09-29T21:45:17Z RUN: sudo systemctl stop packet-forwarder
Failed to stop packet-forwarder.service: Unit packet-forwarder.service not loaded.
2026-09-29T21:45:17Z EXIT[5]: sudo systemctl stop packet-forwarder
2026-09-29T21:45:17Z RUN: sudo systemctl is-active packet-forwarder
inactive
2026-09-29T21:45:17Z EXIT[4]: sudo systemctl is-active packet-forwarder
2026-09-29T21:45:17Z RUN: sudo systemctl stop lora_pkt_fwd
Failed to stop lora_pkt_fwd.service: Unit lora_pkt_fwd.service not loaded.
2026-09-29T21:45:17Z EXIT[5]: sudo systemctl stop lora_pkt_fwd
2026-09-29T21:45:17Z RUN: sudo systemctl is-active lora_pkt_fwd
inactive
2026-09-29T21:45:17Z EXIT[4]: sudo systemctl is-active lora_pkt_fwd
2026-09-29T21:45:17Z RUN: sudo systemctl stop lora-packet-forwarder
Failed to stop lora-packet-forwarder.service: Unit lora-packet-forwarder.service not loaded.
2026-09-29T21:45:17Z EXIT[5]: sudo systemctl stop lora-packet-forwarder
2026-09-29T21:45:17Z RUN: sudo systemctl is-active lora-packet-forwarder
inactive
2026-09-29T21:45:18Z EXIT[4]: sudo systemctl is-active lora-packet-forwarder
2026-09-29T21:45:18Z RUN: sudo systemctl stop sx1302_hal
Failed to stop sx1302_hal.service: Unit sx1302_hal.service not loaded.
2026-09-29T21:45:18Z EXIT[5]: sudo systemctl stop sx1302_hal
2026-09-29T21:45:18Z RUN: sudo systemctl is-active sx1302_hal
inactive
2026-09-29T21:45:18Z EXIT[4]: sudo systemctl is-active sx1302_hal
2026-09-29T21:45:18Z RUN: sudo systemctl stop chirpstack-gateway-bridge
Failed to stop chirpstack-gateway-bridge.service: Unit chirpstack-gateway-bridge.service not loaded.
2026-09-29T21:45:18Z EXIT[5]: sudo systemctl stop chirpstack-gateway-bridge
2026-09-29T21:45:18Z RUN: sudo systemctl is-active chirpstack-gateway-bridge
inactive
2026-09-29T21:45:18Z EXIT[4]: sudo systemctl is-active chirpstack-gateway-bridge
2026-09-29T21:45:18Z RUN: sudo systemctl stop miner
Failed to stop miner.service: Unit miner.service not loaded.
2026-09-29T21:45:18Z EXIT[5]: sudo systemctl stop miner
2026-09-29T21:45:18Z RUN: sudo systemctl is-active miner
inactive
2026-09-29T21:45:18Z EXIT[4]: sudo systemctl is-active miner
2026-09-29T21:45:18Z Using reset script: /home/researcher-bravo/sx1302_hal/libloragw/reset_lgw.sh
2026-09-29T21:45:22Z SPI device exists: /dev/spidev0.0
crw-rw---- 1 root spi 153, 0 Sep 28 16:34 /dev/spidev0.0
2026-09-29T21:45:22Z Trying concentrator verification tool: /home/researcher-bravo/sx1302_hal/util_chip_id/chip_id
2026-09-29T21:45:22Z RUN: sudo /home/researcher-bravo/sx1302_hal/util_chip_id/chip_id -d /dev/spidev0.0 -r 1250 -k 0
sh: 1: ./reset_lgw.sh: not found
ERROR: failed to reset SX1302, check your reset_lgw.sh script
2026-09-29T21:45:22Z EXIT[1]: sudo /home/researcher-bravo/sx1302_hal/util_chip_id/chip_id -d /dev/spidev0.0 -r 1250 -k 0
2026-09-29T21:45:22Z Verification tool did not prove a ready concentrator: /home/researcher-bravo/sx1302_hal/util_chip_id/chip_id
2026-09-29T21:45:22Z ERROR: no concentrator verification tool succeeded
2026-09-29T21:45:22Z LORA_CHIRP_RECOVERY_PASS=NO
