2026-10-10T12:03:48Z GATE PASS: ARMING listener window 2026-10-10T12:03:48Z -> +7200s (HOLD_FIRE — standby only)
===== sx1302 HAL RX test =====
INFO: rxpkt buffer size is set to 255
INFO: Select channel mode 0
[1] SX1302 reset: GPIO17 LOW -> HIGH 0.5s -> LOW ...
[2] SX1261 LBT: GPIO22 LOW 0.1s -> HIGH ...
[3] firmware-load wait 2.0s ...
--- probe[post-GPIO17-reset] ---
  version reg 0x0005 x10 : 00 00 00 00 00 00 00 00 00 00
  verdict: 0x00 = MISO stuck low / chip unpowered (Gate 2)
[holder] June-faithful GPIO17/GPIO22 reset sequence complete
[rak_gpio] holder on: READY (41968 on READY)
Opening SPI communication interface
Note: chip version is 0x10 (v1.0)
INFO: Configuring SX1250_0 in single input mode
INFO: Configuring SX1250_1 in single input mode
INFO: using legacy timestamp
ARB: dual demodulation disabled for all SF
INFO: no temperature sensor found on port 0x39
INFO: no temperature sensor found on port 0x3B
INFO: no temperature sensor found on port 0x38
WARNING: no temperature sensor found (RAK2287) - continuing without, assuming 25C nominal
Waiting for packets...

----- LoRa packet -----
  count_us: 1709912058
  size:     128
  chan:     3
  status:   0x10
  datr:     9
  codr:     1
  rf_chain  0
  freq_hz   903900000
  snr_avg:  10.8
  rssi_chan:198.0
  rssi_sig :198.0
  crc:      0x90E5
C5 25 B1 72 44 83 40 CA 1C 78 0F FB 74 24 E5 94 F6 99 F6 4E D4 C8 CB 3D 15 02 9E 3F 8B 9D 5C 29 5B AC CE 1C 26 C1 6B 66 F9 2A F8 9C 3F 4E 97 B2 41 A4 5E 53 1F 67 BF 66 5A 13 25 B5 24 A0 A1 10 4A F4 8A 72 8F 8C BA E3 89 88 A3 9C 71 10 C1 78 D9 15 A2 A1 89 9F 79 54 19 03 6E 75 72 A9 5E 25 4A A6 60 CE AA 98 7C DA 5B ED 9C 4C 4D 97 DA 4F 07 76 43 97 5E A3 83 91 A2 E9 61 85 D0 B8 87 89 
Received 1 packets (total:1)

----- LoRa packet -----
  count_us: 1726692941
  size:     128
  chan:     3
  status:   0x10
  datr:     9
  codr:     1
  rf_chain  0
  freq_hz   903900000
  snr_avg:  11.8
  rssi_chan:198.0
  rssi_sig :198.0
  crc:      0x90E5
C5 25 B1 72 44 83 40 CA 1C 78 0F FB 74 24 E5 94 F6 99 F6 4E D4 C8 CB 3D 15 02 9E 3F 8B 9D 5C 29 5B AC CE 1C 26 C1 6B 66 F9 2A F8 9C 3F 4E 97 B2 41 A4 5E 53 1F 67 BF 66 5A 13 25 B5 24 A0 A1 10 4A F4 8A 72 8F 8C BA E3 89 88 A3 9C 71 10 C1 78 D9 15 A2 A1 89 9F 79 54 19 03 6E 75 72 A9 5E 25 4A A6 60 CE AA 98 7C DA 5B ED 9C 4C 4D 97 DA 4F 07 76 43 97 5E A3 83 91 A2 E9 61 85 D0 B8 87 89 
Received 1 packets (total:2)

----- LoRa packet -----
  count_us: 1743480780
  size:     128
  chan:     3
  status:   0x10
  datr:     9
  codr:     1
  rf_chain  0
  freq_hz   903900000
  snr_avg:  11.5
  rssi_chan:198.0
  rssi_sig :198.0
  crc:      0x90E5
C5 25 B1 72 44 83 40 CA 1C 78 0F FB 74 24 E5 94 F6 99 F6 4E D4 C8 CB 3D 15 02 9E 3F 8B 9D 5C 29 5B AC CE 1C 26 C1 6B 66 F9 2A F8 9C 3F 4E 97 B2 41 A4 5E 53 1F 67 BF 66 5A 13 25 B5 24 A0 A1 10 4A F4 8A 72 8F 8C BA E3 89 88 A3 9C 71 10 C1 78 D9 15 A2 A1 89 9F 79 54 19 03 6E 75 72 A9 5E 25 4A A6 60 CE AA 98 7C DA 5B ED 9C 4C 4D 97 DA 4F 07 76 43 97 5E A3 83 91 A2 E9 61 85 D0 B8 87 89 
Received 1 packets (total:3)

----- LoRa packet -----
  count_us: 1760249114
  size:     128
  chan:     3
  status:   0x10
  datr:     9
  codr:     1
  rf_chain  0
  freq_hz   903900000
  snr_avg:  10.8
  rssi_chan:198.0
  rssi_sig :198.0
  crc:      0x90E5
C5 25 B1 72 44 83 40 CA 1C 78 0F FB 74 24 E5 94 F6 99 F6 4E D4 C8 CB 3D 15 02 9E 3F 8B 9D 5C 29 5B AC CE 1C 26 C1 6B 66 F9 2A F8 9C 3F 4E 97 B2 41 A4 5E 53 1F 67 BF 66 5A 13 25 B5 24 A0 A1 10 4A F4 8A 72 8F 8C BA E3 89 88 A3 9C 71 10 C1 78 D9 15 A2 A1 89 9F 79 54 19 03 6E 75 72 A9 5E 25 4A A6 60 CE AA 98 7C DA 5B ED 9C 4C 4D 97 DA 4F 07 76 43 97 5E A3 83 91 A2 E9 61 85 D0 B8 87 89 
Received 1 packets (total:4)

----- LoRa packet -----
  count_us: 1777020434
  size:     128
  chan:     3
  status:   0x10
  datr:     9
  codr:     1
  rf_chain  0
  freq_hz   903900000
  snr_avg:  11.0
  rssi_chan:198.0
  rssi_sig :198.0
  crc:      0x90E5
C5 25 B1 72 44 83 40 CA 1C 78 0F FB 74 24 E5 94 F6 99 F6 4E D4 C8 CB 3D 15 02 9E 3F 8B 9D 5C 29 5B AC CE 1C 26 C1 6B 66 F9 2A F8 9C 3F 4E 97 B2 41 A4 5E 53 1F 67 BF 66 5A 13 25 B5 24 A0 A1 10 4A F4 8A 72 8F 8C BA E3 89 88 A3 9C 71 10 C1 78 D9 15 A2 A1 89 9F 79 54 19 03 6E 75 72 A9 5E 25 4A A6 60 CE AA 98 7C DA 5B ED 9C 4C 4D 97 DA 4F 07 76 43 97 5E A3 83 91 A2 E9 61 85 D0 B8 87 89 
Received 1 packets (total:5)

----- LoRa packet -----
  count_us: 2191884367
  size:     128
  chan:     3
  status:   0x10
  datr:     9
  codr:     1
  rf_chain  0
  freq_hz   903900000
  snr_avg:  10.8
  rssi_chan:198.0
  rssi_sig :198.0
  crc:      0xEF49
DC 65 86 1D 5D 86 6B 2B 3D 7D 95 32 5B 9A 74 25 FF 33 52 93 CD 58 D1 97 CF 2A 25 36 D0 51 B0 10 0C 9A 15 E0 02 23 39 93 E8 2C CB 22 DC 25 4C 6C CE 3A 2F 77 C6 E0 0D 94 22 84 00 9D 64 15 10 10 02 7A 7A 6D 6A B7 A9 0C D0 AE C7 93 60 CA C5 ED 0C 57 89 12 80 79 A0 43 EE 16 C6 F1 6C 28 2A AA 5A 03 FA 97 D4 26 D1 BB 1E 62 7C F3 62 FC 25 00 59 8B C4 1C 7E E2 58 49 DC 55 49 AC 7B CD 0B 13 
Received 1 packets (total:6)

----- LoRa packet -----
  count_us: 2208670037
  size:     128
  chan:     3
  status:   0x10
  datr:     9
  codr:     1
  rf_chain  0
  freq_hz   903900000
  snr_avg:  11.0
  rssi_chan:198.0
  rssi_sig :198.0
  crc:      0xEF49
DC 65 86 1D 5D 86 6B 2B 3D 7D 95 32 5B 9A 74 25 FF 33 52 93 CD 58 D1 97 CF 2A 25 36 D0 51 B0 10 0C 9A 15 E0 02 23 39 93 E8 2C CB 22 DC 25 4C 6C CE 3A 2F 77 C6 E0 0D 94 22 84 00 9D 64 15 10 10 02 7A 7A 6D 6A B7 A9 0C D0 AE C7 93 60 CA C5 ED 0C 57 89 12 80 79 A0 43 EE 16 C6 F1 6C 28 2A AA 5A 03 FA 97 D4 26 D1 BB 1E 62 7C F3 62 FC 25 00 59 8B C4 1C 7E E2 58 49 DC 55 49 AC 7B CD 0B 13 
Received 1 packets (total:7)

----- LoRa packet -----
  count_us: 2225453054
  size:     128
  chan:     6
  status:   0x11
  datr:     9
  codr:     1
  rf_chain  0
  freq_hz   904500000
  snr_avg:  -10.8
  rssi_chan:140.0
  rssi_sig :131.0
  crc:      0xEF49
DC 65 23 19 55 86 08 A3 3D 7D 90 F7 5F 9A E4 25 EF 73 52 93 CB 50 D1 97 AC AA 65 36 E9 94 B8 10 1C 99 05 E2 02 23 FF 93 E8 1C A8 6B DC 2D 7C AA 46 3A 2F 24 4C E8 0D 94 4E 84 00 9D 64 16 10 10 02 7A 5A 6D 6A D6 EC 0C D0 9E C6 93 60 CA A4 AB 04 57 88 17 00 79 A0 23 EE 16 C6 C1 A9 24 22 AA 69 A3 FE 97 D4 B6 9B BB 1E 61 7C F3 62 CC 26 0A 51 8B C4 D0 7E EA 58 49 DE 55 49 AC ED 49 0B 13 

----- LoRa packet -----
  count_us: 2225453075
  size:     128
  chan:     3
  status:   0x10
  datr:     9
  codr:     1
  rf_chain  0
  freq_hz   903900000
  snr_avg:  10.8
  rssi_chan:198.0
  rssi_sig :198.0
  crc:      0xEF49
DC 65 86 1D 5D 86 6B 2B 3D 7D 95 32 5B 9A 74 25 FF 33 52 93 CD 58 D1 97 CF 2A 25 36 D0 51 B0 10 0C 9A 15 E0 02 23 39 93 E8 2C CB 22 DC 25 4C 6C CE 3A 2F 77 C6 E0 0D 94 22 84 00 9D 64 15 10 10 02 7A 7A 6D 6A B7 A9 0C D0 AE C7 93 60 CA C5 ED 0C 57 89 12 80 79 A0 43 EE 16 C6 F1 6C 28 2A AA 5A 03 FA 97 D4 26 D1 BB 1E 62 7C F3 62 FC 25 00 59 8B C4 1C 7E E2 58 49 DC 55 49 AC 7B CD 0B 13 
Received 2 packets (total:8)

----- LoRa packet -----
  count_us: 2242237520
  size:     128
  chan:     3
  status:   0x10
  datr:     9
  codr:     1
  rf_chain  0
  freq_hz   903900000
  snr_avg:  11.0
  rssi_chan:198.0
  rssi_sig :198.0
  crc:      0xEF49
DC 65 86 1D 5D 86 6B 2B 3D 7D 95 32 5B 9A 74 25 FF 33 52 93 CD 58 D1 97 CF 2A 25 36 D0 51 B0 10 0C 9A 15 E0 02 23 39 93 E8 2C CB 22 DC 25 4C 6C CE 3A 2F 77 C6 E0 0D 94 22 84 00 9D 64 15 10 10 02 7A 7A 6D 6A B7 A9 0C D0 AE C7 93 60 CA C5 ED 0C 57 89 12 80 79 A0 43 EE 16 C6 F1 6C 28 2A AA 5A 03 FA 97 D4 26 D1 BB 1E 62 7C F3 62 FC 25 00 59 8B C4 1C 7E E2 58 49 DC 55 49 AC 7B CD 0B 13 
Received 1 packets (total:9)

----- LoRa packet -----
  count_us: 2259031109
  size:     128
  chan:     3
  status:   0x10
  datr:     9
  codr:     1
  rf_chain  0
  freq_hz   903900000
  snr_avg:  11.8
  rssi_chan:198.0
  rssi_sig :198.0
  crc:      0xEF49
DC 65 86 1D 5D 86 6B 2B 3D 7D 95 32 5B 9A 74 25 FF 33 52 93 CD 58 D1 97 CF 2A 25 36 D0 51 B0 10 0C 9A 15 E0 02 23 39 93 E8 2C CB 22 DC 25 4C 6C CE 3A 2F 77 C6 E0 0D 94 22 84 00 9D 64 15 10 10 02 7A 7A 6D 6A B7 A9 0C D0 AE C7 93 60 CA C5 ED 0C 57 89 12 80 79 A0 43 EE 16 C6 F1 6C 28 2A AA 5A 03 FA 97 D4 26 D1 BB 1E 62 7C F3 62 FC 25 00 59 8B C4 1C 7E E2 58 49 DC 55 49 AC 7B CD 0B 13 
Received 1 packets (total:10)

Nb valid packets received: 10 CRC OK (1)
Closing SPI communication interface
[rak_gpio] stop: holder released, lines latched (HAT stays powered)
=========== Test End ===========
2026-10-10T14:03:48Z --- listener exit rc=124 (124 = window span complete) ---
2026-10-10T14:03:58Z --- bus free: running certification gate ---
2026-10-10T14:03:58Z LORA_CHIRP_RECOVERY_BEGIN role=node-b-rx spi=/dev/spidev0.0
2026-10-10T14:03:58Z RECOVERY_LOG=./lora_chirp_recovery_node-b-rx_20261010T140358Z.log
2026-10-10T14:03:58Z Stopping known gateway services so one process owns the concentrator
2026-10-10T14:03:58Z RUN: sudo systemctl stop helium-gateway
2026-10-10T14:03:58Z EXIT[5]: sudo systemctl stop helium-gateway
2026-10-10T14:03:58Z RUN: sudo systemctl is-active helium-gateway
2026-10-10T14:03:58Z EXIT[4]: sudo systemctl is-active helium-gateway
2026-10-10T14:03:58Z RUN: sudo systemctl stop packet-forwarder
2026-10-10T14:03:58Z EXIT[5]: sudo systemctl stop packet-forwarder
2026-10-10T14:03:58Z RUN: sudo systemctl is-active packet-forwarder
2026-10-10T14:03:58Z EXIT[4]: sudo systemctl is-active packet-forwarder
2026-10-10T14:03:59Z RUN: sudo systemctl stop lora_pkt_fwd
2026-10-10T14:03:59Z EXIT[5]: sudo systemctl stop lora_pkt_fwd
2026-10-10T14:03:59Z RUN: sudo systemctl is-active lora_pkt_fwd
2026-10-10T14:03:59Z EXIT[4]: sudo systemctl is-active lora_pkt_fwd
2026-10-10T14:03:59Z RUN: sudo systemctl stop lora-packet-forwarder
2026-10-10T14:03:59Z EXIT[5]: sudo systemctl stop lora-packet-forwarder
2026-10-10T14:03:59Z RUN: sudo systemctl is-active lora-packet-forwarder
2026-10-10T14:03:59Z EXIT[4]: sudo systemctl is-active lora-packet-forwarder
2026-10-10T14:03:59Z RUN: sudo systemctl stop sx1302_hal
2026-10-10T14:03:59Z EXIT[5]: sudo systemctl stop sx1302_hal
2026-10-10T14:03:59Z RUN: sudo systemctl is-active sx1302_hal
2026-10-10T14:03:59Z EXIT[4]: sudo systemctl is-active sx1302_hal
2026-10-10T14:03:59Z RUN: sudo systemctl stop chirpstack-gateway-bridge
2026-10-10T14:03:59Z EXIT[5]: sudo systemctl stop chirpstack-gateway-bridge
2026-10-10T14:03:59Z RUN: sudo systemctl is-active chirpstack-gateway-bridge
2026-10-10T14:03:59Z EXIT[4]: sudo systemctl is-active chirpstack-gateway-bridge
2026-10-10T14:03:59Z RUN: sudo systemctl stop miner
2026-10-10T14:03:59Z EXIT[5]: sudo systemctl stop miner
2026-10-10T14:03:59Z RUN: sudo systemctl is-active miner
2026-10-10T14:03:59Z EXIT[4]: sudo systemctl is-active miner
2026-10-10T14:03:59Z Using reset script: /home/researcher-bravo/sx1302_hal/libloragw/reset_lgw.sh
2026-10-10T14:03:59Z RUN: sudo ./reset_lgw.sh stop
2026-10-10T14:03:59Z EXIT[0]: sudo ./reset_lgw.sh stop
2026-10-10T14:04:00Z RUN: sudo ./reset_lgw.sh start
2026-10-10T14:04:04Z EXIT[0]: sudo ./reset_lgw.sh start
2026-10-10T14:04:04Z SPI device exists: /dev/spidev0.0
2026-10-10T14:04:04Z Trying concentrator verification tool: /home/researcher-bravo/sx1302_hal/util_chip_id/chip_id
2026-10-10T14:04:04Z RUN: sudo bash -c cd '/home/researcher-bravo/sx1302_hal/util_chip_id' && '/home/researcher-bravo/sx1302_hal/util_chip_id/chip_id' -d '/dev/spidev0.0' -r 1250 -k 0
2026-10-10T14:04:08Z EXIT[0]: sudo bash -c cd '/home/researcher-bravo/sx1302_hal/util_chip_id' && '/home/researcher-bravo/sx1302_hal/util_chip_id/chip_id' -d '/dev/spidev0.0' -r 1250 -k 0
2026-10-10T14:04:08Z LORA_CHIRP_RECOVERY_PASS=YES
2026-10-10T14:04:08Z LORA_CHIRP_RECOVERY_END role=node-b-rx
2026-10-10T14:04:08Z GATE PASS: ARMING listener window 2026-10-10T14:04:08Z -> +7200s (HOLD_FIRE — standby only)
===== sx1302 HAL RX test =====
INFO: rxpkt buffer size is set to 255
INFO: Select channel mode 0
[1] SX1302 reset: GPIO17 LOW -> HIGH 0.5s -> LOW ...
[2] SX1261 LBT: GPIO22 LOW 0.1s -> HIGH ...
[3] firmware-load wait 2.0s ...
--- probe[post-GPIO17-reset] ---
  version reg 0x0005 x10 : 00 00 00 00 00 00 00 00 00 00
  verdict: 0x00 = MISO stuck low / chip unpowered (Gate 2)
[holder] June-faithful GPIO17/GPIO22 reset sequence complete
[rak_gpio] holder on: READY (54077 on READY)
Opening SPI communication interface
Note: chip version is 0x10 (v1.0)
INFO: Configuring SX1250_0 in single input mode
INFO: Configuring SX1250_1 in single input mode
INFO: using legacy timestamp
ARB: dual demodulation disabled for all SF
INFO: no temperature sensor found on port 0x39
INFO: no temperature sensor found on port 0x3B
INFO: no temperature sensor found on port 0x38
WARNING: no temperature sensor found (RAK2287) - continuing without, assuming 25C nominal
Waiting for packets...
