[1] SX1302 reset: GPIO17 LOW -> HIGH 0.5s -> LOW ...
[2] SX1261 LBT: GPIO22 LOW 0.1s -> HIGH ...
[3] firmware-load wait 2.0s ...
--- probe[post-GPIO17-reset] ---
  version reg 0x0005 x10 : 00 00 00 00 00 00 00 00 00 00
  verdict: 0x00 = MISO stuck low / chip unpowered (Gate 2)
[holder] June-faithful GPIO17/GPIO22 reset sequence complete
[rak_gpio] holder on: READY (24807 on READY)
[rak_gpio] stop: holder released, lines latched (HAT stays powered)
[1] SX1302 reset: GPIO17 LOW -> HIGH 0.5s -> LOW ...
[2] SX1261 LBT: GPIO22 LOW 0.1s -> HIGH ...
[3] firmware-load wait 2.0s ...
--- probe[post-GPIO17-reset] ---
  version reg 0x0005 x10 : 00 00 00 00 00 00 00 00 00 00
  verdict: 0x00 = MISO stuck low / chip unpowered (Gate 2)
[holder] June-faithful GPIO17/GPIO22 reset sequence complete
[rak_gpio] holder on: READY (25806 on READY)
[rak_gpio] stop: holder released, lines latched (HAT stays powered)
[1] SX1302 reset: GPIO17 LOW -> HIGH 0.5s -> LOW ...
[2] SX1261 LBT: GPIO22 LOW 0.1s -> HIGH ...
[3] firmware-load wait 2.0s ...
--- probe[post-GPIO17-reset] ---
  version reg 0x0005 x10 : 00 00 00 00 00 00 00 00 00 00
  verdict: 0x00 = MISO stuck low / chip unpowered (Gate 2)
[holder] June-faithful GPIO17/GPIO22 reset sequence complete
[rak_gpio] holder on: READY (25987 on READY)
[rak_gpio] stop: holder released, lines latched (HAT stays powered)
[1] SX1302 reset: GPIO17 LOW -> HIGH 0.5s -> LOW ...
[2] SX1261 LBT: GPIO22 LOW 0.1s -> HIGH ...
[3] firmware-load wait 2.0s ...
--- probe[post-GPIO17-reset] ---
  version reg 0x0005 x10 : 00 00 00 00 00 00 00 00 00 00
  verdict: 0x00 = MISO stuck low / chip unpowered (Gate 2)
[holder] June-faithful GPIO17/GPIO22 reset sequence complete
[rak_gpio] holder on: READY (26003 on READY)
===== sx1302 HAL RX test =====
INFO: rxpkt buffer size is set to 255
INFO: Select channel mode 0
Opening SPI communication interface
Note: chip version is 0x10 (v1.0)
INFO: Configuring SX1250_0 in single input mode
INFO: Configuring SX1250_1 in single input mode
INFO: using legacy timestamp
ARB: dual demodulation disabled for all SF
INFO: no temperature sensor found on port 0x39
INFO: no temperature sensor found on port 0x3B
INFO: no temperature sensor found on port 0x38
WARNING: no temperature sensor found (RAK2287) - continuing without, assuming 25C nominal
Waiting for packets...

----- LoRa packet -----
  count_us: 753845334
  size:     23
  chan:     6
  status:   0x10
  datr:     10
  codr:     1
  rf_chain  0
  freq_hz   904500000
  snr_avg:  -14.0
  rssi_chan:83.0
  rssi_sig :70.0
  crc:      0xB2C5
00 A6 86 79 F4 66 EF 4E 6C 29 B7 41 06 15 E1 80 00 31 52 7D 19 2D 87 
Received 1 packets (total:1)

Nb valid packets received: 1 CRC OK (1)
Closing SPI communication interface
Opening SPI communication interface
Note: chip version is 0x10 (v1.0)
INFO: Configuring SX1250_0 in single input mode
INFO: Configuring SX1250_1 in single input mode
INFO: using legacy timestamp
ARB: dual demodulation disabled for all SF
INFO: no temperature sensor found on port 0x39
INFO: no temperature sensor found on port 0x3B
INFO: no temperature sensor found on port 0x38
WARNING: no temperature sensor found (RAK2287) - continuing without, assuming 25C nominal
Waiting for packets...

----- LoRa packet -----
  count_us: 45730063
  size:     240
  chan:     3
  status:   0x10
  datr:     9
  codr:     1
  rf_chain  0
  freq_hz   903900000
  snr_avg:  11.5
  rssi_chan:197.0
  rssi_sig :196.0
  crc:      0x3FD8
5A 4B 2D 4C 4F 52 41 2D 4D 31 2D 44 45 54 45 52 4D 49 4E 49 53 54 49 43 2D 50 41 59 4C 4F 41 44 7C 66 72 6F 6D 3D 41 47 45 4E 54 2D 41 38 35 45 43 30 39 41 40 7A 79 6D 61 74 69 63 61 2E 73 70 61 63 65 7C 70 72 6F 6F 66 5F 68 61 73 68 3D 61 39 66 35 63 32 38 62 62 37 63 31 31 62 31 61 39 34 63 32 38 65 65 62 34 30 36 32 34 38 32 36 7C 76 3D 31 86 8A 5B 6A 04 29 EF C4 59 B9 9D 32 4E 98 9F 95 45 4B D9 81 F2 81 7C 9B 49 8B C0 9B 5F 49 F2 B6 00 00 00 00 00 00 00 00 00 00 00 00 00 00 00 00 00 00 00 00 00 00 00 00 00 00 00 00 00 00 00 00 00 00 00 00 00 00 00 00 00 00 00 00 00 00 00 00 00 00 00 00 00 00 00 00 00 00 00 00 00 00 00 00 00 00 00 00 00 00 00 00 00 00 00 00 00 00 00 00 00 00 00 00 00 00 00 00 00 00 00 00 00 
Received 1 packets (total:1)

Nb valid packets received: 1 CRC OK (2)
Closing SPI communication interface
Opening SPI communication interface
Note: chip version is 0x10 (v1.0)
INFO: Configuring SX1250_0 in single input mode
INFO: Configuring SX1250_1 in single input mode
INFO: using legacy timestamp
ARB: dual demodulation disabled for all SF
INFO: no temperature sensor found on port 0x39
INFO: no temperature sensor found on port 0x3B
INFO: no temperature sensor found on port 0x38
WARNING: no temperature sensor found (RAK2287) - continuing without, assuming 25C nominal
Waiting for packets...

----- LoRa packet -----
  count_us: 3689616
  size:     240
  chan:     3
  status:   0x10
  datr:     9
  codr:     1
  rf_chain  0
  freq_hz   903900000
  snr_avg:  11.5
  rssi_chan:197.0
  rssi_sig :196.0
  crc:      0x3FD8
5A 4B 2D 4C 4F 52 41 2D 4D 31 2D 44 45 54 45 52 4D 49 4E 49 53 54 49 43 2D 50 41 59 4C 4F 41 44 7C 66 72 6F 6D 3D 41 47 45 4E 54 2D 41 38 35 45 43 30 39 41 40 7A 79 6D 61 74 69 63 61 2E 73 70 61 63 65 7C 70 72 6F 6F 66 5F 68 61 73 68 3D 61 39 66 35 63 32 38 62 62 37 63 31 31 62 31 61 39 34 63 32 38 65 65 62 34 30 36 32 34 38 32 36 7C 76 3D 31 86 8A 5B 6A 04 29 EF C4 59 B9 9D 32 4E 98 9F 95 45 4B D9 81 F2 81 7C 9B 49 8B C0 9B 5F 49 F2 B6 00 00 00 00 00 00 00 00 00 00 00 00 00 00 00 00 00 00 00 00 00 00 00 00 00 00 00 00 00 00 00 00 00 00 00 00 00 00 00 00 00 00 00 00 00 00 00 00 00 00 00 00 00 00 00 00 00 00 00 00 00 00 00 00 00 00 00 00 00 00 00 00 00 00 00 00 00 00 00 00 00 00 00 00 00 00 00 00 00 00 00 00 00 
Received 1 packets (total:1)

Nb valid packets received: 1 CRC OK (3)
Closing SPI communication interface
Opening[rak_gpio] stop: holder released, lines latched (HAT stays powered)
[1] SX1302 reset: GPIO17 LOW -> HIGH 0.5s -> LOW ...
[2] SX1261 LBT: GPIO22 LOW 0.1s -> HIGH ...
[3] firmware-load wait 2.0s ...
--- probe[post-GPIO17-reset] ---
  version reg 0x0005 x10 : 00 00 00 00 00 00 00 00 00 00
  verdict: 0x00 = MISO stuck low / chip unpowered (Gate 2)
[holder] June-faithful GPIO17/GPIO22 reset sequence complete
[rak_gpio] holder on: READY (26635 on READY)
[rak_gpio] stop: holder released, lines latched (HAT stays powered)
[1] SX1302 reset: GPIO17 LOW -> HIGH 0.5s -> LOW ...
[2] SX1261 LBT: GPIO22 LOW 0.1s -> HIGH ...
[3] firmware-load wait 2.0s ...
--- probe[post-GPIO17-reset] ---
  version reg 0x0005 x10 : 00 00 00 00 00 00 00 00 00 00
  verdict: 0x00 = MISO stuck low / chip unpowered (Gate 2)
[holder] June-faithful GPIO17/GPIO22 reset sequence complete
[rak_gpio] holder on: READY (27035 on READY)
[rak_gpio] stop: holder released, lines latched (HAT stays powered)
 SPI communication interface
Note: chip version is 0x10 (v1.0)
INFO: Configuring SX1250_0 in single input mode
INFO: Configuring SX1250_1 in single input mode
INFO: using legacy timestamp
ARB: dual demodulation disabled for all SF
INFO: no temperature sensor found on port 0x39
INFO: no temperature sensor found on port 0x3B
INFO: no temperature sensor found on port 0x38
WARNING: no temperature sensor found (RAK2287) - continuing without, assuming 25C nominal
Waiting for packets...

----- LoRa packet -----
  count_us: 325382278
  size:     23
  chan:     4
  status:   0x10
  datr:     10
  codr:     1
  rf_chain  0
  freq_hz   904100000
  snr_avg:  -13.2
  rssi_chan:83.0
  rssi_sig :70.0
  crc:      0x6FBD
00 A6 86 79 F4 66 EF 4E 6C 29 B7 41 06 15 E1 80 00 1D F4 0E 50 03 58 
Received 1 packets (total:1)

Nb valid packets received: 1 CRC OK (4)
Closing SPI communication interface
Opening SPI communication interface
Note: chip version is 0x10 (v1.0)
INFO: Configuring SX1250_0 in single input mode
INFO: Configuring SX1250_1 in single input mode
INFO: using legacy timestamp
ARB: dual demodulation disabled for all SF
INFO: no temperature sensor found on port 0x39
INFO: no temperature sensor found on port 0x3B
INFO: no temperature sensor found on port 0x38
WARNING: no temperature sensor found (RAK2287) - continuing without, assuming 25C nominal
Waiting for packets...

----- LoRa packet -----
  count_us: 264982261
  size:     23
  chan:     3
  status:   0x10
  datr:     10
  codr:     1
  rf_chain  0
  freq_hz   903900000
  snr_avg:  -14.2
  rssi_chan:83.0
  rssi_sig :69.0
  crc:      0xE583
00 A6 86 79 F4 66 EF 4E 6C 29 B7 41 06 15 E1 80 00 EF 11 8F 61 BE 59 
Received 1 packets (total:1)

Nb valid packets received: 1 CRC OK (5)
Closing SPI communication interface
Opening SPI communication interface
Note: chip version is 0x10 (v1.0)
INFO: Configuring SX1250_0 in single input mode
INFO: Configuring SX1250_1 in single input mode
INFO: using legacy timestamp
ARB: dual demodulation disabled for all SF
INFO: no temperature sensor found on port 0x39
INFO: no temperature sensor found on port 0x3B
INFO: no temperature sensor found on port 0x38
WARNING: no temperature sensor found (RAK2287) - continuing without, assuming 25C nominal
Waiting for packets...

Nb valid packets received: 0 CRC OK (6)
Closing SPI communication interface
=========== Test End ===========
