  captured proof: 128 bytes from groth16_ota_20261009T1600Z_cycle69
  proof SHA256: edac7acc9b54598715d8d9ac76dd436dfa2ca96736fdcf7b3f00ac5c2b33ca41
  coords (proof payload[0:6]): [0xf1, 0x7, 0x9e, 0x15, 0x9a, 0x18]
  authority: 14aTW9ypTLuQPTUfes8aExkn6dG2ESsHUYuhpvziaMa3
  balance before: 5.95652668 SOL
  session_id : edac7acc9b545987 (= proof SHA[0:16] hex)
  merkleRoot: edac7acc9b54598715d8d9ac76dd436dfa2ca96736fdcf7b3f00ac5c2b33ca41 (= captured proof SHA256)
  record PDA: FNzipP7TZu4TY5xPVMSUWdnkgbsjDfTi5gKiNLQnYghz
  ✅ REGISTER TX: 23wB43eTGfj77Puf9wVLW1ZvEjWZz8J1cRHdxzCB8WDKUpsNatc7SC91tzSsDqLwvFoABBTurUT3SVnST2jD69XQ
     https://explorer.solana.com/tx/23wB43eTGfj77Puf9wVLW1ZvEjWZz8J1cRHdxzCB8WDKUpsNatc7SC91tzSsDqLwvFoABBTurUT3SVnST2jD69XQ?cluster=devnet
  on-chain record: coords=[241,7,158,21,154,24] root=edac7acc9b545987… ts=2026-10-09T15:57:32.000Z
  treasury delta: 100000 lamports
  balance after: 5.9552482 SOL

TEST_RUN_UTC=2026-10-09T15:57:33.298Z
NODE=RakMiner-B (Researcher Bravo, Agent 05)
WALLET=14aTW9ypTLuQPTUfes8aExkn6dG2ESsHUYuhpvziaMa3
SETTLED_TRANSFER=cycle-69 OTA Groth16 proof edac7acc (window seq1017/377, watcher-hot-path, declare->fire 80 s, fired 15:30:57Z, pre-wrap)
CAPTURE_META=cycle-69 watcher-hot-path burst: 5/5 CRC-OK 128B @ 903.9MHz SF9, SNR +10.5..+11.5 dB, window bus seq 1017 (B)/377 (A), declare->fire 80 s, fired 15:30:57Z, pre-wrap branch, listener pid 196418
PROOF_PAYLOAD_SHA256=edac7acc9b54598715d8d9ac76dd436dfa2ca96736fdcf7b3f00ac5c2b33ca41
GROTH16_PAIRING_VERIFIED=YES - T12 battery 2026-10-09T16:15:00Z: primary key-31 edac7acc VALID 142.1s + same-class control c2855891 (key-31, c-65) VALID + diff-class control 5aeabe09 (key-32, c-61) VALID, guards unchanged, SHA GATE 64/64
SESSION_ID=edac7acc9b545987
COORDS_REGISTERED=[241, 7, 158, 21, 154, 24] (= proof payload bytes 0..5)
MERKLE_ROOT=edac7acc9b54598715d8d9ac76dd436dfa2ca96736fdcf7b3f00ac5c2b33ca41 (= proof payload SHA256)
RECORD_PDA=FNzipP7TZu4TY5xPVMSUWdnkgbsjDfTi5gKiNLQnYghz
REGISTER_TX=23wB43eTGfj77Puf9wVLW1ZvEjWZz8J1cRHdxzCB8WDKUpsNatc7SC91tzSsDqLwvFoABBTurUT3SVnST2jD69XQ
REGISTER_TX_URL=https://explorer.solana.com/tx/23wB43eTGfj77Puf9wVLW1ZvEjWZz8J1cRHdxzCB8WDKUpsNatc7SC91tzSsDqLwvFoABBTurUT3SVnST2jD69XQ?cluster=devnet
PROTOCOL_FEE_LAMPORTS=100000
BALANCE_BEFORE=5.95652668 SOL
BALANCE_AFTER=5.9552482 SOL
TESTS_PASSED=6
TESTS_FAILED=0
FAIL_DETAIL=none
GROTH16_OTA_SETTLED_ON_CHAIN=YES
ZK_RF_TO_CHAIN_LOOP_CLOSED=YES
