Waiting for packets...

----- LoRa packet -----
  count_us: 76691691
  size:     23
  chan:     6
  status:   0x11
  datr:     10
  codr:     1
  rf_chain  0
  freq_hz   904500000
  snr_avg:  -18.8
  rssi_chan:83.0
  rssi_sig :65.0
  crc:      0x8517
00 A6 8E 79 F4 66 E7 4E 6C 29 B7 41 06 15 E1 80 C0 2A 2F 19 61 4D FC 
Received 1 packets (total:0)

----- LoRa packet -----
  count_us: 346536989
  size:     23
  chan:     7
  status:   0x11
  datr:     10
  codr:     1
  rf_chain  0
  freq_hz   904700000
  snr_avg:  -17.0
  rssi_chan:82.0
  rssi_sig :67.0
  crc:      0xCC28
00 06 0E 53 5C 6E E7 4E 6C 29 B7 41 06 15 E1 80 00 DD 22 12 BF 8E 82 
Received 1 packets (total:0)

----- LoRa packet -----
  count_us: 2071856401
  size:     128
  chan:     3
  status:   0x10
  datr:     9
  codr:     1
  rf_chain  0
  freq_hz   903900000
  snr_avg:  10.2
  rssi_chan:148.0
  rssi_sig :147.0
  crc:      0x4EFA
4E 9E AB 45 0B 6C 36 58 EC EE ED 4B 70 F4 4B AC 4F 94 B4 E9 98 29 12 4D D2 FE D8 22 87 56 D3 88 19 92 D8 FB AC 3F 68 35 69 C6 01 3C EF 4E 77 C7 62 39 6A 62 49 47 B5 62 E7 AE 61 7A E8 66 47 2E 8B A3 8A 0A 6C CE 62 17 B2 1E 6E 69 D3 02 06 74 55 68 B7 A2 D7 4A 73 60 73 1C 72 A4 93 6E 17 AA 62 86 FC 10 BD EA 83 91 53 26 5C 20 04 5B EC 6E 1C FE AB C0 E1 D9 E9 67 79 FA F1 5C A5 D6 17 23 

----- LoRa packet -----
  count_us: 2071856417
  size:     128
  chan:     5
  status:   0x11
  datr:     9
  codr:     1
  rf_chain  0
  freq_hz   904300000
  snr_avg:  -10.8
  rssi_chan:95.0
  rssi_sig :86.0
  crc:      0x0DFF
4E AE FB 49 0B 6C 06 54 C8 EE ED 48 F0 F4 4F AF 93 14 B4 D9 FE 24 1E 4D E1 52 DC 2A B7 35 D3 88 19 91 14 F1 AC 3F 08 75 69 C6 01 3C EF 4E 77 C7 6A 39 6A 62 D9 47 B5 62 87 AE 64 7A E8 66 47 2E 8B A3 86 0A 6C FD 64 57 B2 2E 6E E5 E3 0A 65 D4 DD 68 B7 C1 57 4A 73 09 7F 18 72 A4 90 E2 17 AA 32 C0 F4 10 BD 8F 8B 99 53 46 55 24 04 5B 29 6C 1C FE A8 D6 E1 D9 8A C7 F1 DA A1 3F EA D6 17 23 
Received 2 packets (total:1)

----- LoRa packet -----
  count_us: 2088636992
  size:     128
  chan:     3
  status:   0x10
  datr:     9
  codr:     1
  rf_chain  0
  freq_hz   903900000
  snr_avg:  11.2
  rssi_chan:148.0
  rssi_sig :148.0
  crc:      0x4EFA
4E 9E AB 45 0B 6C 36 58 EC EE ED 4B 70 F4 4B AC 4F 94 B4 E9 98 29 12 4D D2 FE D8 22 87 56 D3 88 19 92 D8 FB AC 3F 68 35 69 C6 01 3C EF 4E 77 C7 62 39 6A 62 49 47 B5 62 E7 AE 61 7A E8 66 47 2E 8B A3 8A 0A 6C CE 62 17 B2 1E 6E 69 D3 02 06 74 55 68 B7 A2 D7 4A 73 60 73 1C 72 A4 93 6E 17 AA 62 86 FC 10 BD EA 83 91 53 26 5C 20 04 5B EC 6E 1C FE AB C0 E1 D9 E9 67 79 FA F1 5C A5 D6 17 23 
Received 1 packets (total:2)

----- LoRa packet -----
  count_us: 2105423421
  size:     128
  chan:     3
  status:   0x10
  datr:     9
  codr:     1
  rf_chain  0
  freq_hz   903900000
  snr_avg:  10.2
  rssi_chan:148.0
  rssi_sig :147.0
  crc:      0x4EFA
4E 9E AB 45 0B 6C 36 58 EC EE ED 4B 70 F4 4B AC 4F 94 B4 E9 98 29 12 4D D2 FE D8 22 87 56 D3 88 19 92 D8 FB AC 3F 68 35 69 C6 01 3C EF 4E 77 C7 62 39 6A 62 49 47 B5 62 E7 AE 61 7A E8 66 47 2E 8B A3 8A 0A 6C CE 62 17 B2 1E 6E 69 D3 02 06 74 55 68 B7 A2 D7 4A 73 60 73 1C 72 A4 93 6E 17 AA 62 86 FC 10 BD EA 83 91 53 26 5C 20 04 5B EC 6E 1C FE AB C0 E1 D9 E9 67 79 FA F1 5C A5 D6 17 23 
Received 1 packets (total:3)

----- LoRa packet -----
  count_us: 2122208851
  size:     128
  chan:     3
  status:   0x10
  datr:     9
  codr:     1
  rf_chain  0
  freq_hz   903900000
  snr_avg:  11.0
  rssi_chan:148.0
  rssi_sig :148.0
  crc:      0x4EFA
4E 9E AB 45 0B 6C 36 58 EC EE ED 4B 70 F4 4B AC 4F 94 B4 E9 98 29 12 4D D2 FE D8 22 87 56 D3 88 19 92 D8 FB AC 3F 68 35 69 C6 01 3C EF 4E 77 C7 62 39 6A 62 49 47 B5 62 E7 AE 61 7A E8 66 47 2E 8B A3 8A 0A 6C CE 62 17 B2 1E 6E 69 D3 02 06 74 55 68 B7 A2 D7 4A 73 60 73 1C 72 A4 93 6E 17 AA 62 86 FC 10 BD EA 83 91 53 26 5C 20 04 5B EC 6E 1C FE AB C0 E1 D9 E9 67 79 FA F1 5C A5 D6 17 23 
Received 1 packets (total:4)

----- LoRa packet -----
  count_us: 2138992152
  size:     128
  chan:     3
  status:   0x10
  datr:     9
  codr:     1
  rf_chain  0
  freq_hz   903900000
  snr_avg:  10.8
  rssi_chan:148.0
  rssi_sig :147.0
  crc:      0x4EFA
4E 9E AB 45 0B 6C 36 58 EC EE ED 4B 70 F4 4B AC 4F 94 B4 E9 98 29 12 4D D2 FE D8 22 87 56 D3 88 19 92 D8 FB AC 3F 68 35 69 C6 01 3C EF 4E 77 C7 62 39 6A 62 49 47 B5 62 E7 AE 61 7A E8 66 47 2E 8B A3 8A 0A 6C CE 62 17 B2 1E 6E 69 D3 02 06 74 55 68 B7 A2 D7 4A 73 60 73 1C 72 A4 93 6E 17 AA 62 86 FC 10 BD EA 83 91 53 26 5C 20 04 5B EC 6E 1C FE AB C0 E1 D9 E9 67 79 FA F1 5C A5 D6 17 23 
Received 1 packets (total:5)
