
----- LoRa packet -----
  count_us: 4052739817
  size:     23
  chan:     4
  status:   0x10
  datr:     10
  codr:     1
  rf_chain  0
  freq_hz   904100000
  snr_avg:  -13.0
  rssi_chan:83.0
  rssi_sig :71.0
  crc:      0x77B2
00 A6 86 79 F4 66 EF 4E 6C 29 B7 41 06 15 E1 80 00 C5 9D 70 0C 83 42 
Received 1 packets (total:7)

----- LoRa packet -----
  count_us: 27615979
  size:     23
  chan:     3
  status:   0x10
  datr:     10
  codr:     1
  rf_chain  0
  freq_hz   903900000
  snr_avg:  -14.0
  rssi_chan:83.0
  rssi_sig :69.0
  crc:      0x491C
00 A6 86 79 F4 66 EF 4E 6C 29 B7 41 06 15 E1 80 00 CC D4 42 38 D8 87 
Received 1 packets (total:8)

----- LoRa packet -----
  count_us: 270542548
  size:     234
  chan:     6
  status:   0x11
  datr:     9
  codr:     1
  rf_chain  0
  freq_hz   904500000
  snr_avg:  -11.8
  rssi_chan:140.0
  rssi_sig :131.0
  crc:      0x2627
5A 7C 37 D4 01 00 0D 4E 99 F6 A2 3C 33 DA 02 39 52 69 D1 1A B1 E3 3E 62 FF 40 35 EC 9F 73 C8 BD 16 E6 D1 64 84 0F C8 28 09 22 53 83 6C D1 D5 91 45 65 EC FB E2 A7 46 CE 96 72 5F BA D2 7B 3F FC F8 CA 04 7A D6 BA 2B 9B C5 6A 22 33 B3 DA 3F 01 53 5B 4E DD 2C 6C 2C DD D1 B0 BE 36 98 CF 81 48 04 2B 45 67 94 C6 22 36 E5 CB 79 9A 9A 5F F9 42 FA EE 6E 2C D1 F3 63 8E 65 B0 61 D7 64 66 9E 2D 23 29 62 35 19 7C 35 BE 43 53 6F 3A 72 8D 51 B5 55 DE 51 5B FF 3C 7C 6F A5 4A 4D 4F CC 67 F6 DA 4D 92 A3 78 B1 41 01 43 18 E1 54 49 C2 1F AF E1 54 2C 16 89 46 52 E7 78 10 12 38 A1 B9 27 FD 7D 4A D2 0F 97 28 9E 9A 06 4B E4 5C C8 9D A1 E7 59 93 E2 37 12 4A C5 6C A7 D9 13 E9 A4 F0 3A 97 A9 E3 BC E7 BB CD B5 BE 32 0D AC 

----- LoRa packet -----
  count_us: 270542581
  size:     234
  chan:     3
  status:   0x10
  datr:     9
  codr:     1
  rf_chain  0
  freq_hz   903900000
  snr_avg:  11.5
  rssi_chan:197.0
  rssi_sig :196.0
  crc:      0x162B
5A 4C 31 50 01 00 6E C4 99 F6 92 F9 31 DA 02 59 52 69 D1 13 B7 EB 3E 62 9F 0C 35 EC 9F 73 C8 BD 16 A5 51 64 84 3F CE A8 09 22 53 03 6E D1 D5 51 47 65 EC 98 6D A7 46 CE 00 7E 55 BA 8B 5D 3B FC F8 CA 84 7E D6 B9 87 93 C5 5A 41 33 B3 DA 3F 81 53 5B 4E BD 6C 6C 2C DD D1 B0 BE 36 98 CF 81 48 04 2B 45 67 94 C6 22 36 E5 FB F5 92 9A 5F F9 4E F2 EE 5E 2A D1 F3 63 8D EF B0 61 B7 68 68 9E 1D 20 27 62 35 7A B9 37 B6 4A 55 67 3C 72 DE 54 BD 55 EE 54 DB FF 3C 7C 63 A5 4A 4D 89 CA 67 F7 BA 57 92 A3 48 21 51 0D 43 28 68 58 49 F2 BC 23 E1 54 79 BA 01 46 62 B4 F4 1C 42 6B 4D F1 07 FD 7B DE D8 0F C4 54 12 9A 36 EE 40 5C CC FD E8 E3 51 93 E7 B9 12 4A 95 A6 E7 D9 2A E9 26 F0 6A F7 86 EB BC 47 7E 65 B4 BE 51 87 A6 
Received 2 packets (total:9)

----- LoRa packet -----
  count_us: 567306440
  size:     23
  chan:     6
  status:   0x11
  datr:     10
  codr:     1
  rf_chain  0
  freq_hz   904500000
  snr_avg:  -14.5
  rssi_chan:86.0
  rssi_sig :71.0
  crc:      0x803D
00 96 70 EA 6D 3A E9 4E 6C 29 B7 41 06 15 E1 80 60 5B E6 15 A2 39 62 
Received 1 packets (total:9)

----- LoRa packet -----
  count_us: 837151730
  size:     23
  chan:     7
  status:   0x10
  datr:     10
  codr:     1
  rf_chain  0
  freq_hz   904700000
  snr_avg:  -14.0
  rssi_chan:83.0
  rssi_sig :70.0
  crc:      0x5468
00 A6 86 79 F4 66 EF 4E 6C 29 B7 41 06 15 E1 80 00 59 CB 24 86 37 E2 
Received 1 packets (total:10)

----- LoRa packet -----
  count_us: 1316876529
  size:     23
  chan:     6
  status:   0x10
  datr:     10
  codr:     1
  rf_chain  0
  freq_hz   904500000
  snr_avg:  -13.0
  rssi_chan:83.0
  rssi_sig :71.0
  crc:      0x4464
00 A6 86 79 F4 66 EF 4E 6C 29 B7 41 06 15 E1 80 00 30 8F 5B 23 B1 0E 
Received 1 packets (total:11)

----- LoRa packet -----
  count_us: 1586721828
  size:     23
  chan:     4
  status:   0x10
  datr:     10
  codr:     1
  rf_chain  0
  freq_hz   904100000
  snr_avg:  -13.8
  rssi_chan:83.0
  rssi_sig :70.0
  crc:      0x0DC5
00 A6 86 79 F4 66 EF 4E 6C 29 B7 41 06 15 E1 80 00 54 0A 3B A1 01 C6 
Received 1 packets (total:12)

----- LoRa packet -----
  count_us: 1856566289
  size:     23
  chan:     5
  status:   0x10
  datr:     10
  codr:     1
  rf_chain  0
  freq_hz   904300000
  snr_avg:  -16.0
  rssi_chan:86.0
  rssi_sig :72.0
  crc:      0x5322
00 A6 86 79 F4 66 EF 4E 6C 29 B7 41 06 15 E1 80 00 68 E3 24 ED 98 5F 
Received 1 packets (total:13)

----- LoRa packet -----
  count_us: 2396257469
  size:     23
  chan:     3
  status:   0x10
  datr:     10
  codr:     1
  rf_chain  0
  freq_hz   903900000
  snr_avg:  -14.2
  rssi_chan:83.0
  rssi_sig :69.0
  crc:      0xF05F
00 A6 86 79 F4 66 EF 4E 6C 29 B7 41 06 15 E1 80 00 EA 41 CD 1A ED 5C 
Received 1 packets (total:14)

Nb valid packets received: 14 CRC OK (1)
Closing SPI communication interface
[rak_gpio] stop: holder released, lines latched (HAT stays powered)
=========== Test End ===========
