===== sx1302 HAL RX test =====
INFO: rxpkt buffer size is set to 255
INFO: Select channel mode 0
[1] SX1302 reset: GPIO17 LOW -> HIGH 0.5s -> LOW ...
[2] SX1261 LBT: GPIO22 LOW 0.1s -> HIGH ...
[3] firmware-load wait 2.0s ...
--- probe[post-GPIO17-reset] ---
  version reg 0x0005 x10 : 00 00 00 00 00 00 00 00 00 00
  verdict: 0x00 = MISO stuck low / chip unpowered (Gate 2)
[holder] June-faithful GPIO17/GPIO22 reset sequence complete
[rak_gpio] holder on: READY (25585 on READY)
Opening SPI communication interface
Note: chip version is 0x10 (v1.0)
INFO: Configuring SX1250_0 in single input mode
INFO: Configuring SX1250_1 in single input mode
INFO: using legacy timestamp
ARB: dual demodulation disabled for all SF
INFO: no temperature sensor found on port 0x39
INFO: no temperature sensor found on port 0x3B
INFO: no temperature sensor found on port 0x38
WARNING: no temperature sensor found (RAK2287) - continuing without, assuming 25C nominal
Waiting for packets...

----- LoRa packet -----
  count_us: 729415670
  size:     255
  chan:     3
  status:   0x10
  datr:     9
  codr:     1
  rf_chain  0
  freq_hz   903900000
  snr_avg:  11.5
  rssi_chan:197.0
  rssi_sig :196.0
  crc:      0xD019
BB 00 01 C8 62 C0 F7 24 6D 5D D6 8F 7E D8 90 C5 1A 29 0C 0B EC 96 2A 10 C5 96 41 8E 40 97 F6 E1 86 2C A4 5C 70 CF 75 91 EE E9 C7 2D 46 A2 AB D6 17 A3 4F D2 42 26 6D 32 5D 0D 80 DC 37 CE F2 18 7D 5A 11 D7 FF 92 E6 BE 6D E9 0E D5 6E 84 03 3F 07 3B 84 0C 13 21 1C 8C 3F D4 FB 13 C0 BC 46 CA C6 8B 72 67 0F 5C 6C C6 79 3A 0B 4A 15 90 18 F6 1C 71 A0 8D 4F 5F 0E B5 7C F1 B8 F2 7E CF 2A 31 34 58 85 55 67 07 DF 92 59 CB 8C 72 9D 9E 2B 2C 27 08 F8 BF 61 A6 77 63 9D 9F F3 37 68 8E 61 03 C4 C3 CB FD DE 48 65 1D 93 1F 28 82 EB 00 DD C4 C8 58 8F E3 66 2F C6 B1 98 7E 4B 2C F0 98 91 5F 78 48 9D B9 7A B0 88 35 D8 75 78 8C B7 37 12 FE 6B 28 D7 9D 8F 3B 12 92 F8 E1 60 04 1F E2 BD 4A 09 0E EA F0 4D E5 03 F5 EE E0 E5 BF D0 B9 70 3A B4 E9 10 65 A7 74 AD 8F 62 26 E9 48 21 CF E9 
Received 1 packets (total:1)

----- LoRa packet -----
  count_us: 754986997
  size:     255
  chan:     3
  status:   0x10
  datr:     9
  codr:     1
  rf_chain  0
  freq_hz   903900000
  snr_avg:  11.2
  rssi_chan:197.0
  rssi_sig :196.0
  crc:      0x03A5
BB 00 03 22 B8 46 A0 B5 4A 54 2C 12 43 23 41 18 CC 1B 6C F9 BC 7A 1C 98 78 11 E8 C0 72 09 E2 57 AD C2 DA 54 26 60 29 39 EA 09 40 2B DB E7 F8 0C 7D 95 4B 60 1F C0 C7 D8 ED 29 83 51 3D 4E F8 5D 58 66 BB D2 5D 05 31 E7 40 DB 75 7A C4 6F E2 76 19 B3 3D D2 27 4C C9 05 F3 3E 8F 1B 4C 4E 72 A1 90 37 9A 52 B9 83 3A B0 B4 14 27 40 5F 8A 96 C9 C9 BD 10 B1 D3 D1 05 CF 96 98 63 FB 90 A8 4E E7 D9 4D 18 F7 04 C9 02 D1 29 EE 83 31 EC 23 27 E4 21 A6 6E 88 F9 8E 8D EA 6C 0C E6 F5 61 0A F2 BA 63 91 41 BB BA 13 F3 97 93 DB E2 B5 D8 55 72 F4 80 BC CA DE 04 70 47 8F 19 24 F7 96 43 FB 12 62 3D C1 9D B5 33 F3 A2 04 E1 65 DE 10 2B 6F A5 B2 52 67 0F B3 D0 15 7F 46 4C A2 1D 51 83 CE 58 79 C3 67 36 9F B0 0E 1F 44 08 3D F2 A1 8B 0B 5E 08 87 B1 86 52 F2 57 E8 01 C1 B8 67 6E 9A B5 13 
Received 1 packets (total:2)

----- LoRa packet -----
  count_us: 767776362
  size:     255
  chan:     3
  status:   0x10
  datr:     9
  codr:     1
  rf_chain  0
  freq_hz   903900000
  snr_avg:  11.5
  rssi_chan:197.0
  rssi_sig :196.0
  crc:      0x027D
BB 00 04 DE DF 28 64 3C AD 76 AF 12 1A D3 26 BB 33 AB DE E6 3A 1D 74 FA 38 62 B6 A8 E0 23 C3 5A 39 4A 27 27 3D 27 67 03 19 B1 8B 89 D4 E7 C8 44 F2 9E 58 C8 D2 18 67 8A FB CE B7 89 F2 48 84 D0 A1 2A 63 A1 B8 97 79 44 DC 11 00 76 E7 CB B6 16 5E 25 CE D2 64 4A 58 9E B6 46 1E 4C 07 AC E0 D3 DD 30 FF 55 08 12 93 0D 6A 01 17 63 86 BF B0 BA FC DF 4B 94 D3 FA 5E 0C F3 52 90 16 27 FA 97 BE 26 DC 0E 4D 4A 8F B0 C6 27 33 EF E3 36 42 76 13 D8 11 9C 2F 8B 55 8B 97 2E 64 9F 38 0E F8 75 45 DD A1 07 60 35 88 B6 C1 09 DB 7F A9 93 12 EB F1 2E 21 28 43 E4 5E 04 AB 61 61 28 BA FE B0 94 41 7E 7E 5A 5D DC C3 D5 AA 8A A9 38 28 35 88 11 99 2A B0 0C 46 B4 65 98 5B FD DE 62 A5 E2 41 EE C2 74 EC 4D 00 29 7D 70 B3 8D F9 5F C9 D3 A0 25 13 59 BE 45 9F 69 82 0A B3 2E 16 26 D4 85 B2 5A 
Received 1 packets (total:3)

----- LoRa packet -----
  count_us: 780495486
  size:     255
  chan:     3
  status:   0x10
  datr:     9
  codr:     1
  rf_chain  0
  freq_hz   903900000
  snr_avg:  11.8
  rssi_chan:197.0
  rssi_sig :196.0
  crc:      0xF03A
BB 00 05 B3 DA 3B 65 F7 A2 CB F0 22 CC 04 A0 63 2D 59 61 87 45 6A AD FA AF 8E FF D6 98 F8 00 31 08 DC 49 A2 79 4E 92 9F DA B9 08 38 8A 2A 5B 6E 83 CB 14 2F 08 F6 92 6F 88 85 57 30 BD 2F 50 70 F3 93 31 B5 8A 6F BE E6 49 F3 5A E9 BB 14 7C E9 24 10 2C A2 FC D9 6E 13 CA 72 11 92 2D 7D A9 9A DA 79 5F 59 71 0D 64 B9 70 74 21 9E 63 21 D9 1E 8A 5C 17 AA B5 CE 50 C0 C7 41 1C BA 1B 39 6C E3 FD 51 E2 C8 3B C2 EE 46 7E 72 F2 AB 85 E5 02 8B 97 F3 0D 0E 53 EE EB EB A4 91 9A 6A 67 1E FE 98 BE 17 2D F6 BE BB 0A 29 FF 69 32 A7 4A 84 F9 80 CE 78 CC F5 E8 36 55 E7 78 B8 3E 4A 50 85 9D E2 41 BF 58 4B 0F 7A B6 FC 46 BA 56 8A CA 6C C1 14 9E A5 CE 01 BF 31 38 27 D1 66 0B 04 7A A9 BF 68 1E 50 9C E9 AB DB 83 00 E8 59 C7 3F DB D7 9E 10 BB 2F AB 29 88 6A DB EC C5 83 55 14 25 93 97 
Received 1 packets (total:4)

----- LoRa packet -----
  count_us: 806069566
  size:     255
  chan:     3
  status:   0x10
  datr:     9
  codr:     1
  rf_chain  0
  freq_hz   903900000
  snr_avg:  11.5
  rssi_chan:197.0
  rssi_sig :196.0
  crc:      0x70D9
BB 00 07 50 C4 C0 13 B5 DE CB A9 5C 5F F9 C4 57 0A 15 85 54 0D FA CE B5 00 87 E8 3F 97 02 D9 0C 24 79 B7 7D A4 D4 6C 5F 74 E8 4F D2 E2 FD 14 E5 5D D7 5F EF C1 90 EC FF C4 E4 37 87 20 D0 35 D6 E0 C2 08 DD 40 DB 3E 16 DC FD 05 D5 86 20 9D BA 7E 1B C7 14 7C CE 83 75 E5 32 B1 C1 9F EB 20 C9 6D BC BE 48 EA 8D 44 09 78 C1 D6 48 55 D9 4C 62 0B 36 4C 57 9D C4 61 2C 47 29 65 2E D6 EF C3 42 E4 D5 07 D7 C8 41 CB 2C EB A6 AA B5 DB 39 81 67 F8 2A 1C 3D BD F6 44 64 07 D3 E1 DC 7C B6 A0 46 07 A4 3E 97 E2 15 3C DA 15 7D E0 0D 83 6A A2 59 B2 08 A0 C2 12 AC E0 0C B0 78 27 37 91 2E 43 0A AF 8C D7 72 A8 6E 45 AD EB 54 28 85 36 C6 AB 34 0A 18 D4 0E 7B 4C 2C 96 C1 B8 EB 80 97 51 6D 73 23 46 BA DA 40 E1 BA 8F 45 33 06 C1 39 42 EE 90 49 FC EE D4 D6 86 2E 7E 6F F2 AA 5D 56 21 06 
Received 1 packets (total:5)

----- LoRa packet -----
  count_us: 831590958
  size:     255
  chan:     3
  status:   0x10
  datr:     9
  codr:     1
  rf_chain  0
  freq_hz   903900000
  snr_avg:  11.5
  rssi_chan:197.0
  rssi_sig :196.0
  crc:      0xFEEA
BB 01 00 E3 D0 8B 69 1E 03 65 B0 4D 31 06 80 E0 0C 9E B9 56 C6 77 DE E4 BB 39 7B 25 B3 3E 5A CD 5B CF FD D8 3D 68 B9 47 1C 9D 5D 73 FE 5B DE 89 90 EB 91 37 36 8A 77 18 D5 27 15 CD 6F 00 00 53 7E FA 3D A1 F6 66 AD 50 FF 81 FA 2D 75 00 1E A7 53 92 DF 7F CC CE D6 3D 38 77 FF 11 39 49 72 E9 FD A8 05 73 C9 6C 73 E8 2F 77 7D 8E 27 AA F1 BB 5E 59 6B 75 38 DF 17 C5 96 A8 5C C9 D3 81 EE 86 9F 86 CA 83 F9 2F B7 3A F7 A6 A7 92 E9 7D 75 67 E3 60 EA AE 8C C0 42 13 3C 86 17 61 E5 7F A0 33 73 F4 61 84 70 57 F2 12 62 ED 99 16 7E 25 0C BA 75 AA 41 53 B2 39 0A 9C 7F 19 70 73 24 BE 1C F4 F2 BD 2D 7F 89 8C E2 5E AB E1 05 CB FB C4 6F 44 E7 83 B8 63 16 0F 99 78 DA 9C 07 D0 DB EE 85 80 1C 9E A1 35 E9 5A F1 A6 3D 32 2B 05 D3 BF D5 0C 67 7A 1E 3A 9F 0F 3F 08 10 0F 74 D3 01 B7 CF 
Received 1 packets (total:6)

----- LoRa packet -----
  count_us: 869814073
  size:     255
  chan:     3
  status:   0x10
  datr:     9
  codr:     1
  rf_chain  0
  freq_hz   903900000
  snr_avg:  11.5
  rssi_chan:197.0
  rssi_sig :196.0
  crc:      0x1BBA
BB 01 03 5B A9 29 59 E5 80 EA E1 E9 72 07 BF DA 97 95 9B 69 84 85 9F 45 8E 03 DA 03 D2 D6 DC EF 9F 88 00 51 11 83 18 04 98 2C C9 D0 50 64 71 7D CA 3E 6D 5F C4 A8 86 97 90 40 0A D8 B3 20 83 B7 AB C5 E7 93 3C 28 EC F7 C5 29 3D B9 5C CF E5 A4 11 62 C9 56 F9 A4 F3 17 B5 7A 04 DD F8 DD F7 95 B5 9B B8 45 0C B9 7E 23 BC 21 86 FB 39 71 19 1E 90 AD 01 95 72 7C 12 90 F1 29 26 06 31 CD 2A AF 19 1E E6 3D 4D 45 DA BF 5F 63 22 7A F9 1B 6D 51 A4 ED AD ED ED 51 46 DD 56 FE 76 C3 D2 5A 16 9C 80 CD 90 0F 3E 7A D4 17 26 B3 87 16 28 2E 02 61 0C F5 54 01 21 3D DE 48 61 B5 9D 15 70 CD 2C 73 65 47 C8 0D 3D 4C DD 3A AD 18 6E D9 1D A0 5B 4E 06 23 FE FF 9F 87 5B 97 3E DD 98 28 E0 AA 92 9E 62 E9 97 EC 94 88 9B 3D BE FC 26 1A FB A0 E6 0E FE C7 AD CB 4F 61 39 EF 83 D1 4A A6 E2 19 9F 
Received 1 packets (total:7)

----- LoRa packet -----
  count_us: 895158353
  size:     255
  chan:     3
  status:   0x10
  datr:     9
  codr:     1
  rf_chain  0
  freq_hz   903900000
  snr_avg:  11.8
  rssi_chan:197.0
  rssi_sig :196.0
  crc:      0xC528
BB 01 05 7D 07 A2 DF BF 15 06 05 5E 2B 4E 78 29 44 47 32 EE 44 E8 07 AB 2B 97 80 90 6A 94 03 86 8D 6F 23 6D 73 73 F9 0F 08 04 12 B9 33 03 5C D1 19 A1 AE 5F EB 5E 07 28 AC ED 6D A1 CF 0B 7E EF 4A 7F E2 24 45 D3 6E 55 05 5B 6A B8 99 1C 38 A1 A5 1D C7 A4 6F 75 27 16 8B EA 4A 1C 28 5E 89 89 3A AF DD AA 16 56 B2 A0 D8 5C A9 D3 E2 34 91 DE 0D DE A7 F6 AB 7B 37 3D EA 69 CD DA F3 41 B9 85 E8 6A 69 D2 40 CB 7A 46 B9 A7 37 D7 E8 9F 7A F2 0C 92 4A 37 E5 07 04 11 7C 45 D2 A7 CF 3B 25 01 BC 63 74 38 19 74 67 CA 76 CA EF 03 B6 90 E2 94 FC B1 0F 2C 6D 22 37 6A CC C5 DB 55 5A 5D D0 73 BC 8C 93 8B CB 34 BB A8 8D 05 E2 6A 93 9E 3E 36 F8 75 1E 8D 94 DD 77 3B 28 C8 63 DD 3B 15 5B A1 C5 09 AC 57 9F 01 1E 64 62 D0 B7 40 8B 94 50 AE 01 7E 9F 4A A3 71 82 03 C4 79 5E 15 88 49 C3 
Received 1 packets (total:8)

----- LoRa packet -----
  count_us: 907797754
  size:     255
  chan:     3
  status:   0x10
  datr:     9
  codr:     1
  rf_chain  0
  freq_hz   903900000
  snr_avg:  11.8
  rssi_chan:197.0
  rssi_sig :196.0
  crc:      0x756C
BB 01 06 5C E1 73 A9 BA FC 2C E9 F2 6B 03 E9 2D 9F 11 A9 6C 27 F0 CB FD 71 8F 1B A2 C8 F1 68 C5 D2 88 13 67 FB B0 A3 CF D5 3A F8 4C 09 B6 63 39 53 C9 C2 50 EE 26 35 6A 3B 7F 76 D4 C9 FB 6A 79 B9 20 DE E6 BE 82 BB AA DB 46 BF 6F 1B 8D CA B8 B4 A0 DA 55 A4 9D 56 C3 69 92 4A 6B E3 90 D7 BA F7 B0 FD B2 03 2D 70 DD AD C5 F3 BA 3B ED 5C 54 1D 50 09 70 60 D6 9B 02 F5 84 30 C4 6F 81 58 D8 A5 32 7C 95 E6 E0 23 5C A9 2B 38 F6 DC 0F F5 D0 E1 62 D6 7B 26 70 73 1F F8 B6 19 53 DE EB 46 B7 E5 61 96 8C ED F8 74 9A 77 5E 5A 2D 26 03 72 FD 86 4C C5 BA 63 9B CA CE B4 0A B3 69 E0 06 5C BC 81 97 89 B9 4A 70 EA 09 E2 B4 DF 1E A9 E8 47 C7 97 0D 5A 59 B1 62 F7 12 CA 94 A3 BF B6 99 D8 CA 4A 4E 28 1A 53 E3 05 27 EF 14 DC 48 01 E8 9F D8 26 37 3A A8 E2 1E 5A 28 A7 C7 12 8E B7 7D 37 
Received 1 packets (total:9)

----- LoRa packet -----
  count_us: 933272663
  size:     255
  chan:     3
  status:   0x10
  datr:     9
  codr:     1
  rf_chain  0
  freq_hz   903900000
  snr_avg:  11.8
  rssi_chan:197.0
  rssi_sig :196.0
  crc:      0x371C
BB 01 FF 03 4E EE 1E 13 4D 84 6B 82 41 73 0F 14 B0 69 AC B8 93 7F A9 42 24 F8 A0 F4 9B DB 75 D9 02 48 8A C1 4E 30 47 C4 F6 8C EF 30 B0 6F 9F 78 58 B6 FF 47 16 62 EE 2F 0B 18 D6 85 1B 35 4E 74 55 72 D8 CB 22 C5 0A D8 48 21 D5 D4 31 D0 35 D8 BB 9A DA 67 B7 1D 5F C2 C5 B8 57 BD A5 F9 9A F1 FE AA 42 BE C7 37 DD 00 67 1D DE 50 D7 87 2C 71 37 F4 1A E1 5D 4E E8 D3 BC 44 B0 35 89 C0 77 35 4A F3 F7 C2 04 FF C1 B2 32 D6 11 33 40 61 36 5B 0E 35 09 5B 3F 2B D0 B0 AA CC C9 66 59 40 EA 3C 3A 20 DE 51 AE 15 F4 5E AD 4D 3E CD F5 85 1C 1C 6B C3 17 75 F9 E3 20 3F 81 C1 11 3E 71 5A 34 F6 E1 23 33 B7 C3 0D D2 15 0F 6D AD 83 FC 66 47 23 6F D9 55 5B FA 8F ED CC F6 7F DC 59 97 58 89 9D 05 90 4C BE EC 7E 1D 5F D5 EF 7C 1F 82 EB 83 DB 6C 8F 0F BA DE FA 8C E0 CF 45 6C 28 10 E1 06 
Received 1 packets (total:10)

----- LoRa packet -----
  count_us: 958546171
  size:     255
  chan:     3
  status:   0x10
  datr:     9
  codr:     1
  rf_chain  0
  freq_hz   903900000
  snr_avg:  11.8
  rssi_chan:197.0
  rssi_sig :196.0
  crc:      0xDA33
BB 02 01 ED 99 DD 3B DB 7A 14 2C 22 29 D5 C2 CB E8 ED E9 F0 FC 09 4F 9F A4 F6 05 47 70 38 37 59 8D 54 34 92 96 C7 AF 39 14 84 D7 3D B9 48 30 3D 4C 32 6C 9C F4 3F 23 67 D2 13 3F 76 77 4B 7B AD C5 D1 E0 14 37 5D 3F 8C C1 3C 5C E4 B1 06 85 73 84 76 A3 54 30 42 3B 46 B7 F0 62 E7 EB 3A C0 77 25 30 55 9F 3A 78 AA E8 24 D5 1C 0B 0E 93 94 4A 0D E7 58 15 30 91 42 D8 39 D2 2C 7F 9D C7 7D 64 9F AC C1 EF B3 56 01 17 F1 FA 54 F2 DA AF 2B 90 60 05 F5 D6 3B B0 23 74 D3 DB 6F C5 96 53 4F 37 10 12 88 01 5E 6F CF F2 C0 75 11 5A E9 A6 5D 0F 1B E2 E7 E7 F9 9A F8 78 45 2C 75 08 74 A3 0E E0 D6 53 B6 CD 13 A9 94 88 2D 1E A7 14 CE 75 DF 11 34 59 91 52 CF 85 49 52 CF F9 19 26 1F 09 4A 56 C1 72 AC BF 1A 08 55 27 06 5B CF EC D6 01 25 69 B4 EB 0C B7 F4 CB 17 34 7A A4 AE 11 26 6A 70 
Received 1 packets (total:11)

----- LoRa packet -----
  count_us: 983990194
  size:     255
  chan:     3
  status:   0x10
  datr:     9
  codr:     1
  rf_chain  0
  freq_hz   903900000
  snr_avg:  11.8
  rssi_chan:197.0
  rssi_sig :196.0
  crc:      0xD345
BB 02 03 F8 0A 83 06 6D 7D 3D F5 07 6C 66 00 0F 39 B6 89 E5 2A 3A E3 CE B7 E8 3B 79 F4 B3 87 D8 DF FE EF 9D C2 2D 0A D3 7D 39 9C 50 C5 5C 0D 07 9C C3 79 A1 23 0E 3B 0D 2E 29 8C 46 51 AC A0 C4 7F 11 0D 45 04 DD F3 2C 3B 7B A2 80 B6 58 21 D7 07 86 8E A4 39 32 B0 AF 12 F6 9D 03 49 62 91 FE 82 48 4F 68 CC E6 CB E6 A1 C0 F0 F7 C9 B3 A3 8C 1A 19 58 9E E1 E2 3B FF AB AD 22 03 7A 3A 95 6D E4 18 96 15 9F F6 E0 71 49 70 F4 2F 9F 7E 04 A7 27 AB F1 E3 AA 2E 73 CE 35 A2 AD 29 6E 5C 8A 21 E0 45 A7 86 69 37 F0 13 7B E8 42 DD DF 9E D5 FA D1 51 B0 BB 59 46 12 E9 91 B8 EC BC 7C 71 3F 5D 26 1A C3 0E A7 F3 DD BE 9A CD 41 B6 77 0C 68 6B E4 5B BD 37 BB E6 FB 61 09 45 68 17 31 2A 4D 58 D4 C7 D8 6D 87 E1 C6 D2 9F 3F AE E0 CD D2 C2 49 35 AE F0 7E AD 7D F4 25 21 7A 24 1C ED 65 09 
Received 1 packets (total:12)

----- LoRa packet -----
  count_us: 1009537860
  size:     255
  chan:     6
  status:   0x11
  datr:     9
  codr:     1
  rf_chain  0
  freq_hz   904500000
  snr_avg:  -12.0
  rssi_chan:140.0
  rssi_sig :131.0
  crc:      0x3331
BB 32 03 6C A9 03 2C 62 1E 77 25 C4 D6 71 72 84 43 08 BC 22 7C B7 DF 9F 3A 42 1C F8 9D 44 E4 88 60 95 0F 04 CE D7 71 E6 87 FB 13 2F 0A 4B 01 AA 74 7B EA 26 D2 E3 F8 CD EC A3 FD BC 7A 36 6C C1 A8 5D 1A 7D 14 E2 E8 03 06 6E E4 A0 C7 EB AA 2F 1A D6 63 46 E8 25 17 60 3B 53 D6 95 F0 2E E9 BC 84 66 A1 D5 AE DD 1B 33 ED DA 7E 56 0F B4 4C CC 30 A8 2A D6 ED 0F F9 64 DA 0E C7 C2 96 E0 63 6B 7B 05 C4 CC 14 2A 52 93 CC 41 4D B5 CD 80 C8 1C CC D1 C2 5D D2 D1 3B 08 F1 95 75 6D CA F0 58 1F D0 DA F8 C8 49 1C 39 E7 F1 45 44 48 66 A9 D0 7C EF 85 38 51 7A C7 15 0D B7 5B C5 F0 91 D6 30 62 92 FE 1C 3F 85 93 64 D3 47 0F E6 B7 2E C2 3A F8 94 E4 23 52 C9 C0 F7 3F 36 21 33 7C 9E 9B 64 37 85 63 EC 2A D4 A9 54 C1 C2 8C E5 A1 CC D6 21 47 07 B9 7A 99 F7 CB A5 DC A6 6E D2 5B 6E 1C DF 

----- LoRa packet -----
  count_us: 1009537885
  size:     255
  chan:     3
  status:   0x10
  datr:     9
  codr:     1
  rf_chain  0
  freq_hz   903900000
  snr_avg:  12.0
  rssi_chan:197.0
  rssi_sig :196.0
  crc:      0x39A1
BB 02 05 6C A9 03 2C 7E 1E 77 25 64 D6 71 72 87 4F 08 BC 12 BC 3E DF 9F 59 42 18 F8 AD 82 6C 88 F0 96 EF 0C CE D7 B4 AE 87 6B 20 63 0A 4B 04 6F 7C 7B 7A 46 5E 62 F8 FD 4A 2B FD AC 2A BA 64 C1 AD F8 52 7D 14 B1 E8 01 06 5E 81 68 C7 EB CA 23 1A D6 56 D0 E0 25 17 00 FE 5B D6 95 50 A6 E9 BC 8E CF A1 D5 AE 1D 87 33 ED DA 7E 56 0F B4 4C CC 30 A8 2A 56 ED 0F F9 64 52 0E C7 A2 90 A8 63 6B BB 89 CC CC 74 EC 5A 93 CC 21 51 B5 CD B3 4E 14 CC D1 C1 54 DA D1 38 4E F1 95 75 F8 C2 F0 58 7C 56 D6 F8 F8 EF 18 39 E7 C2 46 C0 48 6F 9F D0 74 EF E6 34 5B 6A F7 15 E9 B6 5B A6 B9 99 D6 10 F4 96 F4 1C 65 0F 13 64 E2 B1 43 E6 87 7E 22 B2 F8 A5 21 61 5A D9 93 1B B7 36 11 56 B0 9E CB 07 D1 84 67 EC 2C D8 A9 4C 92 C4 08 E5 31 6C 57 A1 47 54 F3 FA 99 C7 AB F7 D4 36 3D 9E 19 6E 2C BE 
Received 2 packets (total:13)

----- LoRa packet -----
  count_us: 1022295083
  size:     255
  chan:     3
  status:   0x10
  datr:     9
  codr:     1
  rf_chain  0
  freq_hz   903900000
  snr_avg:  11.8
  rssi_chan:197.0
  rssi_sig :196.0
  crc:      0x9E68
BB 02 06 AD 98 22 F5 7A 8F C6 C8 47 60 74 C9 50 FE 56 27 B5 C8 AD 94 DD C6 5E 38 74 BB 23 5E 07 B4 4E 10 91 54 C6 7A 74 6B B5 F9 0C A2 2A 46 C9 15 2D 94 5A 39 47 B5 B8 10 D9 45 DA FD 5C 4F 34 17 51 B6 42 66 51 AF A4 E7 B0 00 7F 60 8F 07 CF 48 94 56 DD 34 B2 0F 2C 35 85 B2 79 56 D3 DD 28 EA DA DF A6 B5 62 A5 99 2D B5 21 5E 59 CA 3D 6E 11 60 BD 05 08 9D D9 97 D2 DB F0 72 E2 62 93 EE 0E C8 1B 91 18 FF 04 25 3C 4B C5 4D C7 CB 83 42 35 7E FD 64 AD 0E D3 28 0A 66 17 10 11 A8 D4 FA A3 AF 22 FF 5C D7 D4 1F A7 9C 3C E9 8C E4 E6 88 15 58 8F AE 9F D8 EE 3D A3 82 56 1D 5F BD 50 A7 7F 45 D0 41 39 12 27 06 A4 74 D2 82 C5 4B 9C 9C B9 C0 DE 16 AA 7B 23 2A BC 1F 93 42 05 8B 16 B4 76 1F 03 01 26 51 50 A4 65 D8 C5 2D 46 09 F0 14 9A 43 F2 71 3A 08 87 5B BF 1C F8 5D 05 64 F0 
Received 1 packets (total:14)

----- LoRa packet -----
  count_us: 1035151100
  size:     255
  chan:     3
  status:   0x10
  datr:     9
  codr:     1
  rf_chain  0
  freq_hz   903900000
  snr_avg:  11.5
  rssi_chan:197.0
  rssi_sig :196.0
  crc:      0x393E
BB 02 07 6A 90 A6 86 BF CD 93 EA CE 7C BA 9E CF 88 D4 AA 10 91 E4 E0 01 66 C1 1E 45 FC 9D 0C 09 9F FE 06 F0 6B E5 40 CB B2 FC B1 72 69 DA 91 47 86 66 7B 0E 30 A8 A5 53 82 42 B1 F2 95 72 B9 B6 27 47 24 E8 74 8C 32 B0 EA FD 48 7A 1A 3F B8 0C 3F 1F 8F 22 69 EA 96 4C E1 59 EB 19 30 7A 0F 53 C8 5F 81 0B E0 C5 47 6D 8E 61 F1 7E 53 4E BC E4 9A 0F 7C 43 05 BC AA 65 3C 6D 6B D9 3E 1E 67 E2 28 86 1F 71 0C F4 31 9F EF 9C 23 37 7D 7D 54 F6 55 57 76 00 8E C6 37 B6 A6 EF 42 60 91 E5 96 47 63 38 97 AF 11 84 7A 8E FF D3 C5 57 60 BA 56 19 F0 EE 0E D1 09 DA 40 58 6D 94 21 45 00 62 70 CC 30 CD 07 42 90 22 AE 17 9B C2 F7 85 A9 42 0C C2 FB 4D 85 08 70 45 CF 0A 00 A2 F8 86 EF 7A B4 83 62 A7 13 B7 EE 3C 2A 79 DD D1 1E 95 EC 1A 8B B0 74 97 67 D2 C8 6F 5D FA BE B9 A1 14 38 84 A6 
Received 1 packets (total:15)

----- LoRa packet -----
  count_us: 1047939385
  size:     255
  chan:     3
  status:   0x10
  datr:     9
  codr:     1
  rf_chain  0
  freq_hz   903900000
  snr_avg:  11.8
  rssi_chan:197.0
  rssi_sig :196.0
  crc:      0x0467
BB 02 FF D1 03 D6 AC EE 4D B5 38 E1 AE 22 10 3D DB 87 98 89 1C 63 E7 FB 0F 75 61 20 C3 93 38 36 0F 84 99 5B C2 C8 EC 62 55 3C 53 47 D6 38 A7 E9 AC 25 1B C8 7D 35 E9 24 72 0D DE 11 94 3B 1F 6E 50 EC 9D 55 A2 B5 37 AB 99 90 D8 86 6D 2E DD 3C 26 86 06 0D ED 3B 2A 43 E2 7F 9A D3 F2 67 EB 6C D3 EC BD 73 1A 1F E3 17 86 DE F0 13 E2 43 E9 B3 90 FD DE 05 60 F8 F3 CB 01 EE 9F 50 7D F6 1E B7 EB DC 4C 59 7E 60 5C 4A 4F 37 00 50 9F 6F EB 77 A0 58 F5 3F D8 95 56 FB 32 48 2D E5 17 86 B9 15 3C A5 F3 AB AC 99 93 32 EB 10 9C DC 28 15 A7 7D F0 59 76 27 C2 05 37 2F 63 2E 44 70 3F A3 E9 36 28 05 F8 AF E4 91 6F ED F9 DD 8D A4 C1 4B 7F 05 B1 68 96 CA 0D EA 07 6B 6A 6A 77 94 40 EE DC 51 1B 37 C9 37 8B 8B 8D 18 C0 C2 E2 86 61 58 F8 53 5B 62 16 61 1E 2C D3 98 EB C8 7F CF F6 54 B1 
Received 1 packets (total:16)

----- LoRa packet -----
  count_us: 1060726520
  size:     255
  chan:     3
  status:   0x10
  datr:     9
  codr:     1
  rf_chain  0
  freq_hz   903900000
  snr_avg:  11.8
  rssi_chan:197.0
  rssi_sig :196.0
  crc:      0xF6EB
BB 03 00 23 D1 B5 A8 40 AF 23 E9 B4 E9 80 22 13 BD B5 83 3B 5E 73 9D 18 04 5F 45 77 67 04 6E C4 22 7E 0E AA 12 16 7A 99 D9 1A C2 C1 47 30 B8 81 D6 89 04 B6 FA 62 15 A7 05 4D F8 86 F9 EE 6A 56 E8 56 FC 22 3E 33 96 EF 83 16 97 9B 5C 3E 9C BA 1E 5F 85 95 A3 27 93 94 63 78 56 AD 9F E6 5C 56 E1 BB 2E 0F EC CD 4D 0B E2 9C 20 D0 37 E9 64 F3 3D 2F E6 BB DC 75 5C E1 41 C1 D6 3E BB 35 D4 76 A1 80 D2 9B 4D 29 0A B5 5A 23 7E 81 E5 06 C5 01 88 81 2E E2 7E D1 8E BA 2D EE 71 63 C2 43 5F FD 60 C1 44 97 F8 89 8E 95 91 A5 BC 7C ED 46 4B EA 2B 20 F3 C9 48 8B 1C B6 66 2C 71 BC E3 6B 7A 78 F0 63 59 84 CD 45 12 A4 79 EF 8D 80 C6 49 A8 45 AA 8C 29 7E D0 9C FE DD 86 62 96 B6 47 88 93 D8 78 55 80 17 A7 5C D2 C1 F2 3C BA 8D 94 00 5C 00 E4 22 5A 44 33 D1 34 84 59 E9 EC 82 10 5A A7 
Received 1 packets (total:17)

----- LoRa packet -----
  count_us: 1073505055
  size:     255
  chan:     6
  status:   0x11
  datr:     9
  codr:     1
  rf_chain  0
  freq_hz   904500000
  snr_avg:  -11.5
  rssi_chan:140.0
  rssi_sig :131.0
  crc:      0xF1AB
BB A3 07 FE B7 A2 BB 99 B9 93 CC C8 68 FB 3B 60 EA 48 40 35 3D B5 07 83 10 12 A7 EF 1C 36 AE 78 69 47 C1 7C 74 B4 42 CB A3 BA 46 29 36 89 CD 73 11 BD 26 99 D4 F8 E1 5C E6 DE EF 4C FD B3 AA 8A 69 F0 08 86 0D 24 E5 FC F7 B0 3B E3 1D E3 41 23 C4 3B C6 7C 36 2E 77 49 F7 9C FC FB 13 EA 94 53 0F 7D 4D BB 57 01 F6 35 83 60 5B DC 63 B1 56 87 1D 0E AA A3 6A 65 5E F1 1B 3E 21 A7 C5 1B 81 0B C3 35 18 1A 63 6F 6B 95 14 5C A3 85 3B F3 72 99 41 3E FA 9F 42 50 7C CF D6 39 57 E4 BB 47 25 50 07 20 00 E9 48 F4 45 C2 F7 C1 0B 17 61 86 5E 4C B5 DF 2F 68 77 E8 E5 FC 69 E9 B2 E2 F9 67 20 27 B9 BF C4 FF 41 08 2F FA EE E9 0D 14 CC B8 43 80 02 5C 22 72 F6 05 7E 5A 56 2B C7 BC 06 A9 01 50 EB DC DA 1B 15 A1 53 B3 DA 00 A1 79 00 F5 3C 5D AB 1C DB 95 FF DC A1 0C F5 51 D3 2F 52 75 61 

----- LoRa packet -----
  count_us: 1073505089
  size:     255
  chan:     3
  status:   0x10
  datr:     9
  codr:     1
  rf_chain  0
  freq_hz   903900000
  snr_avg:  12.0
  rssi_chan:197.0
  rssi_sig :196.0
  crc:      0xF186
BB 03 01 FE B7 A2 EB 93 B9 93 CC CB 60 FB 3B 63 AA 5A 40 35 38 B1 07 83 73 12 A7 EF 1D 35 E6 78 69 24 4B 78 74 84 84 4B A3 BA 45 A5 36 89 FD B5 19 BD 26 9A D4 F0 E3 6C 42 DE EF 4C 9D 33 AA 8A 59 50 09 8E 0D 27 B5 3C F7 B0 38 A1 15 E3 41 69 C4 3B C6 BC BE 2E 77 79 FD 98 FC FB 13 E2 94 53 0C 7D 4D BB 67 A7 F6 39 83 53 51 DC 63 81 F6 07 1C 0E AA E3 6A 65 6E A1 13 32 21 96 CF 1F 81 1B 93 B9 18 1A 53 A9 63 95 24 9F A7 85 3B C3 F7 F1 41 AE AA 97 44 50 2C CF F4 39 57 E4 3B 45 25 50 97 A0 00 E9 28 FA 45 52 F4 81 0B 17 61 26 5A 64 85 DF 25 6A 73 D8 8A 75 61 79 B1 18 F1 67 10 E4 BD BB 54 FC 07 49 2F FA 1D 67 05 14 FF F4 43 84 02 9A 0A F2 E6 56 F2 58 56 1A 01 30 06 A9 02 7C EB D4 EA DE 95 A1 C3 D0 50 04 E1 49 C7 F1 3C 5D C8 90 DB 95 CF 2A 25 04 65 02 DF A3 52 45 A4 
Received 2 packets (total:18)

----- LoRa packet -----
  count_us: 1086340615
  size:     255
  chan:     3
  status:   0x10
  datr:     9
  codr:     1
  rf_chain  0
  freq_hz   903900000
  snr_avg:  11.5
  rssi_chan:197.0
  rssi_sig :196.0
  crc:      0x0A62
BB 03 02 7E D8 5C 8A 5A 34 7B 4E BD 7F BD AD 2B D2 02 8A CB DA 9D 7B B4 26 CC 87 B9 D1 B5 76 2F CD 16 7D 3C 73 01 32 C7 10 61 10 AA 7E 88 F9 AA 81 CF A6 FF AA 6A 44 49 26 44 05 F7 78 C8 E5 52 40 9D 90 E0 CD 95 17 5C DA 98 9E BE 48 32 BF C4 A4 A1 AF 71 9E 18 DB E2 49 4E B2 BA AF 83 3D 82 03 05 02 13 66 85 D8 C9 F2 17 4A 17 37 0D 73 ED F3 C9 3E D5 FE 7F F2 A4 C4 65 83 CC 7B 1C 59 91 FF E3 95 5B 26 65 F8 DC D3 5C EF E8 9F 3D 74 7D A7 C0 DB 62 C6 9D 3F 04 B1 6D DC 2A EB E9 7E 7C 99 64 0E AC 43 94 CD 77 E3 E6 B0 57 EC B0 1D 25 1D 8B 52 48 7B 63 C1 5D CD 32 FA 2B 44 05 65 8A 7A 52 E2 A6 70 59 5A 75 84 AC AA DD 99 02 4D A7 BE 0B D5 4D AF 32 D8 76 B5 FB 51 6C FB D6 CA 68 BC 4B 3A 34 33 45 1B F4 62 F0 E1 51 36 CB F4 FB C1 20 39 E6 81 7F 8F 1D E0 1F CA FB 26 E7 BC 
Received 1 packets (total:19)

----- LoRa packet -----
  count_us: 1099094999
  size:     255
  chan:     3
  status:   0x10
  datr:     9
  codr:     1
  rf_chain  0
  freq_hz   903900000
  snr_avg:  11.8
  rssi_chan:197.0
  rssi_sig :196.0
  crc:      0xDF40
BB 03 03 D4 1A 7B 6E 7F 1E 24 B5 44 85 E1 4C 91 4C 9D F5 42 CA 85 57 D2 95 8E 54 96 C5 DB E3 25 AD 84 08 C3 37 19 DE 4F C9 F4 F6 B8 ED C2 1E 52 4F BC B8 E1 29 B2 99 62 6A 77 43 1B 6C 36 07 80 30 1E 4D 2F 14 A8 9D 53 42 7E CC 1C 22 3A 0E 73 8F 54 67 E6 6A 8B B9 3B DE 71 D6 DE 1E C1 F8 B4 79 F3 FE 01 5A 28 39 6C 0B DF A2 C2 80 73 36 38 CC 92 F2 C2 AB 9E FF 5E 2D 7B B1 9A 2B FE 9C F5 24 53 7D 69 90 6B 49 97 BD 9D 8A 6B 32 0E 9D 35 CA 3B 3A 56 6A 84 F2 4F FE 1B EC B5 9C FD 68 B2 07 51 43 D5 53 FC 95 BA 20 8A 7F 1C 03 E1 B3 FA 23 E0 92 3D 66 BB C8 25 ED 74 32 F8 DC E1 6F 50 F5 2C DA 02 E4 CB E9 2D EE 10 F3 CA 27 7A 2D 6F 6A 09 4F 87 B3 AA 5E 0F 4D 3D 33 92 FF DB AB 5C BA 9E 6C 05 82 01 92 0D F5 34 90 FC BC 82 86 B0 85 6A E8 18 95 B6 75 27 B3 04 F4 93 A6 A6 13 
Received 1 packets (total:20)

----- LoRa packet -----
  count_us: 1111750928
  size:     255
  chan:     3
  status:   0x10
  datr:     9
  codr:     1
  rf_chain  0
  freq_hz   903900000
  snr_avg:  11.2
  rssi_chan:197.0
  rssi_sig :196.0
  crc:      0x6F7D
BB 03 04 81 76 E0 CB 4F E9 25 DE C7 80 02 0C 02 04 CF EE E5 29 2F 4E AC 51 67 E3 E2 F0 63 81 DE 30 A7 9F 58 9C 90 7F F5 7C 39 60 5E 40 C2 7F 82 ED 7E 1E 02 F2 76 3F FD BE 4B 35 50 F0 D2 E6 9A 33 74 F9 03 BD 43 C8 DA 78 D7 C6 77 97 ED FA 63 63 EF 8F 63 9E 34 C9 67 B2 74 DE 58 1C 6B E9 5D DF F8 C8 DA A8 28 F1 18 77 75 82 7E 35 68 4C 15 60 05 04 1A 0B 14 78 CA FE 59 05 12 DA 59 AA 15 89 0C AF BA E6 B2 93 63 7C 9D BB C1 23 34 D4 6A E7 68 37 A4 33 6A 0C 20 6E 5C CC 7B ED 0D 11 0A 1B AF F0 A3 FC 07 7A 69 F9 24 5E 2B 53 7F 33 73 70 62 CF 16 DC A0 2E 50 3E 90 F1 42 41 02 F8 46 23 58 03 13 91 0A 8D E6 94 80 90 19 3A B3 77 A0 06 DF CF 74 02 74 42 41 5C 05 F9 BB C1 35 8E DC 1C 3D 30 B8 02 17 BE 30 1F AC 30 4B 65 5D B7 DF BE D7 D6 C5 8B C0 F1 F9 74 E5 C2 5D 3C 5E 0A 
Received 1 packets (total:21)

----- LoRa packet -----
  count_us: 1124586546
  size:     255
  chan:     3
  status:   0x10
  datr:     9
  codr:     1
  rf_chain  0
  freq_hz   903900000
  snr_avg:  11.8
  rssi_chan:197.0
  rssi_sig :196.0
  crc:      0x8174
BB 03 05 8F FF 5C 82 A5 1E 17 21 1B DA 14 6B 1C C0 9B 65 9B C2 12 92 25 E0 A3 06 0D EC 5F 15 58 70 94 E2 A4 CC 6A E9 E4 F1 17 2E 0E BB D3 7E EB 71 09 76 42 C9 1A D2 21 8C 14 62 5E B1 3A 6D 92 9A B9 85 06 6B D0 44 58 5D 0F A4 FA 94 71 E3 B8 F7 AB 86 B3 30 6E 20 4D 7B 9E 7F E4 3D 69 55 83 A4 AF 08 2F 89 CD 80 0D 25 4C 5C 80 58 C6 37 ED 8F 15 B4 97 53 B2 7C 0E 80 E7 AC 5F 49 EC F4 EB 4A 72 06 93 A3 06 78 28 78 8B 5E 5F 0E 41 6D FB D9 81 7F 73 B9 23 EF 12 2A 04 8B 6E BF 58 52 BB 86 E0 3D 3B 01 84 5E 74 F4 64 AF BC 7B 89 EC A7 0A 02 46 58 B1 DE 96 3E 48 9C 8D DF 70 C2 4E 09 75 AF 41 56 7F 91 E6 25 E5 0A 61 77 A9 B6 AF 1F E5 ED 11 1C 3F 80 24 11 1A EB 14 A8 5F 2A B5 91 49 A0 F4 F9 20 A7 F4 87 D2 68 4F 56 C1 07 6A FA 33 BE F5 5A 67 AE E7 ED 20 D4 A9 07 AA E1 D4 
Received 1 packets (total:22)

----- LoRa packet -----
  count_us: 1137320730
  size:     255
  chan:     3
  status:   0x10
  datr:     9
  codr:     1
  rf_chain  0
  freq_hz   903900000
  snr_avg:  11.8
  rssi_chan:197.0
  rssi_sig :196.0
  crc:      0x6639
BB 03 06 A8 A7 8D 9B CB C9 F3 0E 7E F2 25 8F 2C 61 DB EF 9D B7 03 6C 38 13 AE D0 5A FE BE EE 19 E5 8F 3A BA 89 C0 11 8F 8F BA E9 03 07 CA 2C DB 8D 0F CA DF A4 EC C2 20 5E 85 31 7F 80 1D AC 5C EB 19 AE 5E 52 28 FA D2 FB 04 AD 1B 06 D1 C0 4D 4A 95 82 D8 6F 86 39 85 6C 0A 05 67 78 50 1B 58 D7 24 57 28 FF 8C BC F0 B1 F1 07 93 97 7C 63 CC 9E 00 1B 1E 08 F7 1C B2 1E 15 B4 5B 5B 8F 78 0C 6C CE 12 3E E6 D7 22 50 48 89 75 22 2F 9E 84 3C 01 A9 AA 82 33 8B 1E AF 7C B7 AA D2 0B C8 09 94 96 98 0B 4A 9B 41 D4 02 31 21 05 4B EA 3E E5 A3 B3 FD B3 DA 7D 00 80 8B 08 F6 AC E5 32 D4 83 AC 8C 01 9B D4 3C 96 E5 4C 1A 74 45 3E CD 3B E2 F8 2E D0 B4 EC F1 07 7A AA 5B C6 1C 51 FB 92 3D E5 7D 2B 69 F6 92 68 51 6C 3F 68 C7 B6 99 C6 E2 6A 16 79 8A C6 1E 1D BA 98 C4 C8 4A B7 9C FB B9 
Received 1 packets (total:23)

----- LoRa packet -----
  count_us: 1150139984
  size:     255
  chan:     3
  status:   0x10
  datr:     9
  codr:     1
  rf_chain  0
  freq_hz   903900000
  snr_avg:  11.8
  rssi_chan:197.0
  rssi_sig :196.0
  crc:      0x7B3F
BB 03 07 4C FC 1A 86 74 23 35 F4 23 E3 15 4E 55 EE 37 A6 B7 EE F2 AA 78 AB 15 F5 18 58 05 ED 8C 2C 66 15 F1 53 3C 98 42 3B D7 64 5F 89 0D BE 71 F4 23 5F C1 00 07 EE ED D9 83 4C 8C E4 F5 C5 EA 65 6D 65 5B CC F3 72 68 21 81 EA FC 92 E3 76 0A 35 1D 06 C9 E7 28 4C 84 E0 68 26 F8 34 33 86 84 4A 5A 11 D6 38 77 48 B5 42 43 7F 85 7E 7D 5D 8D 84 97 2C 4D 38 A3 64 31 0C 95 F5 05 BE D7 D1 81 D7 14 E8 1C 2F AD 43 C8 69 F7 7C 0E 96 01 CD 42 C4 6E 0E 1F F5 30 81 60 89 38 A0 C8 81 1A BB B5 EE 8A B8 38 76 8B 01 28 F4 C6 63 63 55 1F 47 B4 39 88 2F 13 D8 12 E9 30 4F 69 F5 45 11 7A CB A5 BB D0 3D EF 6D B9 60 25 51 96 1E 3F C6 46 11 CC 57 F8 41 F7 FA 6A DA F9 BA A9 D3 0F 6C B7 CA AF 12 C9 6D 29 D2 11 E9 EE 50 54 A0 97 EB EC 7A 38 11 D9 CD 91 45 0C 17 FB 69 A9 22 E2 91 2C 7D 
Received 1 packets (total:24)

----- LoRa packet -----
  count_us: 1162930835
  size:     255
  chan:     3
  status:   0x10
  datr:     9
  codr:     1
  rf_chain  0
  freq_hz   903900000
  snr_avg:  11.5
  rssi_chan:197.0
  rssi_sig :196.0
  crc:      0xF994
BB 03 FF 9D 76 1B F3 A3 21 1B DB 07 38 01 5E AD C2 C8 7E D3 C4 16 AC 34 CD 70 F1 1A D4 D8 8A A5 A2 12 62 9A A8 8C 0D 86 9A 76 A2 7A 97 25 31 0F E4 1C C1 6C 32 CD EA F1 BE F9 7B DB 55 23 C0 B0 E6 3C 9F 63 A2 61 AD E4 13 1D D8 F2 B4 7B C3 F8 1A 5D 06 7F CF 6E 1A 1F 4C 57 4C 11 50 27 2C 31 71 19 19 AD 51 D9 DF C7 39 8C 3F 31 67 B9 92 98 EB FD 07 91 8B 03 43 FD D7 D3 2D ED 52 25 67 7A 91 2D 71 B8 24 40 52 B8 35 15 50 35 E7 1C 2B 57 5F FA 89 0B DA 6A 13 C3 27 76 5B 17 56 95 9D F3 8C 09 77 ED D0 52 62 3D 6E EF EF 9F F4 E6 C2 92 60 81 03 51 EE E7 4E 6E 16 80 2D 4A 98 86 9E 00 A3 80 D1 A2 E1 2A 60 AC 34 5C 7B EC 1F BD A0 82 E6 0E 92 35 1C CB 4C FF 8F 3F D7 35 4C 16 3C 97 AF 2B FC 66 E1 70 6A DD 97 04 32 55 0F C8 57 61 E2 31 34 E7 5F 4D 50 CD 96 A0 0E 46 59 36 B6 
Received 1 packets (total:25)

----- LoRa packet -----
  count_us: 1175665777
  size:     255
  chan:     3
  status:   0x10
  datr:     9
  codr:     1
  rf_chain  0
  freq_hz   903900000
  snr_avg:  11.8
  rssi_chan:197.0
  rssi_sig :196.0
  crc:      0x252C
BB 04 00 95 8A 37 A2 FD E3 4D 98 78 5D 81 9F 2E 8F 27 B6 70 62 A2 0E 6D 1A B3 EE 5E F4 73 F5 C1 10 6F 58 57 F2 AB 5E C1 6C 99 C7 B6 EC CC 7E 81 1C C9 62 69 2D 6F A0 95 B1 DD 7E 50 37 96 0C 0A CD EA 77 45 44 73 CC 02 DC EB 99 B0 52 1D 1E E0 74 A0 90 25 4C C2 5F 39 06 2D 3C CC FA 9B 2F AB E8 F3 9C 77 B0 ED EE 65 E7 2D E7 3F F5 20 58 94 A0 93 29 E7 7C CF 3E 28 D0 01 2B 8A BF 61 4C 08 C1 BE 88 B9 1B 95 7C F5 2E 62 6C 57 EF F3 0E 28 C1 73 0B 44 F8 3B 17 26 62 A8 70 D9 3D B4 6E F1 71 D4 84 FE F6 B3 B1 7F D0 4F 38 80 EB 16 83 24 84 DA B6 0B 0C 73 A4 F2 07 79 14 37 3C D3 CF 2D F7 BA 8F 41 88 03 B6 E5 38 47 D2 22 12 66 05 E0 2D 92 B3 79 BB 72 62 B7 FF 7A B6 28 C7 79 61 14 D1 CF 82 41 A8 72 D1 E7 70 A9 C4 39 0C 48 83 1A 71 F9 4A F4 A2 3B 2A 9E 96 92 63 21 98 D3 EB 
Received 1 packets (total:26)

----- LoRa packet -----
  count_us: 1188450849
  size:     255
  chan:     3
  status:   0x10
  datr:     9
  codr:     1
  rf_chain  0
  freq_hz   903900000
  snr_avg:  11.8
  rssi_chan:197.0
  rssi_sig :196.0
  crc:      0xB735
BB 04 01 32 EF 08 17 68 3B 12 BD A0 B1 49 6C 13 C2 9B 56 0C D6 D9 C9 18 28 43 C6 2E 50 6F F2 23 A7 7A 30 95 92 2B F4 DC 38 48 39 7B 7B 37 C6 FC EF B5 BF 25 D5 2F 4A A2 2C A6 70 05 AB 99 6A 42 1E D6 B5 BF 18 C2 13 EC 43 CC F9 96 B5 F2 DE CD 7E 73 3B 2D 45 80 5F 70 D8 05 92 E2 E1 31 79 73 55 3F AD 4E DC 11 FC DF 47 71 8F F1 F5 03 B5 3B 49 45 81 AD 95 27 CA 21 CC 88 EB 07 A7 76 A4 11 B9 94 49 3E D9 1D 5D A1 8A D2 89 33 1E 4B 29 11 04 D4 F6 94 0C 98 66 A4 58 F1 D1 1E C2 26 B2 99 78 8A 8F 95 FE 02 B3 54 84 97 16 BE 4B E4 D6 34 78 F5 43 0B 65 06 5A E6 0D 02 4B 74 1A 32 C1 3C 53 01 C8 F8 03 F2 B7 8A 22 8A 82 B6 DC BE E2 3B 80 B3 53 EB 0A D9 BD 54 BD AB 14 0B 55 4E F9 71 B3 F6 7D CD 0E C3 48 B7 9F E4 42 D4 7A EB 48 97 E3 22 2D 37 34 A3 DE 1D 2E C8 A0 D8 3E 6B 68 

----- LoRa packet -----
  count_us: 1188450895
  size:     255
  chan:     5
  status:   0x11
  datr:     9
  codr:     1
  rf_chain  0
  freq_hz   904300000
  snr_avg:  -8.2
  rssi_chan:143.0
  rssi_sig :135.0
  crc:      0xF731
BB 34 04 32 EF 08 25 A8 31 12 BD 50 B9 49 6C 73 4E 93 F4 3C D6 59 C9 08 18 CF C2 2E 60 6C FE 23 97 19 70 81 08 2B F4 DC 38 48 39 7B 7B 37 C6 FC 6F B5 BF 25 D5 27 4A 92 2C A4 70 05 AB 99 6A 42 1E D6 B5 BF 18 C2 F3 EC 43 FC A9 1E B5 F2 DB C8 76 77 0B 4E 49 88 5F 49 18 07 92 72 22 BD 7D 73 64 B9 A1 4E EC 72 DC 93 47 48 89 35 F5 33 E5 33 45 45 E2 2D 95 27 FA E1 4C 88 EB 57 27 76 A4 22 79 94 09 3E 89 8B 55 A9 BA 14 29 33 8E 78 45 59 0C C4 55 98 0C 98 35 48 DA F1 D1 E8 46 06 82 CA B4 86 9F A5 5D 8A EB 54 D4 3B BE 9E 42 84 DE 34 78 F9 23 0B 65 06 CC E6 0D 02 28 3E 1A 32 F1 FC D7 03 C8 9B 8F F2 B3 BA 87 82 C2 B6 8F 34 CA 37 B0 76 97 EA 0A D9 34 DA BD 92 E2 B7 9D DE AA 58 BF F2 7D 0E C8 CB 48 E7 13 E6 4A E4 DC DF 08 07 80 AE 2D 37 05 65 D6 1D 1E AB 2C D0 3E 5B 8E 
Received 2 packets (total:27)

----- LoRa packet -----
  count_us: 1201205290
  size:     255
  chan:     3
  status:   0x10
  datr:     9
  codr:     1
  rf_chain  0
  freq_hz   903900000
  snr_avg:  11.5
  rssi_chan:197.0
  rssi_sig :196.0
  crc:      0xBA0D
BB 04 02 E5 7E C7 5C 6C CE 01 C6 26 C9 CA E6 E4 54 3B BB E2 0E 5F A3 3C 9D 6B C2 4B 2B 4F 5D 6F 5A E6 7F 20 B7 86 67 2A A6 1A D8 1A 3A D6 CE 27 B2 A2 25 12 A4 D2 59 3C 8C D8 2B 5E B8 2F CB 62 9C F4 E6 EE DB D7 5B D5 48 BC C7 CC 3D E2 AB 45 48 64 99 37 6D 42 69 52 7A C9 D1 52 19 FB 90 10 DD BE 2A D4 44 A4 F1 45 FB 5D FA 8B F8 85 29 49 1D F5 5F 41 B8 80 CA 0A CD F4 16 8C C6 0D F7 93 2F 68 A1 0F 86 80 EA 18 4E A6 6A B5 34 9B 7F FB B0 A3 29 23 5C F3 BB 95 3F 1B E7 93 04 B7 06 A3 C7 BC 03 EC 65 E5 70 09 56 5A 18 C9 83 A9 91 B1 0F 91 33 D7 27 0E 37 D3 EE 00 95 D7 3F EC AB 9E 0B 04 48 9F B0 C8 AB 71 84 84 1C D0 51 F8 AF E6 B3 66 5D B4 57 3A ED F7 B5 6A DA FE 9F 92 CF AF 3A C5 0F 5C E5 91 75 B9 72 62 6D 0A 9B 67 92 1E CE 58 C2 62 D9 29 A0 B7 3F A9 38 53 D8 40 91 
Received 1 packets (total:28)

----- LoRa packet -----
  count_us: 1214025319
  size:     255
  chan:     3
  status:   0x10
  datr:     9
  codr:     1
  rf_chain  0
  freq_hz   903900000
  snr_avg:  11.5
  rssi_chan:197.0
  rssi_sig :196.0
  crc:      0xF6FB
BB 04 03 CC E2 E0 FE 77 74 40 D9 49 55 76 26 90 33 CE 27 CB 2C F1 83 42 AF 99 E5 AB 37 6C 6D 49 C5 17 2F A9 13 A0 A9 C5 39 5A 01 E0 41 70 30 73 29 D8 4F 51 42 82 E7 05 5A CB F0 25 F7 9F 0D E3 7B 48 97 00 48 CD 8C C8 40 05 DE 45 E1 97 59 47 0D 19 84 17 4C 07 71 00 EB BB 64 66 7F 1A 18 2B 62 51 85 23 DD 2C F7 94 E8 C3 C0 34 4B 0B CA D0 2B F9 71 36 48 07 0C A7 F6 39 0D A7 9C BA 6A ED 9C 83 5A 9F 38 4A 50 CA C1 67 13 D0 9C ED 63 9F 18 5A 82 BA 9D 5B FD 39 CB 4D 95 FC C4 DC 38 0E FA 46 9D 0C 45 4F 03 A5 8D 10 48 62 66 60 1B 50 4C 42 8C 7F 88 D2 55 56 40 45 97 FA 3E C3 80 86 6C 53 CD 8A 99 45 C2 B6 D7 74 AE 8F 53 98 C5 36 97 EC F3 87 22 39 DB 51 F8 8E 13 4A 8D 9B 96 31 AA D6 9E B8 F0 9A E3 AB 68 58 E4 DC B9 1A F2 22 12 F2 BB 90 13 60 95 64 D2 9F 03 C3 D8 71 AC 
Received 1 packets (total:29)

----- LoRa packet -----
  count_us: 1226811517
  size:     255
  chan:     3
  status:   0x10
  datr:     9
  codr:     1
  rf_chain  0
  freq_hz   903900000
  snr_avg:  11.5
  rssi_chan:197.0
  rssi_sig :196.0
  crc:      0x9E3C
BB 04 04 5C B0 53 D1 C8 D5 13 40 20 FE 32 B2 54 E0 86 25 A3 E0 9E 5E C8 0C 70 86 35 F0 38 F9 CF 85 94 B0 BE 2A EF 64 13 B9 8D A4 61 92 68 A0 58 50 D2 76 D1 EE 39 A0 F0 C0 FD 93 72 12 70 D3 19 D4 5E 92 F2 01 A7 22 67 36 C7 D2 85 E7 00 02 6E 9B 74 E1 86 C2 0E 7F 69 54 33 BF 76 C2 E4 CE 5C AF 1A B1 81 15 5D 61 E2 A9 1B DD 70 1F 67 B0 42 A8 CA 67 FE 8B E0 50 F3 FF A5 4E 29 C2 6A 6F 5C 17 74 BB 27 27 20 CC 5A ED 3A A9 24 45 11 6E 5E 79 D6 03 CD 7C DE 29 F3 F7 E1 C3 F8 F9 27 93 02 26 FB DB 0C 68 D9 A9 3B 47 D6 6D 24 26 09 68 12 93 E9 9C 67 7E F9 BC D8 4E DC E7 EF FC EC A7 FF B9 B6 D8 23 2D F4 E0 88 FE 19 68 4F 82 82 F7 64 1C 1F F4 02 3F E1 74 CD 3E 93 20 E1 F5 55 07 92 5E 32 37 F7 0D DE 77 86 A4 D4 38 97 E6 13 13 0F 3E 61 34 56 BA 4B C4 1E 20 D4 87 3F CE 38 E4 
Received 1 packets (total:30)

----- LoRa packet -----
  count_us: 1239511878
  size:     255
  chan:     3
  status:   0x10
  datr:     9
  codr:     1
  rf_chain  0
  freq_hz   903900000
  snr_avg:  11.8
  rssi_chan:197.0
  rssi_sig :196.0
  crc:      0x292E
BB 04 05 1A A7 CD 5C 31 55 5F DE F6 96 E8 B1 E9 0B 64 07 64 B6 1B 34 EE 96 4A A3 86 E9 D9 07 53 F7 22 44 54 33 CB 7E 01 08 4F 5A 19 91 5B 6C E7 F1 BB AE 35 7C 67 10 32 98 89 55 09 DF 6C 22 BC 04 39 77 4D A6 26 55 CF D7 8B 52 80 B4 BF 5D 1A F8 15 68 9C 81 09 9B 5D A5 C4 F2 AC 21 73 9A B0 5C 84 3A 71 70 C5 C8 3E 76 17 95 58 73 20 21 DB 95 87 20 C0 B3 52 0D 4F 77 83 93 63 0B 67 52 0A F0 BC FB 84 B4 44 AE FF 74 09 E4 DB 13 DD C1 4A 7A 75 F2 C3 CB 0E 93 89 CD F9 68 C0 76 D0 C8 DB 21 D2 4C 7F E4 10 F8 AB C1 6A 5A B2 48 B8 63 76 6E B1 ED 43 71 81 8B 87 A8 DA A0 8F B9 E5 0E C7 81 C7 A9 E7 76 69 74 8B C7 07 5C 6E 1A 93 3D BF 14 36 42 EE 12 50 B6 DB 85 12 41 77 DE E9 95 9C 05 F2 D4 33 03 C8 8C A3 1D 5F 98 F1 13 1C 9D B0 B8 8C 03 70 7A 10 1A 81 F4 4B AC E8 69 F3 0C 
Received 1 packets (total:31)

----- LoRa packet -----
  count_us: 1252259292
  size:     255
  chan:     3
  status:   0x10
  datr:     9
  codr:     1
  rf_chain  0
  freq_hz   903900000
  snr_avg:  11.2
  rssi_chan:197.0
  rssi_sig :196.0
  crc:      0x8443
BB 04 06 D3 73 49 03 BA 6B E6 3C D2 B1 26 9C 6B A5 C9 A0 CE 20 24 31 54 64 FA CB 9B CA 68 D5 83 5F 53 5A 24 1C 35 A1 A4 06 B3 20 DA 6B 5A 87 36 2E CC F8 6C 18 CF FD 4A CC 6D CB 8B 6B 6D 68 B7 09 60 6C 27 09 79 6A 0E B0 CA 81 E1 85 36 10 47 D9 0F 17 C3 5C 48 6A 10 74 3C F7 4A 65 86 61 D2 67 1B 1D 66 95 2D D2 27 08 F4 E7 59 09 2C 8B 9C B6 19 01 04 41 35 78 50 3E CF 50 94 44 44 6D F1 C0 40 B6 C6 98 89 34 CB CB 27 9A 7A 2C DF 51 F0 3B 3B 13 CC 84 63 FF A8 E3 BA A2 71 52 23 8D 63 84 B4 C0 06 00 E5 5C A1 74 7A 91 A2 DF 2C E5 9B 68 6B 20 DC F6 9F EA 14 E8 47 AF E6 B9 1D D7 8A CE A7 3E 07 DC 71 C2 F2 15 A3 D1 B0 A0 75 27 63 EF E9 6F E1 F3 46 10 08 1C B0 8E F1 44 A2 0E 4A 6C F2 30 36 F7 4E BF 7F 7E B3 9E FE 22 32 CC C2 8B B3 E3 AD 80 B1 8A AC AB CA 6D 32 E9 04 85 
Received 1 packets (total:32)

----- LoRa packet -----
  count_us: 1265005903
  size:     255
  chan:     3
  status:   0x10
  datr:     9
  codr:     1
  rf_chain  0
  freq_hz   903900000
  snr_avg:  11.5
  rssi_chan:197.0
  rssi_sig :196.0
  crc:      0x1C8B
BB 04 07 5D 90 56 D1 E7 29 CE A8 B9 25 A2 C2 1C 65 E8 6D 66 F6 7A 25 C9 B8 40 CA AA 3D C6 5C B7 D2 1C 61 B7 73 08 1E 3D CF E4 F2 FC 97 48 75 7F A9 4D 92 AE 50 66 3F C7 F2 8E 55 39 65 91 25 84 78 28 52 97 F5 24 1C D3 BB FF C3 60 82 64 8C 06 36 9A 7C 0D BD 5D FC 11 7C A3 08 1C 6B 0B 4E B4 34 07 35 93 11 8B 72 AE 4B A5 AA 76 B2 83 BA 02 25 2C 2F CB E1 F4 A7 8B EC 6D E5 D0 65 2A 51 79 E4 19 7C 95 7E 74 1F 6D 92 4D ED E3 6A 72 FD 2B 92 AD DE 1B DE 9C C7 58 BA 20 BF AA C9 1B 2B 3D 90 02 36 73 86 E2 0D A7 77 83 FD 3B 33 A2 FD 35 AB 3D C0 80 E8 64 7F 55 A6 EC CB 23 54 3D 9D 85 03 BF 48 CF A4 F6 06 3D 07 AB 51 3A 38 5F AC 7D 0A D4 DF 65 AF 18 F8 1B 41 AF 63 8F E0 99 72 4E A5 1B 5F AF 61 52 03 F5 D8 14 7F 1B CD 55 5B BE DA AF 46 5B 5E 2C 13 38 FF 1A C3 F0 CF DB A8 
Received 1 packets (total:33)

----- LoRa packet -----
  count_us: 1277600886
  size:     255
  chan:     3
  status:   0x10
  datr:     9
  codr:     1
  rf_chain  0
  freq_hz   903900000
  snr_avg:  11.8
  rssi_chan:197.0
  rssi_sig :196.0
  crc:      0x79D9
BB 04 FF 46 0D 99 48 2A A0 7A 30 0A 8C 2A 6E 83 01 8A 93 3A 16 0E 99 B0 46 82 2B 12 56 70 40 6C D7 1D F7 32 B2 BF C1 79 B3 04 0B 69 13 7C 78 DF 4E EE 05 29 C4 E7 26 41 2D FF 8D E7 10 5F 1C 5F 95 AF 68 1B 94 77 09 86 7D E7 BB 2B 6F 77 F1 1A C3 5A 54 FC 8A 15 6A 2E B6 32 A9 96 90 51 A5 69 A2 A1 3D CB 14 4A 1D 3E 2F 9F 57 76 64 45 AE 31 71 A2 EF CC 81 1C B0 C3 7D C0 B3 A8 AA C3 74 B9 08 50 B0 E7 09 DB D2 85 EB 28 A6 67 49 AF 38 92 C7 6B 6A 90 D8 24 B5 A4 AD 8D 65 4B 2B 36 1F 42 27 3B F4 8D 22 D5 71 11 0A D7 25 9A C7 04 CC 3B 81 F2 DB D0 D7 2A 3E 8F 0C 93 7E CB 8F E7 C6 3E 36 85 C5 A0 81 66 38 64 62 2B 56 60 CC 83 CC CE 64 BF 48 C9 B5 47 C3 40 E9 AB E7 7F 0F B9 2F F1 60 03 E2 35 2B B0 48 ED EA 5B 4E B8 4E B6 B2 72 99 80 8C E1 42 17 86 5B D5 23 7D 7C 27 9D 7B 
Received 1 packets (total:34)

----- LoRa packet -----
  count_us: 1290230276
  size:     255
  chan:     3
  status:   0x10
  datr:     9
  codr:     1
  rf_chain  0
  freq_hz   903900000
  snr_avg:  11.8
  rssi_chan:197.0
  rssi_sig :196.0
  crc:      0x6FCD
BB 05 00 B2 97 36 FC 8E 9A D7 3F EA F9 36 D4 A7 F8 E0 FC 3A B7 EC E5 DD 9D 22 3C 41 43 DA 5E 90 9B 32 62 28 EA 78 E5 FA 12 CB BC 6D 3C C5 60 F4 52 80 84 9C 1F BC 1B FA 0E 73 A8 6D 29 E3 4F C4 53 96 00 9E 68 97 C8 A3 FF 01 1C FA 44 2A FC A6 D9 CB BD 72 5B 1B F0 9A 43 C4 1C BA 45 8A E3 8A 08 97 B4 0C 4E 80 4A 2B EE 07 50 7F 67 6D 9F 5E AD DF 6D 3F 12 CE 61 BC 38 97 EC 9B 35 25 C6 18 66 AD F7 F3 39 77 E6 1A 87 DE 4D 03 FE DC 81 02 EA 96 11 7C 54 40 78 38 72 07 DE E9 BB 22 C2 0B B7 73 2B 99 0A C6 7D 64 5D F6 7C C8 0E 1C E0 C9 13 DB E3 16 3F E1 2B 3C 82 23 34 7B C8 BD 14 CF 66 A8 C2 25 DA 3F 21 6D 19 1B 47 11 C1 D4 E4 64 12 CE 0D AA 36 3F 2D 4C 8C 1D A9 D3 E6 73 BD BD 33 91 01 DB 20 3E 10 45 89 FD F3 67 85 FC 95 68 70 C9 0B A5 18 C8 E1 3D 3E CB 03 6E 55 D4 C3 
Received 1 packets (total:35)

----- LoRa packet -----
  count_us: 1296628649
  size:     23
  chan:     6
  status:   0x10
  datr:     10
  codr:     1
  rf_chain  0
  freq_hz   904500000
  snr_avg:  -16.8
  rssi_chan:84.0
  rssi_sig :68.0
  crc:      0xBFC1
00 A6 86 79 F4 66 EF 4E 6C 29 B7 41 06 15 E1 80 00 19 C6 A8 29 EA 76 
Received 1 packets (total:36)

----- LoRa packet -----
  count_us: 1302832411
  size:     255
  chan:     3
  status:   0x10
  datr:     9
  codr:     1
  rf_chain  0
  freq_hz   903900000
  snr_avg:  11.8
  rssi_chan:197.0
  rssi_sig :196.0
  crc:      0xAA09
BB 05 01 91 CC A8 E5 4C 14 CE 66 BA 27 C6 0E 10 8B 4A CD 93 E8 FD C0 32 74 A9 44 6F 85 9F 45 A4 7D EE BE 8E 87 33 C9 FB 06 42 3F 0A 17 91 61 AB A0 EC 3C BC 9A AA 8C 8B 96 55 A3 33 15 42 CF 2C 44 17 A5 6A 45 0A B3 FE AA 3F 28 E3 39 02 CB BB 23 28 E9 40 5D AC B2 AF FF 21 10 08 93 95 53 AA 48 FF CA A9 9C 46 D7 6C F1 11 F2 8F CE 5E 73 C2 76 A2 F1 CF A8 09 25 60 83 2F D1 73 22 4F 61 B9 C4 DA 3B 5A 55 82 BB 99 F2 8B B4 52 99 C5 DE 15 FF B4 DA A2 E7 EB F6 E5 F2 B1 A1 79 41 53 AF 78 D7 AF 72 E2 25 57 60 08 06 9C 68 C8 43 65 98 F7 47 C5 3E 3F 61 2E 86 37 0B 03 A9 23 06 39 A2 C6 11 C8 EA 33 91 A8 6D 56 4C A1 E3 47 B8 77 4D 9B 0F 8E 20 4A E6 43 E3 C7 30 1C B8 99 08 03 F9 1C BF E2 A7 A5 77 E2 9C AA 0E D7 48 1C 6A CB 58 26 F4 FC 5B 96 58 28 AD 1E 28 82 8D 78 6A BD 05 
Received 1 packets (total:37)

----- LoRa packet -----
  count_us: 1315469220
  size:     255
  chan:     3
  status:   0x10
  datr:     9
  codr:     1
  rf_chain  0
  freq_hz   903900000
  snr_avg:  11.5
  rssi_chan:197.0
  rssi_sig :196.0
  crc:      0xA824
BB 05 02 32 D6 67 4C 09 96 54 56 ED 2F A6 4F 5E 78 1A 8A DC 81 DF 22 9E 8B D1 B9 45 C3 3A DA 39 DF 81 4F BB ED 64 06 98 71 E0 A0 BD 3A A7 13 B4 27 5F 76 D4 B8 B3 AD 97 72 CE FA 7A F0 FE 6C DE D0 B0 BF 2E 6D 48 F8 60 3A 07 78 8C 2E 99 35 67 E2 44 50 77 AA C8 82 54 85 FA 50 90 10 5C 3F E6 D9 5B 8C 09 43 4F 96 EB 0B 23 AB 59 B9 92 AE F5 A7 88 9C F6 60 D5 38 AD E2 F4 87 68 20 20 FD 31 39 45 9A E5 F6 B2 32 5F C7 2C 36 45 40 6E F3 EC 7F 04 8F D6 09 37 EA BE 77 C7 65 F7 B8 12 5C 6B 63 C5 38 EA 83 A9 02 02 84 98 9F 4B AF 51 D7 64 FC AC 9C 16 5C 85 EE B8 CB 70 11 6D AF 03 18 A9 2C E4 E8 21 7B 61 64 4C EB B3 9A 8A 86 86 22 F6 A7 A8 72 D0 BF 79 BC FA BF 0D 79 13 1A A1 75 0F 01 AB 9E 9B D2 7F 05 DC 0E 4B EB 77 20 0C B8 85 B8 E2 03 50 B0 6E 30 F9 D9 42 1B 64 E8 6B 55 
Received 1 packets (total:38)

----- LoRa packet -----
  count_us: 1328253018
  size:     255
  chan:     3
  status:   0x10
  datr:     9
  codr:     1
  rf_chain  0
  freq_hz   903900000
  snr_avg:  11.5
  rssi_chan:197.0
  rssi_sig :196.0
  crc:      0x90B1
BB 05 03 DD E7 D7 81 48 47 DD CE 0B A9 57 6E 84 19 B3 27 29 39 F9 66 63 EA 21 BA 61 C6 59 12 58 33 81 EA 1D 33 90 A6 CC 90 6E 19 FF 51 2E 46 52 2E 7A 90 6D 22 72 F5 D3 35 16 D0 FD F1 B5 1E 99 F9 87 F0 3E AC 32 8D 23 36 66 99 FA EC C3 F6 C9 B6 A5 82 2F 81 14 DE 99 0C E1 98 34 03 48 65 AF 61 BF E6 A9 0D 9A B5 5E 24 52 98 36 0D B3 B5 66 B6 83 E9 A0 FF 42 71 42 E7 57 1B FC A7 ED 78 2C B0 63 8A C7 C7 D3 EC 18 C7 7C FE 88 81 57 CB 34 2F B3 76 0D 0A C7 66 BA 13 4E 7E BE E8 0D 42 95 83 47 81 CE 74 61 D2 FE 97 AB 7F FD D9 AB 8A EB 06 B1 A3 67 59 39 72 10 46 24 F1 8B B5 4F 94 EF 51 80 77 81 59 47 B7 DF 1F AD 5B BE D5 C7 7F A8 EF CD CB 92 39 DD 06 D7 5C 75 92 A3 B0 92 05 75 A2 4D E5 EC 86 62 B3 8B 9F 14 52 23 EC 69 51 F5 73 2D 71 AF 7E 84 A7 27 52 D2 17 C8 57 63 1F 
Received 1 packets (total:39)

----- LoRa packet -----
  count_us: 1341038510
  size:     255
  chan:     3
  status:   0x10
  datr:     9
  codr:     1
  rf_chain  0
  freq_hz   903900000
  snr_avg:  11.5
  rssi_chan:197.0
  rssi_sig :196.0
  crc:      0xA21C
BB 05 04 6B 89 46 48 CA 0C 2F 8C 82 38 59 D2 BE B7 A7 76 F5 74 38 90 E4 86 71 38 49 B4 18 59 77 8F 22 72 E8 D2 8D B5 99 AC 11 40 66 E4 15 1F 8A F4 7D 28 B0 3E AE 0A 52 C1 C0 C1 FA 7F B5 A2 A7 D9 2F 3D EF 09 32 F0 03 77 C4 29 62 86 7D AE 57 EE 8D 2A AE 66 89 79 8F D9 77 20 13 36 F8 A1 86 4E FA C1 75 AD E6 4D C7 FA 54 E6 29 09 5B 15 A9 3D 2A 69 BB 4C 52 58 6B 5F 52 E2 64 E2 8F 3D 68 15 EC 97 56 2B 23 28 CB D4 B9 53 B4 72 1C 78 78 F7 7A 32 7F 2E 33 A7 53 B3 02 8A 60 AF D5 AB 8A 84 34 6C CF BB 20 A6 E0 B4 22 7D 7B 30 58 37 37 26 9A 8B 48 83 EC 1C 71 CF F0 D8 1D F6 9D 45 64 9F 24 64 4B 5F 6A 9F FF 59 A7 25 CA FD 97 79 19 81 20 80 B8 70 3C 58 33 FE D5 1A D6 41 51 B5 35 64 EC CC 19 40 5D AD B7 B7 F5 89 81 39 C4 AA 91 55 0F D3 B0 05 BA C4 FE F9 10 71 F3 E7 48 F3 
Received 1 packets (total:40)

----- LoRa packet -----
  count_us: 1353777640
  size:     255
  chan:     3
  status:   0x10
  datr:     9
  codr:     1
  rf_chain  0
  freq_hz   903900000
  snr_avg:  11.5
  rssi_chan:197.0
  rssi_sig :196.0
  crc:      0x0885
BB 05 05 32 C5 8F 3A 5A CF 22 BF F7 D3 B1 07 87 DF 96 F3 0A B9 03 ED 07 24 CF 5E 2B 96 09 69 17 F6 D6 FE 3A A8 EA ED CE D0 D6 A6 80 47 B2 F7 A3 2B DE 32 B8 AB 70 E2 3E 9D 36 E4 38 A7 70 E8 2E E6 0E 10 E0 17 A5 9D B1 BB D8 09 C3 5F 89 A5 8C AA 21 D7 AC AD 09 B9 36 8F 4D BF A8 EC CC 61 AF DC 58 61 D9 F9 A0 E0 60 0F F3 5C 58 F0 22 D3 89 15 C1 7A EC 94 93 4D 52 59 E8 60 A8 09 2E 8B D0 8F 45 4E EB 6E 48 90 1F E3 9A A4 23 B3 22 2C 0D 86 AD 58 24 AA C0 A4 D7 C0 01 45 1A DF 43 06 FC 4A 3F 40 B3 B9 11 43 EA 5A 76 71 51 1C AA 19 94 27 F5 F5 5C BC 6A E4 64 81 DF AA 34 59 0A BA DB E9 C1 DC F0 FE FB 55 EC 42 85 43 E0 D2 CC A3 97 EC D0 CB 33 BB CE EE 37 79 3F 85 D2 82 29 56 C2 10 67 CC A3 5D 05 81 03 AC 42 9B A5 BC E3 09 96 76 BE A5 D1 58 75 4F 8B E2 53 BE E0 17 F9 41 
Received 1 packets (total:41)

----- LoRa packet -----
  count_us: 1366554126
  size:     255
  chan:     3
  status:   0x10
  datr:     9
  codr:     1
  rf_chain  0
  freq_hz   903900000
  snr_avg:  11.5
  rssi_chan:197.0
  rssi_sig :196.0
  crc:      0x12DF
BB 05 06 FE 9B 71 E5 37 1A F1 A0 2A 55 A1 97 00 F0 74 37 F7 2A F3 DB F0 0A B6 45 4F 33 D7 A7 AD D1 FF 0A F8 23 B3 1D 5F 31 F7 8B AE 94 7A 45 63 28 9A A0 48 47 16 AB DA DC A5 F1 F2 1F 60 A5 12 B6 22 A0 B1 41 3F B6 2A 7E 52 AE 73 12 BD F2 13 69 F8 7C EE F9 D5 E6 B7 DB D1 F3 B8 7D 7E 5E B3 57 33 DD DD E5 17 00 B4 C6 56 6B 99 D1 A5 B1 28 AC 70 67 E4 41 B8 64 D7 1B 5B D6 1B 91 C2 48 85 B2 5C 17 66 A8 A6 5A B7 E2 80 45 C8 2E B3 F4 A3 A9 EF 49 54 9E 5E 8E A3 12 87 42 18 B8 E7 7A B7 50 69 E7 CA 3F D4 08 C4 94 18 2A AE 62 10 1D 24 0A 34 49 17 8B 24 A0 E0 AC 70 8D C3 DD 44 A5 22 B2 78 48 93 05 0C 5D A1 C9 FD F9 FB 29 F8 3B ED 20 DD 39 7E CB B8 15 B7 A5 E7 66 14 A5 E6 AA 5E 24 B3 62 FC 5D 63 D1 BD 83 CE 6D 7D 20 6F 85 B1 17 5B 5F F7 18 48 3D F4 32 CF 0E D8 AE 9E A9 
Received 1 packets (total:42)

----- LoRa packet -----
  count_us: 1379251961
  size:     255
  chan:     3
  status:   0x10
  datr:     9
  codr:     1
  rf_chain  0
  freq_hz   903900000
  snr_avg:  11.8
  rssi_chan:197.0
  rssi_sig :196.0
  crc:      0x5564
BB 05 07 36 E9 D8 E3 CD 7E B0 A4 B8 3A 02 4E CC 32 C3 F3 E3 AD 39 9A 89 7F D0 AE 97 03 36 84 C3 AB E9 A2 3E AD 61 E1 10 B3 A6 30 F3 23 F6 54 A0 5A 91 C6 6E 0F 2E 15 AB AB CA ED B9 E0 E9 A7 D8 64 DF 52 1D A5 98 57 F4 2B 7F FF B2 0B E0 51 28 73 61 A5 AE 89 16 EB D4 E2 F6 CA AD B9 98 EC 40 02 11 C2 21 C2 31 3A 70 4A EB 3B 3C 96 13 BD DC 0D EF D9 74 7F 2F 9F 7D 62 17 67 B4 FE 25 F7 A1 83 E5 4E 38 80 2D 7F F1 E1 C2 45 B0 1F 63 28 5C 2E 0B D3 E3 95 64 7B 54 A0 5A 95 B4 47 13 DC 1A 74 BE A8 57 82 E4 6E 2E 74 64 F3 B2 64 A8 2F 7A C2 F9 6B E5 A4 F4 79 9F 36 E9 C2 16 60 83 21 D5 F5 81 4C 1C A6 8A 2C F0 D0 18 94 3B 54 EF 5C BD 6F 93 AC C4 69 90 C4 7F F1 B5 48 A7 A6 FB 1C F1 C9 59 8C 6C 0F 66 F0 9A 1D 04 6E 01 F1 C6 57 66 16 F3 1B 08 DA 55 FD C1 4E 8A FE F7 E2 4D 55 
Received 1 packets (total:43)

----- LoRa packet -----
  count_us: 1392035357
  size:     255
  chan:     3
  status:   0x10
  datr:     9
  codr:     1
  rf_chain  0
  freq_hz   903900000
  snr_avg:  11.5
  rssi_chan:197.0
  rssi_sig :196.0
  crc:      0x53E1
BB 05 FF 5D 54 4E A0 E9 F8 DC F6 51 DC 4A F7 98 B8 85 DD B7 AD C6 5D 88 5F A3 F6 B0 D1 D6 C0 5B 09 3E 5D 14 47 0A 28 4D 0B 91 67 9E 54 F6 AD 53 56 E1 22 B7 C2 31 99 28 F4 67 18 50 1A A6 BA EC D3 6A 35 47 16 D7 82 72 C0 6E A4 0F 7F DB 5C 53 F0 37 A2 28 96 28 D3 22 5A E3 62 B8 DB D9 98 B3 3F 0C AB 55 EF 73 29 91 49 7D 7B 4B A3 DD 3D DB 43 02 44 61 C3 06 E3 A0 C1 ED 92 1F 14 E1 2B 20 80 41 5C 68 30 74 1E 56 41 64 C6 73 56 CE EF 45 B3 A6 C2 E9 3F 92 F4 AA 25 E1 7C 0F 25 0C 78 56 6A 82 83 BE 67 58 4E 70 46 71 21 80 11 C9 39 4C 67 A1 BE BE 4B 25 10 C9 D0 C2 40 42 C6 98 41 07 3B 18 0B 82 6B A6 24 EA A3 63 6E 88 78 AE 49 7F 77 9B 4A 93 3F 02 13 6A 8C C1 4B 4D 84 26 61 83 B6 F4 33 23 4C 9C 37 2B 93 08 13 77 77 DC 55 EE 6D E3 10 52 11 D8 90 BD FA DF BD 86 3C 03 C2 
Received 1 packets (total:44)

----- LoRa packet -----
  count_us: 1404729269
  size:     255
  chan:     3
  status:   0x10
  datr:     9
  codr:     1
  rf_chain  0
  freq_hz   903900000
  snr_avg:  11.5
  rssi_chan:197.0
  rssi_sig :196.0
  crc:      0xC7E6
BB 06 00 56 8E 77 E7 43 38 E6 2C 67 CC E0 75 F8 14 3D 53 57 29 09 B6 5F CC 44 D8 86 ED 50 8A 48 AC 33 50 F5 BD 35 AE 67 89 5B 7D C7 09 B3 6F C4 00 2F 64 20 1B 94 AD B0 BE 84 CC 60 18 83 99 CD 48 DA 01 77 C9 A2 39 B0 AE ED 00 20 63 FF 26 26 58 72 AF B5 1B 06 FD 13 B1 9A 56 64 18 F6 51 C2 9D 98 40 33 AC 29 9E 0B CE 98 91 4F 49 C0 6E DA 1A CC 34 9E 1C 4E 31 22 3C 62 B3 50 FD 57 CC BE 70 0C D6 10 3B 38 29 0B C1 A2 40 A1 A4 BF 3C 86 99 D2 0E F8 E0 6B 7C 14 F1 55 FD 62 A8 7F 98 7C B5 2A 52 0D 6E F9 F1 26 7D 18 18 10 CB 5A 20 13 B0 27 8D 0C 97 A7 44 64 0D 0D 43 EB 0D C0 64 86 79 40 29 FC 7E C1 BD A0 72 0A D7 7D 57 8F 85 FC 2A B6 69 05 EF 30 FA 00 CE 34 7B FF 6A D9 09 9F 0F A6 56 1E 49 F4 61 A1 82 78 D1 DE 03 F2 C5 4D 05 CA 84 BD BE D3 04 66 59 C9 59 80 30 38 49 
Received 1 packets (total:45)

----- LoRa packet -----
  count_us: 1417365723
  size:     255
  chan:     3
  status:   0x10
  datr:     9
  codr:     1
  rf_chain  0
  freq_hz   903900000
  snr_avg:  11.5
  rssi_chan:197.0
  rssi_sig :196.0
  crc:      0xB43D
BB 06 01 8D 48 EB 5C 62 89 B0 EA 77 9E CA 21 ED F3 07 6E 52 CA 04 B0 94 8D 10 9B 4B 50 E4 E2 9A 8D CB 72 0A 76 34 AE 68 9D F8 7F 2B 7A FD 31 D3 EE 73 59 95 B5 FC 34 C6 CD E9 A4 40 4C 3C 5B F3 78 0A 91 9C 99 70 65 92 19 26 D2 DA 65 06 BD 09 13 B0 D7 5F 0E 43 EF 0D D6 53 A2 2B 39 D3 5F 89 D3 C5 7E EE A1 C7 39 E3 89 DE 99 2C 20 FD 8F 92 A8 36 05 39 11 50 BB 21 84 86 E8 F2 9F D6 72 DB A6 A9 14 77 3B 21 9B CB F9 7F 4C 49 FF 49 32 8E B7 B0 16 5A C3 D1 A0 70 D8 5D 84 56 E7 69 8B FA 35 BD 62 82 CE 51 FF 68 D1 20 66 E8 11 97 1E D3 34 90 D7 EC 2D F5 B8 86 DB 6E 8E 20 94 A3 24 98 D7 E1 28 4D 29 6A 41 48 60 A4 C1 E2 31 2F 02 AF 86 0F 62 61 9C A2 CF B9 7F 42 0C 84 9C C5 21 2E 24 56 F7 F0 AF 85 C8 0D F4 6D F0 3F EA 0D 69 57 CE F5 15 08 71 6F 26 DA 23 F9 C8 DD 96 2F C7 
Received 1 packets (total:46)

----- LoRa packet -----
  count_us: 1430151246
  size:     255
  chan:     3
  status:   0x10
  datr:     9
  codr:     1
  rf_chain  0
  freq_hz   903900000
  snr_avg:  11.2
  rssi_chan:197.0
  rssi_sig :196.0
  crc:      0xD713
BB 06 02 EB 41 1F 73 DE 80 13 F6 22 27 4D BA 19 97 DD 89 46 0A BF 03 87 20 7D 57 71 A0 07 9A 1C 50 4A A4 04 76 AD 58 E1 F5 E3 D1 CD CB 5B 83 9F 5F 72 C0 18 FD 6D 85 1A D7 D9 FE 3F 97 3D 41 6F 2D 7A 05 A3 30 4B E0 50 79 69 7C 6A B0 87 3B 37 E3 97 C2 DB DA D6 CA 1F 40 61 28 90 3A 90 B8 D8 68 AC 83 BB 64 36 61 A9 7B A1 98 10 92 BA 55 18 1B CA F4 F8 58 58 B3 62 94 32 06 29 62 68 03 2D 54 A8 CE 65 83 07 35 E7 F4 93 51 C9 EF 13 21 5C 40 11 EB 60 8D FD EF 76 FF AC 5F 8D 02 7A 2A 78 A0 E1 8F AD E3 C0 FF 5E D3 25 54 14 0D B3 FF 52 95 EA CE 4E 6C 3B B0 56 85 C1 6F 34 1A 22 CA 99 94 13 50 4D FD 21 7D C3 29 08 82 4E AE F9 19 87 F2 E9 01 64 39 C5 63 0B 9C A5 FF 29 67 5C 87 BA A5 AF 18 DD 1A 33 0D BC 07 C5 CA 9B 1B 0A C6 E8 08 4D BF B9 21 41 2F 98 9E D6 63 0E B7 7A 25 
Received 1 packets (total:47)

----- LoRa packet -----
  count_us: 1442935549
  size:     255
  chan:     3
  status:   0x10
  datr:     9
  codr:     1
  rf_chain  0
  freq_hz   903900000
  snr_avg:  11.8
  rssi_chan:197.0
  rssi_sig :196.0
  crc:      0xF58D
BB 06 03 B8 67 45 86 30 42 4A D8 D8 A2 FA A2 38 F0 AF 53 CB C6 C5 50 19 85 31 8A CF 27 97 CB 8C 54 3C FC 07 E7 2D 3A C7 E8 5F 4E 86 61 08 05 80 42 1C 1E 26 A4 AE 46 03 14 9B 8A 29 8D 6F DF B5 CC A8 AF 4D 73 9F 28 C6 7C CD 0E 32 86 A1 20 E9 EB 40 B0 41 2B 75 FB 45 70 88 C4 66 3B 36 A4 0E 15 64 37 87 A5 62 FF B2 1B 80 57 DF EE 41 E4 69 CA 6C EA A7 60 C4 53 D2 1F 6E C9 BA A1 4D 1E 77 FD 63 D8 F0 98 7A 11 CB 81 2A D6 BA 80 73 25 6D 85 9D 4B A9 CB 3D C5 53 90 AF 9A 8C 15 1F 85 73 B5 7F F2 2E B3 86 9A D6 70 8C CC FB 2D 22 EA 00 77 61 45 B8 58 B2 01 1C 07 2D 99 A9 88 21 0D 38 2D B8 55 3C 0E 57 2A 57 62 98 83 F8 24 93 83 63 76 ED F8 D4 59 CF B5 8C A1 27 79 95 46 F4 00 55 24 01 C5 01 D7 D3 9A 21 99 B5 67 E0 E1 C9 41 94 4D DA 85 6A 02 EE 94 38 2B A6 8C 2A 22 55 BA 
Received 1 packets (total:48)

----- LoRa packet -----
  count_us: 1455719257
  size:     255
  chan:     3
  status:   0x10
  datr:     9
  codr:     1
  rf_chain  0
  freq_hz   903900000
  snr_avg:  11.5
  rssi_chan:197.0
  rssi_sig :196.0
  crc:      0xA1FB
BB 06 04 AC AB 0E F6 7A 4F AC 9C AF EC 60 C0 EF F3 40 BD 4A 73 71 67 27 A3 CF 35 C5 9D 92 17 43 28 03 B8 C7 F8 03 EF 5F 04 26 EA 40 1C 9D E0 5F DE 81 5F 6A 2C 87 C2 C9 1D 10 4F 47 CB 8F 85 4B 50 BC FE D1 3D F8 94 DE 17 32 BC 5F 13 A7 7F B1 5E D8 98 0F 44 E3 BF F0 A2 F9 85 8C 35 97 D1 84 B0 41 8B DB 11 86 EC 42 EB 77 D9 A0 A7 BC 12 0C D1 81 C4 21 CE 41 A3 E0 CF 39 BB 46 10 26 B1 D2 C2 5A F4 EC 5B CB 23 F7 12 70 96 31 39 3A 42 4F 04 5E 97 45 BE A2 EC F3 9D 9B 24 D5 11 B0 E3 64 4A F7 81 57 59 25 44 60 01 3E FC 89 10 21 32 5B C5 E7 96 EB 3A 0C 4E FA B5 98 BA 75 1D 7B 41 AA D2 EB 3C 5D 46 26 C4 E4 96 C1 B7 7A D7 EE 96 6A 55 54 8A 76 33 4E 1B AE 50 0B C3 51 39 B4 2A 7A 49 51 7C 8E 37 E8 44 A9 F0 6B 89 42 F6 B0 78 22 2D 44 BB 15 C9 06 93 B6 38 35 F4 7E 5A 7F 8A 
Received 1 packets (total:49)

----- LoRa packet -----
  count_us: 1468504488
  size:     255
  chan:     3
  status:   0x10
  datr:     9
  codr:     1
  rf_chain  0
  freq_hz   903900000
  snr_avg:  11.8
  rssi_chan:197.0
  rssi_sig :196.0
  crc:      0x1C95
BB 06 05 77 18 E0 5E EC 85 09 BA 80 98 6A 71 E9 F8 48 85 C7 25 3E CB 57 40 CC CE 09 C3 12 D0 04 96 D5 8A EC 4B 96 6F 28 94 1C 6C 92 D4 2F E6 C5 89 73 60 8C B1 A7 EF 9A DC 3D D6 96 93 11 5B EB 72 1D 25 0A 8B 66 3F B6 B9 09 44 93 2F 07 3C 68 0A 66 F4 69 73 A0 DA B1 17 17 F7 18 BF 3C AC 5D 22 E3 5D E6 21 96 A7 FB F7 A9 9D EE 57 1D 99 CA C9 DE 30 3B A3 8C 55 95 96 0D 5D 0A 5E B7 F5 03 94 71 76 E0 0C 77 39 F9 C5 7D 50 DE CA B8 08 F7 52 B2 19 F8 C9 65 2F 44 AF 5F 65 0B F4 13 E1 80 24 1C DF 1D 30 3E 22 9A AA EA 60 D2 57 1C 92 24 77 36 21 DE 66 44 D7 2B 5B C1 AD E9 A1 9F 38 6E 5F CE 63 07 F1 EB AD 00 01 18 3A B9 0C 8E 74 64 C9 0F 76 D6 70 E7 AC 50 8A CA BF F0 44 C3 53 F8 F0 58 AF 71 4F 3D 6F 69 8B 75 03 99 2B AA E7 9A E1 88 4B 09 24 BF EE D0 6A EF EC 67 04 FA 5A 
Received 1 packets (total:50)

----- LoRa packet -----
  count_us: 1481296118
  size:     255
  chan:     3
  status:   0x10
  datr:     9
  codr:     1
  rf_chain  0
  freq_hz   903900000
  snr_avg:  11.8
  rssi_chan:197.0
  rssi_sig :196.0
  crc:      0x5C38
BB 06 06 19 A0 15 99 09 79 45 8D 09 F5 00 F8 70 22 9D 63 B7 E5 13 F1 85 AB 85 C0 BD 85 A0 65 34 08 1D 2E EA D2 BD C7 57 85 66 14 B4 25 61 3A A1 FC F2 18 B6 EC 04 C3 E5 95 DA A6 3F 87 AF 40 8E E7 B7 59 12 6D E9 E0 02 6F F9 A9 F2 9E 09 23 E2 8F 59 09 03 83 3A B8 0A C3 FE 35 7C 94 D6 66 7C 64 4B AD 63 A3 A9 DD 9D 57 D9 91 3D F1 8E 44 BC 83 BF 08 51 85 2C 1C 8A 3A 8E 4E CE CA E6 0A F5 AE AC 54 A7 C5 1A F5 A2 DA 64 86 9C 72 2C 3E 3A C7 C4 FD 8A 38 77 B4 C5 A1 41 FC E2 64 3F A4 1E BF 06 08 C0 09 AA 92 4E 2B 8C 2C C9 C6 83 69 BC E1 F1 F1 26 3E 6B 33 F1 47 BA 9F 46 92 05 9B 57 F0 EA 19 3C 38 CE 14 5D 2C F7 67 DB 17 26 3C BB 1A 31 04 AF F9 36 F6 F6 16 B5 DD 16 31 B9 DF 93 22 46 D0 4E 6F B6 E3 DF B8 71 7F 0B 06 50 88 40 4B 98 58 E4 4F 17 0D CC 14 D4 E1 5B B4 FC D0 
Received 1 packets (total:51)

----- LoRa packet -----
  count_us: 1493891047
  size:     255
  chan:     3
  status:   0x10
  datr:     9
  codr:     1
  rf_chain  0
  freq_hz   903900000
  snr_avg:  11.8
  rssi_chan:197.0
  rssi_sig :196.0
  crc:      0xC1C2
BB 06 07 97 20 B6 0A 25 5B 78 C2 6C 65 32 AF 4F 17 DB 6B 53 3D D0 FE 4D 64 49 58 D2 49 B4 39 EE 50 FC A4 94 7D 5F 81 7B 45 0B B9 D4 FD FB 97 97 DB 67 50 9E 85 A9 73 D0 6F 76 C1 65 FC AE 45 A7 34 0A 72 FE EE 42 C6 D7 CD 68 A7 FF 7C 70 B0 42 EB 27 66 07 CF 46 9A AB 52 2B A7 C5 40 43 F3 57 14 3B 6A F2 A4 75 1C AE 1F CE AD 6D 39 36 6C AD C5 8E 5B 34 3A 9C 93 20 1B E4 1A 24 7E BC A5 99 BB 84 60 CB A7 AE C0 B2 F6 90 41 4B 43 45 8F 04 05 78 42 4B 80 E3 49 5C 97 8F 6E 05 47 52 84 BA 9C 69 CA E0 1E 3F A3 C3 D4 FF A5 A7 7D 99 1F BE 6A 49 7F F8 24 75 85 9F 61 E7 AD 1B F7 1A E1 A8 53 CD 89 49 78 A6 E7 3D B0 CA 9D 36 00 B9 CF B8 2D 20 08 59 69 3A E4 A0 4E E1 7D 98 F3 76 9B DB 63 E0 BE 5B 9D 9C CE A8 1B C8 14 1A 3C D3 50 50 88 0E EF 0F B4 41 36 32 26 A4 0A 00 3E B3 8F 
Received 1 packets (total:52)

----- LoRa packet -----
  count_us: 1506712113
  size:     255
  chan:     3
  status:   0x10
  datr:     9
  codr:     1
  rf_chain  0
  freq_hz   903900000
  snr_avg:  11.2
  rssi_chan:197.0
  rssi_sig :196.0
  crc:      0x7FE0
BB 06 FF DD D3 8B 75 75 9B 97 81 A0 33 A5 AA 0D BE 06 D7 E1 A1 FB F6 ED C8 D7 FD D0 A8 B0 A2 DF C3 B9 C2 A9 46 F6 A4 72 59 48 B6 15 C9 35 73 A4 83 55 94 45 03 26 C7 09 8B AE E2 BD 6D 72 87 6D 20 1E CA 32 26 33 19 09 BE C5 56 63 EE 06 50 88 73 D5 09 12 9F D9 64 A4 73 1B F8 94 7E BD FA 6F D1 47 9B 4D FB 76 B3 79 73 AE BF B2 2D DF F3 EE 3D 32 88 87 E7 FF 13 6C 4B E6 26 97 5B 6F 48 82 3C 6D 62 92 2E 6C B9 F2 B6 9D 8A A3 F6 7D F1 BF 7F BE 89 17 AA 29 C8 6F 42 01 6F 0C 9E BD 9E CD D8 8D D1 66 8E 60 3C B1 5B 36 F3 22 06 7B FD EF 5F 55 E8 FD C8 8D 62 17 9C 8B 1E 97 D2 9B 84 84 39 08 CB EF 53 78 31 F8 52 DA 60 07 20 35 0C BA 83 F7 02 82 C0 3D 46 96 0E 61 2D E8 68 0C 92 94 52 F1 C1 D8 A1 6E 38 86 30 C2 6D 50 F4 A5 6C CE 81 F2 EC 91 FA FC DF 84 AF EA 8D 3B E7 F2 9E 
Received 1 packets (total:53)

----- LoRa packet -----
  count_us: 1519506660
  size:     255
  chan:     3
  status:   0x10
  datr:     9
  codr:     1
  rf_chain  0
  freq_hz   903900000
  snr_avg:  11.5
  rssi_chan:197.0
  rssi_sig :196.0
  crc:      0x223D
BB 07 00 04 20 C0 86 85 2E 35 BB 35 FD E9 B6 82 A5 69 47 D7 06 A1 62 89 FC 87 E3 B8 A2 9D 06 DD C3 54 5D 30 69 C6 9B 50 31 65 39 62 FF AE 68 66 3D F0 A8 AC 19 5A 35 88 8C D5 54 47 22 3F 6F 01 21 AB 4E 20 A9 24 61 38 AE 5A D6 A9 E2 A9 48 67 A1 C6 55 83 98 33 B9 8B 32 9E 29 C6 A3 0D 3D 07 2E 32 F4 93 F9 C7 66 D7 A5 18 DE ED 4B 19 C9 A2 1A F2 4C CC 9D 3A 63 72 6E 96 48 01 A9 A9 87 6A A9 57 75 55 D6 31 19 8F E9 50 8A 75 E4 78 01 11 57 24 98 1A 0A 00 D7 9C BC 0F AD 83 5F 9D E2 E1 64 21 14 A7 F3 10 1C 4A 99 67 A6 66 BE A7 06 2E F7 19 28 0B 3B E1 C4 DD 0C ED 63 DC 42 92 97 55 2B B0 C1 9D 09 D9 07 6A 2D 9A 00 05 6C F7 97 5E B2 90 70 CB 0A 99 D3 BB 2D 2B 0C DE BC EB BE DF 97 1F 05 5B 59 AA AE 2F 66 C5 E8 BD 09 91 CA 79 48 55 BF BA 99 86 A4 92 6D EE EF 6B 78 8E 91 
Received 1 packets (total:54)

----- LoRa packet -----
  count_us: 1532291543
  size:     255
  chan:     3
  status:   0x10
  datr:     9
  codr:     1
  rf_chain  0
  freq_hz   903900000
  snr_avg:  11.5
  rssi_chan:197.0
  rssi_sig :196.0
  crc:      0x8C1C
BB 07 01 4A 70 FA 46 6C 24 54 2F AB 92 27 2E 3D 35 DA 0F 62 07 25 93 73 9B 3E 39 42 DE D8 B3 7A 88 FE 27 69 E5 77 DE 05 09 A2 B0 CB 01 70 62 D7 EF 62 DA 9F 92 9E 16 A6 77 9E 5E 53 03 51 82 69 8C F5 55 0D 93 B6 B4 E2 B2 78 90 D0 4E D0 58 7E E6 05 4F 40 52 F4 7A 2D 32 BA 21 65 41 96 92 7F F9 B3 34 F6 6E F7 91 63 6A 30 F0 2C 5B 32 39 07 74 36 15 5B C2 87 F2 87 60 E6 CA 46 62 B3 A7 A9 06 2F 33 1F D9 A1 73 70 17 A2 5F 9B 9F 92 6A 23 90 BD 84 C1 B5 6F A4 74 C8 2E 84 4E 6B 1C 57 2E 1D 3E 63 86 C3 90 6B 5D 54 13 04 BE 09 97 AC 07 2D D6 61 73 A1 DE 01 09 8F C2 0E FF 50 AE D5 DD BA 16 7B 65 84 C9 21 CB 21 45 FD 23 CE E3 7F 86 77 D3 2F 92 D6 FF 10 19 D8 26 84 C3 FA 36 06 36 19 C5 76 3D 1F F1 98 02 38 AA 84 F0 C1 9F C4 88 33 40 A6 7C 90 FA 38 86 9E 0C 86 09 4E 30 80 
Received 1 packets (total:55)

----- LoRa packet -----
  count_us: 1545078543
  size:     255
  chan:     3
  status:   0x10
  datr:     9
  codr:     1
  rf_chain  0
  freq_hz   903900000
  snr_avg:  11.8
  rssi_chan:197.0
  rssi_sig :196.0
  crc:      0xB332
BB 07 02 31 17 A5 29 D9 A9 AD 3A 00 D6 0E CD 3C 49 E3 C5 C2 E6 8B 38 F4 CC 87 05 89 01 DC AE 85 56 6A 17 CE DC 43 51 42 F6 7A E1 2A A5 DA 70 2E DC 90 5E 9F 89 21 64 22 5A 1D 7E BB EE 0D EA 92 CC E7 90 E6 5D 6E 72 4F 1F 12 45 F5 50 51 D8 26 EC 17 58 A1 A3 13 0A 96 56 7B 0A A6 E8 6E CE CB DC B8 F4 30 A0 FA 11 99 F7 4C 85 70 1C 0D D4 FA 38 1A 64 DC 3F 8B D1 55 DD A1 8F 38 43 D6 94 EB 85 5A 34 AA B5 F0 39 A7 FB 8C 2C 2A 69 99 71 E4 D9 53 BA 28 08 C1 C3 99 26 6A 4C D5 E9 C4 65 1D 2C 25 CB 05 09 4B 70 B6 C9 CE DD 2A 67 45 9C 23 83 DC FF 8E 54 C7 29 4D D7 A9 99 7F 1B E4 99 CD 06 4A 3C B8 12 18 1B 14 4E 0D 36 34 E4 BA 1B C2 EA 35 45 C5 1D 5C 5D C0 4C E4 04 87 64 67 64 CB 3E C9 62 B2 E5 AF 71 6D B0 A2 6D 5C 77 F3 DD C7 3D C9 59 88 EA 6C 4F C2 F7 C2 D5 0C E4 0C 64 
Received 1 packets (total:56)

----- LoRa packet -----
  count_us: 1557870305
  size:     255
  chan:     3
  status:   0x10
  datr:     9
  codr:     1
  rf_chain  0
  freq_hz   903900000
  snr_avg:  11.5
  rssi_chan:197.0
  rssi_sig :196.0
  crc:      0xDE32
BB 07 03 49 DC 7F 56 03 9F 85 C4 CD FC 0F 3D E0 1C 9E 46 D6 8C 95 65 EF F0 71 BB D3 EC 9E CA CC A2 B9 59 ED DE B2 14 97 FC 70 B0 81 A5 B1 E0 73 67 AF CD AB B9 D7 F6 33 24 63 D2 C4 E6 77 8C 89 94 6C 51 54 2F EB 54 AA 7A E5 09 5B 0B 2C 2A E1 59 1B FA FC DE F9 27 5A 0A 3D 64 84 35 CF 9F 52 56 DD 50 BC 0E 28 F4 29 56 18 79 97 FC E0 03 3D 71 7D D0 FA 24 C2 9F F5 FB AC 7C C3 B6 A6 47 50 6F 5B 15 9A 5B AA E2 6D B9 C4 BD 13 50 B0 DC 8B 31 A9 0F 95 DD 95 74 E5 26 B8 0F 1C 52 9B 15 9B 66 CC E0 8C 97 3A A7 28 3C 07 80 07 29 2D 3A B5 C2 EE 79 20 59 97 D8 7C 4B A6 41 4A FC FC DA F3 7D 76 9D 6A 11 77 6E 44 A4 56 DF E2 90 9B 09 A1 C4 BC DC 67 B5 F2 AE 14 79 2E 41 D1 83 ED 66 25 51 A0 53 18 23 38 11 0A A3 83 40 FD FB A6 24 1E C4 E7 F2 CB 89 12 C9 0A 43 71 C0 37 04 C0 32 
Received 1 packets (total:57)

----- LoRa packet -----
  count_us: 1566475675
  size:     23
  chan:     7
  status:   0x10
  datr:     10
  codr:     1
  rf_chain  0
  freq_hz   904700000
  snr_avg:  -17.0
  rssi_chan:83.0
  rssi_sig :67.0
  crc:      0x6BD7
00 A6 86 79 F4 66 EF 4E 6C 29 B7 41 06 15 E1 80 00 80 65 84 50 43 71 
Received 1 packets (total:58)

----- LoRa packet -----
  count_us: 1570657679
  size:     255
  chan:     3
  status:   0x10
  datr:     9
  codr:     1
  rf_chain  0
  freq_hz   903900000
  snr_avg:  11.8
  rssi_chan:197.0
  rssi_sig :196.0
  crc:      0x2E3D
BB 07 04 BB CC A3 D9 AD 2D B8 39 F2 56 CE E3 88 EB DF 10 47 BE FF 9F 6D C8 D7 25 1B 00 D6 F8 49 D5 68 EC 1C F6 A8 DC A8 1A 5D 05 C7 32 CB 9C 26 7C FA 54 D6 16 50 50 15 D9 EB 91 0D 9A B0 E9 43 80 BB 2E FA 26 60 62 EE B1 10 1E 77 A9 05 4F A9 3A EB 6B E7 8F 5A F7 D1 4B 7C 05 10 75 81 59 A4 CD 72 89 F6 8E 35 3E 93 C6 A7 0D F2 9C 2B 6C 06 A6 A6 58 1A EF A1 60 46 0F 6C 47 AC 11 24 20 21 B0 AC D2 07 CF 02 6A E4 B7 6B 62 44 0A E4 2F 0C A2 EE 02 16 7E F7 27 34 D2 90 F5 AD 76 09 7B 15 F0 16 93 65 EF 9B C1 5A 80 B0 FC 7E E9 F7 99 D1 20 A6 08 0E 5C 0B 29 0D BD 95 2A 24 26 45 35 CD 66 44 EC 53 F9 A3 A3 C2 AA 1B EA D0 0B 55 0D 95 20 C2 80 E3 88 C2 CD 2B B4 DD F0 5D 6D 3B F4 E0 C1 B6 A1 37 13 9F FA 68 6C E7 F8 64 72 BF 01 9B 05 39 28 73 FD A4 7D 60 5D C7 D6 92 76 E9 2A 

----- LoRa packet -----
  count_us: 1570657696
  size:     255
  chan:     5
  status:   0x11
  datr:     9
  codr:     1
  rf_chain  0
  freq_hz   904300000
  snr_avg:  -8.5
  rssi_chan:142.0
  rssi_sig :135.0
  crc:      0x2E39
BB 07 C4 BF CC A3 B9 AD 25 B8 39 32 56 C6 E3 8B 6B DF 10 47 DD BF 9F 6D CB 57 24 1B 00 26 F2 49 85 C8 CA 94 F6 98 BF 20 DA 5D 05 42 36 CB 9C E6 30 79 54 D5 1A 50 50 25 D9 6B 95 5D 9A DA A9 43 B0 7B 2E FA 26 60 48 8E B1 10 8B 57 A9 05 2C 09 BA EB 6B 21 8F 5A F5 B1 41 7C 05 29 B6 C1 59 A6 FE DE C1 F6 1E 56 B2 93 C6 97 CB F2 9C 2B 2F 8C 66 A6 58 D9 E7 A1 60 E5 03 6C 47 AC 1D 24 20 21 B0 25 D2 07 CF 02 6A E4 B7 6B 62 44 0A E4 2F 2C A2 EE 02 14 7E F7 27 31 D2 90 F5 AD F6 0B 7B D5 5C B3 93 55 8A 9B 01 56 B3 7A FC 76 DC 92 99 D1 20 A5 8E 06 5C 0B EF 06 BD 05 4A 2E 26 45 05 CB 6E 44 EC 50 39 33 A3 E2 69 1B EA D0 08 D9 0D 95 10 C4 80 EB D8 A2 47 2A B4 EC 36 DD 6D 3B C4 EC C1 B6 91 97 1B 9F FA 38 26 E7 F0 51 B7 BF 01 9B 06 B3 2C 73 CE 62 B5 60 0D A7 5A 9A 76 D0 EF 
Received 2 packets (total:59)

----- LoRa packet -----
  count_us: 1583621874
  size:     255
  chan:     3
  status:   0x10
  datr:     9
  codr:     1
  rf_chain  0
  freq_hz   903900000
  snr_avg:  11.5
  rssi_chan:197.0
  rssi_sig :196.0
  crc:      0xBE62
BB 07 05 5D BA D4 80 4B 1F E8 E7 C1 8B 0A 0A 71 A6 B0 AB BC 3D 51 10 C2 40 90 3D 2A 24 D5 4B 4A 2A B0 D0 22 E0 44 72 2F B7 70 49 6E EA 5F B4 B5 5A 72 EB 12 73 A6 BB 75 BB E5 AF B1 D1 42 78 59 6A 59 E7 73 0F 14 51 4E B5 C2 0E BF 1C BD 63 D7 E7 EE 7D 72 AD AC 92 9F DB D5 43 A6 D2 E0 F0 24 85 55 01 02 85 03 BE DF F6 9B BA BE 8D A4 02 02 AB 24 D7 3B F5 37 EB 60 9E B1 10 18 98 96 98 59 9D E5 D9 DB C3 C8 03 F6 3E A2 5F 67 BD 77 90 10 24 30 CA 72 5F F5 55 73 93 BD 73 10 C2 80 BD AA 7A 6E 52 FB A7 43 65 14 F7 63 AF 77 88 5C 12 4E CE D5 67 ED D8 90 DF 85 49 C1 9A 3F 54 FB 3D F2 20 29 8B FB 8B C5 DB A6 9B 0B BD 3A FC 44 5A AC 9C B8 1E BE 46 9E EE 09 FE 99 59 15 7A D8 A8 A2 42 E2 0F 4A E5 C4 4F 17 53 1C 61 A5 A6 B1 D9 E6 02 6E B9 7A F7 2D 32 20 05 82 3D 0D 0F FE 55 
Received 1 packets (total:60)

----- LoRa packet -----
  count_us: 1596407787
  size:     255
  chan:     3
  status:   0x10
  datr:     9
  codr:     1
  rf_chain  0
  freq_hz   903900000
  snr_avg:  11.8
  rssi_chan:197.0
  rssi_sig :196.0
  crc:      0xE401
BB 07 06 8F 46 7A C1 0D FA 42 73 DE 98 0E 4A D0 FD 9F 78 7B 79 15 8E 79 2B 38 7A 50 F4 24 40 F4 B0 9A 1F 0E 54 02 02 B6 D2 CC 3D EA 1C C1 F0 93 27 52 93 18 C8 F9 68 90 C1 19 0A DE D7 A9 B4 D8 A2 12 BD DA 06 7D DE 28 4A 7D B9 0A 4B 1C 48 3C 82 68 02 C3 42 A3 D9 6D 9E F0 5D 0C 8D C5 A4 2A E0 DD CC E7 E2 08 52 A7 32 1C 31 D4 C7 03 2E F2 CC 08 DA FA 14 6D E6 F7 5D AF 34 BB D8 88 83 47 CD 15 DD 66 0D 07 75 20 22 EC 6C 57 4D FF 90 1A 7E E9 C5 8E 07 7F C0 D2 CA D2 20 68 5C FD 55 C0 01 E8 2F 50 20 3A B1 2E B1 4A EC AA EF 36 DD 4F 89 3D 93 21 0F F2 54 0D 6F 4F B1 5A 13 AC D4 82 90 7A EC F9 C3 E3 FF 4B 93 C7 2D 3E E9 16 08 3F CC 52 CF 53 6C C1 D2 B6 E9 D0 28 63 79 CF 25 D3 73 FD 82 16 BE 48 B2 F7 32 E3 DC 46 29 7D BC 9B CA FB 8F 9D 90 0D DF 20 C2 A2 29 DA 35 00 8F 
Received 1 packets (total:61)

----- LoRa packet -----
  count_us: 1609193884
  size:     255
  chan:     3
  status:   0x10
  datr:     9
  codr:     1
  rf_chain  0
  freq_hz   903900000
  snr_avg:  11.5
  rssi_chan:197.0
  rssi_sig :196.0
  crc:      0x912B
BB 07 07 F8 97 09 EA 64 E6 84 8B 5E A5 35 E7 72 79 39 FC 6E 90 E1 46 29 1C 84 B0 0D 59 6E D5 17 3F A3 A8 D1 6C 70 8B C3 4B A3 60 36 29 8D 2D 73 9E B6 B8 1E 0A 48 D6 40 A3 0F FF ED 4F 57 EF 7D BE 5E 48 5B 1A 48 DA 2F BC 9D 47 28 B1 18 C4 A4 08 B5 D9 AF 27 61 FF 3B 4E F6 76 B1 B8 CB 4F 40 8B E9 A8 F7 80 35 17 0E 93 7D EF EF 57 E8 26 79 B7 29 33 BF 2D 38 22 D2 B4 EC 3B 1A 28 8F 90 D2 D9 5C 98 E2 3C 67 55 92 13 74 6A CD A6 1B 2E 90 C9 01 CE 61 C3 16 42 0C EA 79 86 5F D4 98 3E 26 4D 9F 01 3F C1 77 DB 49 4A A8 5B EF 99 86 19 E0 12 D8 2B 66 4F 35 5D 82 12 B9 9D 80 37 61 75 CF 63 4A CB DA 45 62 28 94 77 6D 24 08 1C 7A F8 C2 74 37 36 C3 A8 DF 34 6A 70 00 E8 B8 AE 60 66 87 01 E2 27 BB E7 99 2A BC 55 68 BB 0D 5D 91 68 AB 78 40 88 D3 A4 C7 7C 31 1F 7B 76 89 50 52 26 
Received 1 packets (total:62)

----- LoRa packet -----
  count_us: 1621985296
  size:     255
  chan:     3
  status:   0x10
  datr:     9
  codr:     1
  rf_chain  0
  freq_hz   903900000
  snr_avg:  11.5
  rssi_chan:197.0
  rssi_sig :196.0
  crc:      0xE31B
BB 07 FF A7 3C E4 CD BC 12 DF 4C E0 A5 30 2C 38 0C 07 F4 4F 01 C0 EB 1E E4 B4 B6 CC 18 4E F7 0E CF 98 BF 9B A0 DE 27 72 06 8F C9 77 13 6D 6F 9F F6 C1 75 C5 1C 75 E4 8F 85 2D 6D E4 FA 18 41 CC 03 7B E6 97 7D 56 C4 98 8B E7 E4 3D B8 B8 42 38 A5 17 75 67 F0 19 AD 72 1C CD 0B 8A AD 55 BC 0B 7E F7 88 0D 50 E9 D7 E1 FF 21 BB 51 71 A2 41 ED 51 00 8B D5 67 37 90 56 50 E3 29 A9 47 DF 58 95 7C 79 29 22 DC 60 F8 95 04 EB 7F 6E 1E B4 C7 CB 1E 55 6A ED 8F 50 34 0D 15 75 4A 8E B3 32 68 10 F5 F9 B3 59 07 64 6E A0 B4 8C 1B B9 EE 43 43 8F EE 6B 18 72 53 33 CB E2 96 82 29 D7 A3 57 A8 C4 5F C7 5B A1 7A 98 FC 4A 33 3E 4A 2C D4 48 5D 7F EF D5 A1 36 7E 8A F5 88 13 53 A4 D8 61 1B A5 11 10 F8 49 1C 2F 46 7B 7E 15 3E BF 66 E4 B9 FB 65 37 D7 24 C2 54 41 F6 8D C2 CD C8 95 CA 37 91 
Received 1 packets (total:63)

----- LoRa packet -----
  count_us: 1634769331
  size:     255
  chan:     3
  status:   0x10
  datr:     9
  codr:     1
  rf_chain  0
  freq_hz   903900000
  snr_avg:  11.5
  rssi_chan:197.0
  rssi_sig :196.0
  crc:      0xD554
BB 08 00 02 31 5A 08 8C 2A 26 63 86 A9 EB 35 7B 3E 4B B8 46 90 C1 54 98 B7 5C 89 B2 B9 5F 46 0F 89 97 5D 76 6E 1E C8 4D 73 4F A0 36 0A B5 A1 EA 05 10 BF 58 01 91 A5 33 27 7E 1D A4 0B FC EA AB 36 70 BA 5F 74 25 72 56 C2 AD 16 55 2E C7 7B 04 A8 C6 71 9F 8B D1 D9 0B 2B 2F 20 A8 BA F8 0A C1 88 3F 1A 27 EB D7 24 DB 44 55 82 29 8D 23 C0 B9 96 B1 73 10 DE EC 12 F2 16 91 3A EF F4 A8 EB 12 F1 7B 01 5E 2D 0F 11 BC AF 4C A4 BE A2 48 98 D2 05 D9 01 6A 6E CD 5A AE F1 84 73 1D AC 36 4F 3A ED E6 0F 3D D5 AB 67 3A 1E 4A 3F 48 96 1C B0 AE AC C0 D9 4E D0 54 B3 3F 95 7B 18 F8 02 03 E3 97 5D 98 0E 43 07 01 07 94 93 79 1B 81 52 6D 3B 8D D5 98 6A 50 F4 A1 F3 4D 91 29 FE B4 53 FC 74 D1 CA 4A D4 9B 3E 29 3F D1 67 D3 1E 8D 95 19 11 B4 83 49 0B 45 06 86 7A 65 FC 86 22 71 6B 10 69 
Received 1 packets (total:64)

----- LoRa packet -----
  count_us: 1647554784
  size:     255
  chan:     3
  status:   0x10
  datr:     9
  codr:     1
  rf_chain  0
  freq_hz   903900000
  snr_avg:  11.5
  rssi_chan:197.0
  rssi_sig :196.0
  crc:      0x6123
BB 08 01 F7 0D 7A 48 E7 CE 15 DC 9E CE CF 92 A4 6C FE 49 55 F2 3F 4F 29 CA 05 92 B1 A6 8F AC D0 9F B1 D7 3F 71 62 0D 78 D6 51 C3 68 E5 C9 FD 62 72 97 3E 3F D1 2F 6B 3C 21 8F 53 21 05 CF ED 2D 42 78 6A 86 67 CE 3F 7B 99 86 18 06 5B 66 AE E3 D5 46 C2 EF 3F 0F 4B C3 67 C3 D2 D6 20 26 30 55 F3 58 6D 06 5C C2 5A 6D 28 E4 C9 35 E2 D7 F6 9D 9E A8 09 66 7A B0 67 3E 6E D8 18 EA 69 6B AA 04 42 4B AE 41 E5 7B 5F EE 68 95 6C 42 9B 85 3D E4 B2 B2 EC AE 45 7D 96 B4 AC 46 E8 71 9C 1D A1 16 06 B7 FE 75 4C 2E F8 92 B0 A5 AC 1D 38 12 56 B0 B2 62 A0 DF 06 E6 A6 79 38 C0 BE 1A 98 92 52 27 CB AD D4 62 AB D5 21 60 DC F1 DA 1C 16 A1 09 5F AC D9 F3 AE B2 6F 2E B6 50 DB 3D F8 AA 88 0C 20 B5 B8 4F 22 49 FF 85 89 01 7E 47 B7 01 06 29 C2 27 2D B4 A8 3F 12 E5 1D AF BC E9 0C 03 46 B3 
Received 1 packets (total:65)

----- LoRa packet -----
  count_us: 1660344967
  size:     255
  chan:     3
  status:   0x10
  datr:     9
  codr:     1
  rf_chain  0
  freq_hz   903900000
  snr_avg:  11.5
  rssi_chan:197.0
  rssi_sig :196.0
  crc:      0x3FE1
BB 08 02 84 EC E9 25 F4 40 C4 BB 54 44 92 73 02 54 9B 21 13 35 BE C2 12 1E 6E A0 3A 76 E9 D9 06 79 17 11 13 E4 E8 D9 D5 41 77 AE 2F 2A 75 45 C3 55 78 5B 19 26 48 31 D1 4A 4B 39 12 5D 0C 68 05 81 7F 55 24 0D 01 D6 72 A2 F5 18 F5 E5 CA A9 B1 9C 0B F9 82 D5 26 6B 1A 08 15 D5 12 50 1F 26 6C F3 29 98 D1 46 59 5E 09 48 9F 30 F2 43 99 98 2A 6C 3D E4 75 83 E3 34 FC 9F 1E 35 00 B9 9F C8 2B 01 E8 D2 2F 66 07 6B 08 12 28 74 4C 7A AE 9C 3A 28 63 59 9A 9E E0 5A 67 E6 F9 23 93 AD 83 49 D4 E9 20 DB 80 1B 4B 01 B0 7E 19 FF F9 5E F0 10 61 C9 C0 99 E0 57 ED 1D 10 39 EC D5 9F 87 CC 6E 5B 4B 34 DF F8 ED 91 48 A5 DD 36 BF 2C A8 7F 18 29 C9 88 B8 68 72 2D 61 74 68 73 E5 C9 84 3F 26 C1 2F AC 73 8B 56 22 A4 C0 34 E1 02 A9 19 99 1B C0 CF 76 B6 2C 5E 1A BD 0C DE CB B3 F9 35 2B F9 
Received 1 packets (total:66)

----- LoRa packet -----
  count_us: 1673133073
  size:     255
  chan:     3
  status:   0x10
  datr:     9
  codr:     1
  rf_chain  0
  freq_hz   903900000
  snr_avg:  11.5
  rssi_chan:197.0
  rssi_sig :196.0
  crc:      0xC1C9
BB 08 03 05 B5 AC 3C 8F 28 AB 18 C9 0A 63 DE E3 C8 73 EA A4 1E 45 67 60 8A 0E 76 76 50 2F EA 6C 79 13 D4 58 47 F8 DC 25 0D 61 0E 15 D5 1D 7A 67 7A EA 03 A0 F0 00 56 B5 F2 5E 23 6C 08 4B A4 38 8B 1C 8E A1 6C A0 90 61 E3 6D F7 E3 40 B9 6E 6F 45 E6 65 0C 85 D6 68 4D C0 C9 A6 39 3B 5D 5C B1 A5 0C 49 9E F5 1D FA 99 C6 FB AF D4 57 46 21 3F 3E 36 B9 9A 74 02 23 D1 64 27 F4 82 C7 94 20 A1 42 D4 EF 24 8F FD DA 6F 5F F4 BF 2F 23 5A 3B 40 08 7C 97 63 10 ED 68 4F 87 F5 04 21 08 2A 7B 4E 13 EE CE F6 17 39 F7 65 58 A9 44 D3 77 A5 28 BA 53 6C F8 D4 F3 67 EF DE DE 53 EE 21 BA 98 28 E3 60 EA 6C 0D C3 4E D8 E4 5E 1F 34 BA 2B C4 C9 0A C2 8D F7 C4 0E 01 63 0B D2 27 1E F3 1B C1 EB 03 8D 7A 90 4F 0C F4 9C A7 87 68 0E BD DB 5C F9 D0 D8 D1 5A 1B D2 AF 4A 81 7E EA 37 07 F9 16 6B 
Received 1 packets (total:67)

----- LoRa packet -----
  count_us: 1685918500
  size:     255
  chan:     3
  status:   0x10
  datr:     9
  codr:     1
  rf_chain  0
  freq_hz   903900000
  snr_avg:  11.5
  rssi_chan:197.0
  rssi_sig :196.0
  crc:      0x0EC7
BB 08 04 25 8F 54 AC 17 C7 4A 24 5A D8 2F BE 74 AF 2A 7B A6 46 FE 1F 9E 33 DB 09 ED 72 C9 E8 38 B8 AC 81 98 E8 5C 26 06 CF C8 89 E6 35 BE 72 4E 47 C2 BC 06 E3 63 34 D6 6B 26 06 7E AA 2C 98 2E 47 E3 3A C6 C3 A0 72 AD 13 F8 7C 61 94 9D 68 5E F7 B6 4A A9 CE AB B3 EE 3F 2B 2C A8 16 DE 57 34 13 9B 02 32 50 2B 56 7C B8 50 9D 7B 21 92 5C 35 9E A9 82 64 01 D3 21 91 47 2F C5 AA F1 83 6A A7 5F E4 A0 A0 1C 0F 6E AD 79 FF 58 47 33 57 FC 60 6B 37 E9 4F B4 AB 83 99 8C F0 36 47 8E CD A2 D7 C8 8A F8 C3 08 E3 33 39 61 AF ED B1 65 44 91 41 A6 34 FC 45 A7 36 D8 7B 9E D9 CF BA 68 6A CA EE 40 F4 A8 9C 60 F7 BD 7F E1 AA 7C 38 78 26 78 B7 CD 28 AF 66 C7 3A D7 7A 70 1F 61 99 16 E6 51 49 8A EE 40 53 5E 01 F9 C4 0D 96 D6 91 46 CA 93 99 45 3C D4 46 C3 38 A8 8D BE 4E 5C 76 62 AE C9 
Received 1 packets (total:68)

----- LoRa packet -----
  count_us: 1698721653
  size:     255
  chan:     3
  status:   0x10
  datr:     9
  codr:     1
  rf_chain  0
  freq_hz   903900000
  snr_avg:  11.8
  rssi_chan:197.0
  rssi_sig :196.0
  crc:      0xDA71
BB 08 05 01 38 78 CC 8C 91 1D 9B E0 02 5B 05 1A A2 11 71 87 D5 40 25 E3 49 3E C1 3B 09 FB FA 9F E5 23 F0 49 7A FA 29 D7 77 C8 11 C4 39 78 EA 68 F4 79 61 2D F2 0C 97 8D EF 82 20 B6 57 6C EB 21 F9 3C 67 E6 93 0A A2 81 00 3E 04 AA 33 8A 9D FF 2D 95 73 17 6F F3 6D F1 F3 2E CE E3 C8 76 51 C8 86 54 0E 2F EF B7 E5 5F 08 5D 66 A2 BD 1D 52 D6 F2 4B 43 8E 91 D9 53 E4 AD 36 4E 0F 5D 10 C0 3E 4B BA 87 A4 8A 36 D5 04 6F 6E 4C 30 D0 85 BE 97 57 1E D2 1F 6F 54 22 16 D8 1F D4 69 1C 3F C2 B6 1B 14 10 07 04 CB B6 92 7D 89 CD 27 F1 5A 61 D9 2C B2 9A DC ED 61 6E 01 16 D6 50 01 22 B8 1B B6 6A FE 7B A4 D3 DB CA FB 6F D0 9E 79 B7 1F 6F 73 AB 51 8A A1 DC D8 60 7A 38 53 94 67 D3 7E BD 77 69 6F 21 E7 C7 E1 FD 5B 65 78 DA 17 9F 93 C3 50 D6 50 4A E6 55 45 F1 9A BD 73 3E E8 7F C6 67 
Received 1 packets (total:69)

----- LoRa packet -----
  count_us: 1711503929
  size:     255
  chan:     3
  status:   0x10
  datr:     9
  codr:     1
  rf_chain  0
  freq_hz   903900000
  snr_avg:  12.0
  rssi_chan:197.0
  rssi_sig :196.0
  crc:      0x9235
BB 08 06 E5 82 51 05 0D 3A 41 12 D8 4C 4A 78 81 79 43 5D 3D 67 FF B6 55 7C D3 51 91 AD 01 D9 9E CC 90 8E 54 1F 1A 58 B1 74 6C 8D 02 34 66 93 B9 44 49 3F ED 05 F7 AA 89 53 AC 53 BD D5 D6 E1 DB F7 21 14 8B 07 5D A3 5D 24 3D 1B B7 50 84 D1 44 D4 43 CD 0F D8 CF 06 0C 56 5A 5E 8F FC C6 F9 52 9B 6E 73 31 C6 0A AB 5A A1 A5 C7 D4 74 A2 18 13 9E CE 2F 0D 3D 57 02 43 D2 8D 6C 69 20 DF E4 C5 D2 B4 6C 81 2E AC 2A 41 A5 97 74 05 FA 38 01 4B 40 9D 46 6B 83 CE 18 3C 73 A7 34 07 D9 CE 74 2B C0 38 29 F3 19 D6 06 BA 23 E7 D3 54 B8 7C 4C 4E A5 83 74 BB 06 90 E7 5C 5E A2 C5 34 91 97 1B 21 7F 40 C0 12 BC 7F 07 01 F1 0D 52 FA B8 BA 1F B1 07 BE 79 B4 29 0E 8E DD 13 44 CB 1D 69 83 34 6E 9C CA 32 BE 15 03 49 E8 40 DC A6 AF 35 2D 9B 07 02 CA B2 2E 9D 23 0D A5 D3 76 0D 6C B0 47 31 
Received 1 packets (total:70)

----- LoRa packet -----
  count_us: 1724287792
  size:     255
  chan:     3
  status:   0x10
  datr:     9
  codr:     1
  rf_chain  0
  freq_hz   903900000
  snr_avg:  12.0
  rssi_chan:197.0
  rssi_sig :196.0
  crc:      0x2177
BB 08 07 8B 9C 1C E1 3E E4 15 54 DE 97 87 9C 0C 58 F6 D4 97 3D 14 C1 CC AC F0 7E C2 A6 7D 7A 9C B6 BF 1A 2A B3 78 E3 8B 9D A9 52 38 C0 11 47 3A C7 B7 A9 06 D1 B0 25 15 7A FE 09 F5 4D 51 2F 4A 18 52 15 D9 50 21 E0 FF FB 95 BD F6 17 E6 90 0E B3 A2 61 A4 58 2B 22 AB A9 7F DC 56 9F 73 F3 58 AA 6C 53 14 2A 8D 87 95 B2 0A 09 93 AE 8A 1D 9A 11 F3 C4 8B 7F 73 D8 9C E0 B5 6A 25 37 94 77 B2 6F 62 FC 01 E6 22 28 AE 3B 17 41 CF C1 F4 89 35 21 5D 30 DF 41 D8 1C C3 61 D1 E1 0F 8C 01 53 CE 7B A2 0B F4 AA 68 D8 D5 FB AD 35 EC 0A A6 AF BB 67 B8 E7 B9 13 2B 06 12 D7 E5 D5 F8 57 83 63 83 F3 FF F9 64 39 4F 0D 39 46 78 8A E5 56 D7 6D 4C 79 4C A2 25 FC B2 97 05 01 F9 A6 1F 36 7B 40 79 5D 8B DE 38 F2 8B 0A 33 50 5E F9 D3 CA 47 0B F8 D8 B7 6F C0 7C 2E 3F 8A 3A 00 67 C4 22 AA 15 
Received 1 packets (total:71)

----- LoRa packet -----
  count_us: 1737075338
  size:     255
  chan:     3
  status:   0x10
  datr:     9
  codr:     1
  rf_chain  0
  freq_hz   903900000
  snr_avg:  11.5
  rssi_chan:197.0
  rssi_sig :196.0
  crc:      0x83EA
BB 08 FF 3E CC 04 DD B8 04 5F E5 39 28 6C 55 DD E2 D3 B9 2F 80 50 F3 27 43 FF 2A CA 49 58 68 10 31 82 AA AD 82 A8 74 2E B8 CD 84 7C E8 A5 2F 89 68 50 92 1E C3 DE 85 AC 13 12 28 7B 3E B3 76 25 2F C7 57 2E 75 9C 98 B0 D6 DD 3F CF 30 A7 A6 D2 19 AF BA EB C5 92 6B 27 B7 10 E1 C7 4C 81 4C BF 89 8F 8A 56 57 4A 45 CA 41 77 E1 A4 3D 8C 84 5B B9 CD 0D F5 81 93 CA 4B 5B 51 6E 6E 58 10 90 72 59 84 25 90 7F 39 46 73 02 14 22 22 B8 27 C8 C5 CA 9D 6E D9 BC 54 5B 42 7A 57 8B F8 52 BF 9B 32 79 9B 2E FD 2A 61 32 B9 4C 33 EE 51 A1 9F CD A8 CC B3 ED 3E 2D D4 B0 BC 4B 4C 12 2B 2B 03 5E F2 1B 5E 83 9A B4 17 CB 09 F5 AE 70 55 E6 23 86 C8 6A CF 28 04 F4 BC 71 5C 21 57 A0 8A FC EA 2D 1A FF E4 F5 4F 53 68 C5 7B AD 48 06 D4 70 E9 1A 50 FA D2 10 94 C2 51 03 CD 19 50 47 B5 2B EE C2 
Received 1 packets (total:72)

----- LoRa packet -----
  count_us: 1749869018
  size:     255
  chan:     3
  status:   0x10
  datr:     9
  codr:     1
  rf_chain  0
  freq_hz   903900000
  snr_avg:  11.8
  rssi_chan:197.0
  rssi_sig :196.0
  crc:      0x3471
BB 09 00 40 A7 E8 30 67 74 0E 69 A9 44 E1 8D 88 26 45 09 80 A2 D8 A3 31 19 06 CB AD 82 73 4D C7 AD B1 67 57 58 49 2E 43 73 B1 95 53 6D 24 0D 08 A0 5F 45 BF E6 8D 73 1A B8 66 62 06 FE 68 33 C2 3E A5 FF CA B3 5F CC 63 03 9F D6 83 D0 B3 C8 67 A8 D5 A3 1E 22 20 4D 6F 49 FE CC 72 87 B6 C4 BD C9 78 34 DB B1 95 D7 4F 1E 84 EB F5 E0 3B E9 9A 0F 20 EF 9B 3A 2C 4F 15 C8 90 8E BC 72 41 71 78 66 C1 3E 91 AD 96 ED 5D 72 56 B1 00 6A CD 48 49 59 BD 53 D0 F9 42 F5 A7 6A 57 DC 01 86 B9 B8 24 49 A3 C2 96 A4 40 1F 45 63 A4 8F A3 97 AA 86 D1 F5 2B 34 5A 03 6C 17 27 44 F0 5F F5 FB 46 A0 63 77 76 4B 8A 6F C5 F0 0C 8F 10 34 E1 1F 2B 14 09 58 F7 AF 09 98 07 A3 46 7E FF 7A FF 3B 43 ED CF 81 E1 CC AC 67 11 8C 51 DA 56 78 52 28 FA A7 56 42 E1 CC 7A 51 1E CA 79 8F 0A 01 C5 4C 64 B8 
Received 1 packets (total:73)

----- LoRa packet -----
  count_us: 1762664864
  size:     255
  chan:     3
  status:   0x10
  datr:     9
  codr:     1
  rf_chain  0
  freq_hz   903900000
  snr_avg:  11.5
  rssi_chan:197.0
  rssi_sig :196.0
  crc:      0x7E27
BB 09 01 4A 58 B3 04 E5 F1 2E 5A 56 F2 20 22 CE 3F 97 86 D0 69 28 BD A7 6B A6 D7 F0 84 AC 97 C9 D8 06 56 AD F5 76 C1 B3 DF 3C 6F 5D 8B A7 1D B9 A8 F5 E0 89 FC 0D 2D 87 B6 C4 86 2D 19 87 5C 28 C5 20 1C 7E 7D 71 98 B9 8F 76 D0 D5 BE 55 32 9A 72 A2 E9 91 E0 4E 9E 73 2C B8 BC F5 EE DC 80 43 F9 FB DD F6 D1 3A 50 A6 DB A2 1B 07 DC 6C 63 BF 9C 78 BF D7 3A 7D 80 D0 41 4B 7E D9 AC EF 9C C2 41 44 29 9F BA B7 83 19 C1 09 64 34 99 3D F2 5A 79 7A 49 B7 B9 88 F9 5F 7C 9B E6 CF 93 91 7B 59 6D 77 F1 6F A1 E2 59 2F D4 49 7B D8 71 60 6E 63 EC A3 2F 65 C4 32 12 11 27 A3 3D B7 98 8B 96 45 BF BA 7C 9F 0C 32 C6 5B D6 49 6E 29 3A ED 39 E3 2D 70 B6 15 AF 31 B9 63 BD 21 E1 F9 B0 56 FC A5 A7 E4 EF DF 61 8F D1 0F 15 0E CD 19 35 E5 00 54 10 A5 5B 29 A7 37 24 70 97 44 05 E9 E6 84 38 
Received 1 packets (total:74)

----- LoRa packet -----
  count_us: 1775451867
  size:     255
  chan:     3
  status:   0x10
  datr:     9
  codr:     1
  rf_chain  0
  freq_hz   903900000
  snr_avg:  12.0
  rssi_chan:197.0
  rssi_sig :196.0
  crc:      0x1EE7
BB 09 02 19 A2 A0 8C 69 5C 20 4D 77 1F B9 CC E1 7B 11 51 4F 73 97 E3 89 1D 99 47 F3 3D D5 B8 69 FB C2 0B 95 F4 06 D3 0E 67 93 EE 08 47 B1 18 D1 05 36 15 54 CB 78 2C 12 4F 75 A6 63 96 0B 38 30 51 B5 47 17 18 5F EB 55 6C DC F4 07 8C 1B AC D5 33 8E AA 14 E0 FF 34 A6 92 D1 95 DE F6 B3 EC 91 2B 09 AF EC 1B C6 E5 F0 17 71 F8 FD 60 E7 49 EE F3 D6 76 65 43 DE C1 9E BE 14 EB DD 80 EF F5 16 9B 2F 64 91 90 D5 E0 46 2C 15 72 10 D3 DE 22 22 AB B6 2A 49 E5 24 8B 2F B6 91 FA DF 88 D8 E2 4D 61 2A 9B 65 EB C2 A0 96 73 A0 32 4B AD 8B 53 4E D9 55 CA C2 40 F8 14 66 E0 16 6F A1 58 A8 69 38 28 38 0B 2A A6 5A 10 6B 2D C3 F0 99 16 A8 54 97 3C F7 46 8A 6D 31 82 F8 FE 25 52 33 EB 7A 97 E6 62 86 77 E0 06 FC D5 7E F2 EE 41 DF 57 C9 84 75 41 C0 7E E5 B1 FC 4D 7C B9 49 B7 29 F2 DF 95 
Received 1 packets (total:75)

----- LoRa packet -----
  count_us: 1788242434
  size:     255
  chan:     3
  status:   0x10
  datr:     9
  codr:     1
  rf_chain  0
  freq_hz   903900000
  snr_avg:  12.0
  rssi_chan:197.0
  rssi_sig :196.0
  crc:      0x1A24
BB 09 03 1B A4 44 01 28 D4 D1 4F C8 90 FE 98 90 92 F8 21 8D 17 83 2C 44 17 A9 E8 17 A5 4E 4D 34 92 9C 8F D0 1C 3B F9 AD EE 09 CE EC B9 5C BF 0A F3 D1 30 19 8F 90 58 B8 D7 23 59 5A D9 9A F9 B7 1A 42 24 03 7E 34 66 72 82 6D E5 8F 8F 3F 87 CE AC 85 2A 1A 9B 64 EC 70 88 D1 74 8D B9 65 8D 88 7E 4D 79 FB 8C 3B 1B 83 D9 CD 61 F9 2B 08 07 41 B9 94 A9 BA 25 5D 02 73 6B C9 43 62 80 B8 9E CB 5C 81 A2 AE 23 E3 F6 61 B5 A6 73 89 E4 DD C7 F1 07 EE F8 CA 5C DB B8 A2 57 45 19 DD 01 C2 FF 61 3C 0E 47 D8 20 22 2D 77 F9 07 06 7D 6B D2 F8 54 A9 04 9F 96 0C 2F E4 AA 51 74 6E 02 D8 08 BD 54 79 A4 8D CE F9 8E 7D 44 5E 91 10 C4 2A AA 90 4D DA 03 6C 3A AE 22 D4 06 2B FB 53 AE CC 5B BA E8 67 9A 2C 8B D2 12 93 A0 18 85 48 93 29 A3 FD A8 BC 9E 64 3E 7D 2F 22 5E 34 49 58 2C 28 79 06 
Received 1 packets (total:76)

Nb valid packets received: 76 CRC OK (1)
Closing SPI communication interface
[rak_gpio] stop: holder released, lines latched (HAT stays powered)
=========== Test End ===========
