===== sx1302 HAL RX test =====
INFO: rxpkt buffer size is set to 255
INFO: Select channel mode 0
[1] SX1302 reset: GPIO17 LOW -> HIGH 0.5s -> LOW ...
[2] SX1261 LBT: GPIO22 LOW 0.1s -> HIGH ...
[3] firmware-load wait 2.0s ...
--- probe[post-GPIO17-reset] ---
  version reg 0x0005 x10 : 00 00 00 00 00 00 00 00 00 00
  verdict: 0x00 = MISO stuck low / chip unpowered (Gate 2)
[holder] June-faithful GPIO17/GPIO22 reset sequence complete
[rak_gpio] holder on: READY (24457 on READY)
Opening SPI communication interface
Note: chip version is 0x10 (v1.0)
INFO: Configuring SX1250_0 in single input mode
INFO: Configuring SX1250_1 in single input mode
INFO: using legacy timestamp
ARB: dual demodulation disabled for all SF
INFO: no temperature sensor found on port 0x39
INFO: no temperature sensor found on port 0x3B
INFO: no temperature sensor found on port 0x38
WARNING: no temperature sensor found (RAK2287) - continuing without, assuming 25C nominal
Waiting for packets...

----- LoRa packet -----
  count_us: 6560935
  size:     255
  chan:     3
  status:   0x10
  datr:     9
  codr:     1
  rf_chain  0
  freq_hz   903900000
  snr_avg:  11.8
  rssi_chan:197.0
  rssi_sig :196.0
  crc:      0x53E1
BB 05 FF 5D 54 4E A0 E9 F8 DC F6 51 DC 4A F7 98 B8 85 DD B7 AD C6 5D 88 5F A3 F6 B0 D1 D6 C0 5B 09 3E 5D 14 47 0A 28 4D 0B 91 67 9E 54 F6 AD 53 56 E1 22 B7 C2 31 99 28 F4 67 18 50 1A A6 BA EC D3 6A 35 47 16 D7 82 72 C0 6E A4 0F 7F DB 5C 53 F0 37 A2 28 96 28 D3 22 5A E3 62 B8 DB D9 98 B3 3F 0C AB 55 EF 73 29 91 49 7D 7B 4B A3 DD 3D DB 43 02 44 61 C3 06 E3 A0 C1 ED 92 1F 14 E1 2B 20 80 41 5C 68 30 74 1E 56 41 64 C6 73 56 CE EF 45 B3 A6 C2 E9 3F 92 F4 AA 25 E1 7C 0F 25 0C 78 56 6A 82 83 BE 67 58 4E 70 46 71 21 80 11 C9 39 4C 67 A1 BE BE 4B 25 10 C9 D0 C2 40 42 C6 98 41 07 3B 18 0B 82 6B A6 24 EA A3 63 6E 88 78 AE 49 7F 77 9B 4A 93 3F 02 13 6A 8C C1 4B 4D 84 26 61 83 B6 F4 33 23 4C 9C 37 2B 93 08 13 77 77 DC 55 EE 6D E3 10 52 11 D8 90 BD FA DF BD 86 3C 03 C2 
Received 1 packets (total:1)

----- LoRa packet -----
  count_us: 19352906
  size:     255
  chan:     3
  status:   0x10
  datr:     9
  codr:     1
  rf_chain  0
  freq_hz   903900000
  snr_avg:  11.8
  rssi_chan:197.0
  rssi_sig :196.0
  crc:      0xC7E6
BB 06 00 56 8E 77 E7 43 38 E6 2C 67 CC E0 75 F8 14 3D 53 57 29 09 B6 5F CC 44 D8 86 ED 50 8A 48 AC 33 50 F5 BD 35 AE 67 89 5B 7D C7 09 B3 6F C4 00 2F 64 20 1B 94 AD B0 BE 84 CC 60 18 83 99 CD 48 DA 01 77 C9 A2 39 B0 AE ED 00 20 63 FF 26 26 58 72 AF B5 1B 06 FD 13 B1 9A 56 64 18 F6 51 C2 9D 98 40 33 AC 29 9E 0B CE 98 91 4F 49 C0 6E DA 1A CC 34 9E 1C 4E 31 22 3C 62 B3 50 FD 57 CC BE 70 0C D6 10 3B 38 29 0B C1 A2 40 A1 A4 BF 3C 86 99 D2 0E F8 E0 6B 7C 14 F1 55 FD 62 A8 7F 98 7C B5 2A 52 0D 6E F9 F1 26 7D 18 18 10 CB 5A 20 13 B0 27 8D 0C 97 A7 44 64 0D 0D 43 EB 0D C0 64 86 79 40 29 FC 7E C1 BD A0 72 0A D7 7D 57 8F 85 FC 2A B6 69 05 EF 30 FA 00 CE 34 7B FF 6A D9 09 9F 0F A6 56 1E 49 F4 61 A1 82 78 D1 DE 03 F2 C5 4D 05 CA 84 BD BE D3 04 66 59 C9 59 80 30 38 49 
Received 1 packets (total:2)

----- LoRa packet -----
  count_us: 32144218
  size:     255
  chan:     3
  status:   0x10
  datr:     9
  codr:     1
  rf_chain  0
  freq_hz   903900000
  snr_avg:  11.5
  rssi_chan:197.0
  rssi_sig :196.0
  crc:      0xB43D
BB 06 01 8D 48 EB 5C 62 89 B0 EA 77 9E CA 21 ED F3 07 6E 52 CA 04 B0 94 8D 10 9B 4B 50 E4 E2 9A 8D CB 72 0A 76 34 AE 68 9D F8 7F 2B 7A FD 31 D3 EE 73 59 95 B5 FC 34 C6 CD E9 A4 40 4C 3C 5B F3 78 0A 91 9C 99 70 65 92 19 26 D2 DA 65 06 BD 09 13 B0 D7 5F 0E 43 EF 0D D6 53 A2 2B 39 D3 5F 89 D3 C5 7E EE A1 C7 39 E3 89 DE 99 2C 20 FD 8F 92 A8 36 05 39 11 50 BB 21 84 86 E8 F2 9F D6 72 DB A6 A9 14 77 3B 21 9B CB F9 7F 4C 49 FF 49 32 8E B7 B0 16 5A C3 D1 A0 70 D8 5D 84 56 E7 69 8B FA 35 BD 62 82 CE 51 FF 68 D1 20 66 E8 11 97 1E D3 34 90 D7 EC 2D F5 B8 86 DB 6E 8E 20 94 A3 24 98 D7 E1 28 4D 29 6A 41 48 60 A4 C1 E2 31 2F 02 AF 86 0F 62 61 9C A2 CF B9 7F 42 0C 84 9C C5 21 2E 24 56 F7 F0 AF 85 C8 0D F4 6D F0 3F EA 0D 69 57 CE F5 15 08 71 6F 26 DA 23 F9 C8 DD 96 2F C7 
Received 1 packets (total:3)

----- LoRa packet -----
  count_us: 44939798
  size:     255
  chan:     3
  status:   0x10
  datr:     9
  codr:     1
  rf_chain  0
  freq_hz   903900000
  snr_avg:  11.5
  rssi_chan:197.0
  rssi_sig :196.0
  crc:      0xD713
BB 06 02 EB 41 1F 73 DE 80 13 F6 22 27 4D BA 19 97 DD 89 46 0A BF 03 87 20 7D 57 71 A0 07 9A 1C 50 4A A4 04 76 AD 58 E1 F5 E3 D1 CD CB 5B 83 9F 5F 72 C0 18 FD 6D 85 1A D7 D9 FE 3F 97 3D 41 6F 2D 7A 05 A3 30 4B E0 50 79 69 7C 6A B0 87 3B 37 E3 97 C2 DB DA D6 CA 1F 40 61 28 90 3A 90 B8 D8 68 AC 83 BB 64 36 61 A9 7B A1 98 10 92 BA 55 18 1B CA F4 F8 58 58 B3 62 94 32 06 29 62 68 03 2D 54 A8 CE 65 83 07 35 E7 F4 93 51 C9 EF 13 21 5C 40 11 EB 60 8D FD EF 76 FF AC 5F 8D 02 7A 2A 78 A0 E1 8F AD E3 C0 FF 5E D3 25 54 14 0D B3 FF 52 95 EA CE 4E 6C 3B B0 56 85 C1 6F 34 1A 22 CA 99 94 13 50 4D FD 21 7D C3 29 08 82 4E AE F9 19 87 F2 E9 01 64 39 C5 63 0B 9C A5 FF 29 67 5C 87 BA A5 AF 18 DD 1A 33 0D BC 07 C5 CA 9B 1B 0A C6 E8 08 4D BF B9 21 41 2F 98 9E D6 63 0E B7 7A 25 
Received 1 packets (total:4)

----- LoRa packet -----
  count_us: 57731941
  size:     255
  chan:     3
  status:   0x10
  datr:     9
  codr:     1
  rf_chain  0
  freq_hz   903900000
  snr_avg:  11.8
  rssi_chan:197.0
  rssi_sig :196.0
  crc:      0xF58D
BB 06 03 B8 67 45 86 30 42 4A D8 D8 A2 FA A2 38 F0 AF 53 CB C6 C5 50 19 85 31 8A CF 27 97 CB 8C 54 3C FC 07 E7 2D 3A C7 E8 5F 4E 86 61 08 05 80 42 1C 1E 26 A4 AE 46 03 14 9B 8A 29 8D 6F DF B5 CC A8 AF 4D 73 9F 28 C6 7C CD 0E 32 86 A1 20 E9 EB 40 B0 41 2B 75 FB 45 70 88 C4 66 3B 36 A4 0E 15 64 37 87 A5 62 FF B2 1B 80 57 DF EE 41 E4 69 CA 6C EA A7 60 C4 53 D2 1F 6E C9 BA A1 4D 1E 77 FD 63 D8 F0 98 7A 11 CB 81 2A D6 BA 80 73 25 6D 85 9D 4B A9 CB 3D C5 53 90 AF 9A 8C 15 1F 85 73 B5 7F F2 2E B3 86 9A D6 70 8C CC FB 2D 22 EA 00 77 61 45 B8 58 B2 01 1C 07 2D 99 A9 88 21 0D 38 2D B8 55 3C 0E 57 2A 57 62 98 83 F8 24 93 83 63 76 ED F8 D4 59 CF B5 8C A1 27 79 95 46 F4 00 55 24 01 C5 01 D7 D3 9A 21 99 B5 67 E0 E1 C9 41 94 4D DA 85 6A 02 EE 94 38 2B A6 8C 2A 22 55 BA 
Received 1 packets (total:5)

----- LoRa packet -----
  count_us: 70517998
  size:     255
  chan:     3
  status:   0x10
  datr:     9
  codr:     1
  rf_chain  0
  freq_hz   903900000
  snr_avg:  11.5
  rssi_chan:197.0
  rssi_sig :196.0
  crc:      0xA1FB
BB 06 04 AC AB 0E F6 7A 4F AC 9C AF EC 60 C0 EF F3 40 BD 4A 73 71 67 27 A3 CF 35 C5 9D 92 17 43 28 03 B8 C7 F8 03 EF 5F 04 26 EA 40 1C 9D E0 5F DE 81 5F 6A 2C 87 C2 C9 1D 10 4F 47 CB 8F 85 4B 50 BC FE D1 3D F8 94 DE 17 32 BC 5F 13 A7 7F B1 5E D8 98 0F 44 E3 BF F0 A2 F9 85 8C 35 97 D1 84 B0 41 8B DB 11 86 EC 42 EB 77 D9 A0 A7 BC 12 0C D1 81 C4 21 CE 41 A3 E0 CF 39 BB 46 10 26 B1 D2 C2 5A F4 EC 5B CB 23 F7 12 70 96 31 39 3A 42 4F 04 5E 97 45 BE A2 EC F3 9D 9B 24 D5 11 B0 E3 64 4A F7 81 57 59 25 44 60 01 3E FC 89 10 21 32 5B C5 E7 96 EB 3A 0C 4E FA B5 98 BA 75 1D 7B 41 AA D2 EB 3C 5D 46 26 C4 E4 96 C1 B7 7A D7 EE 96 6A 55 54 8A 76 33 4E 1B AE 50 0B C3 51 39 B4 2A 7A 49 51 7C 8E 37 E8 44 A9 F0 6B 89 42 F6 B0 78 22 2D 44 BB 15 C9 06 93 B6 38 35 F4 7E 5A 7F 8A 
Received 1 packets (total:6)

----- LoRa packet -----
  count_us: 93435545
  size:     255
  chan:     3
  status:   0x10
  datr:     9
  codr:     1
  rf_chain  0
  freq_hz   903900000
  snr_avg:  11.5
  rssi_chan:197.0
  rssi_sig :196.0
  crc:      0x5C38
BB 06 06 19 A0 15 99 09 79 45 8D 09 F5 00 F8 70 22 9D 63 B7 E5 13 F1 85 AB 85 C0 BD 85 A0 65 34 08 1D 2E EA D2 BD C7 57 85 66 14 B4 25 61 3A A1 FC F2 18 B6 EC 04 C3 E5 95 DA A6 3F 87 AF 40 8E E7 B7 59 12 6D E9 E0 02 6F F9 A9 F2 9E 09 23 E2 8F 59 09 03 83 3A B8 0A C3 FE 35 7C 94 D6 66 7C 64 4B AD 63 A3 A9 DD 9D 57 D9 91 3D F1 8E 44 BC 83 BF 08 51 85 2C 1C 8A 3A 8E 4E CE CA E6 0A F5 AE AC 54 A7 C5 1A F5 A2 DA 64 86 9C 72 2C 3E 3A C7 C4 FD 8A 38 77 B4 C5 A1 41 FC E2 64 3F A4 1E BF 06 08 C0 09 AA 92 4E 2B 8C 2C C9 C6 83 69 BC E1 F1 F1 26 3E 6B 33 F1 47 BA 9F 46 92 05 9B 57 F0 EA 19 3C 38 CE 14 5D 2C F7 67 DB 17 26 3C BB 1A 31 04 AF F9 36 F6 F6 16 B5 DD 16 31 B9 DF 93 22 46 D0 4E 6F B6 E3 DF B8 71 7F 0B 06 50 88 40 4B 98 58 E4 4F 17 0D CC 14 D4 E1 5B B4 FC D0 
Received 1 packets (total:7)

----- LoRa packet -----
  count_us: 106227415
  size:     255
  chan:     3
  status:   0x10
  datr:     9
  codr:     1
  rf_chain  0
  freq_hz   903900000
  snr_avg:  11.8
  rssi_chan:197.0
  rssi_sig :196.0
  crc:      0xC1C2
BB 06 07 97 20 B6 0A 25 5B 78 C2 6C 65 32 AF 4F 17 DB 6B 53 3D D0 FE 4D 64 49 58 D2 49 B4 39 EE 50 FC A4 94 7D 5F 81 7B 45 0B B9 D4 FD FB 97 97 DB 67 50 9E 85 A9 73 D0 6F 76 C1 65 FC AE 45 A7 34 0A 72 FE EE 42 C6 D7 CD 68 A7 FF 7C 70 B0 42 EB 27 66 07 CF 46 9A AB 52 2B A7 C5 40 43 F3 57 14 3B 6A F2 A4 75 1C AE 1F CE AD 6D 39 36 6C AD C5 8E 5B 34 3A 9C 93 20 1B E4 1A 24 7E BC A5 99 BB 84 60 CB A7 AE C0 B2 F6 90 41 4B 43 45 8F 04 05 78 42 4B 80 E3 49 5C 97 8F 6E 05 47 52 84 BA 9C 69 CA E0 1E 3F A3 C3 D4 FF A5 A7 7D 99 1F BE 6A 49 7F F8 24 75 85 9F 61 E7 AD 1B F7 1A E1 A8 53 CD 89 49 78 A6 E7 3D B0 CA 9D 36 00 B9 CF B8 2D 20 08 59 69 3A E4 A0 4E E1 7D 98 F3 76 9B DB 63 E0 BE 5B 9D 9C CE A8 1B C8 14 1A 3C D3 50 50 88 0E EF 0F B4 41 36 32 26 A4 0A 00 3E B3 8F 
Received 1 packets (total:8)

----- LoRa packet -----
  count_us: 119019591
  size:     255
  chan:     3
  status:   0x10
  datr:     9
  codr:     1
  rf_chain  0
  freq_hz   903900000
  snr_avg:  11.5
  rssi_chan:197.0
  rssi_sig :196.0
  crc:      0x7FE0
BB 06 FF DD D3 8B 75 75 9B 97 81 A0 33 A5 AA 0D BE 06 D7 E1 A1 FB F6 ED C8 D7 FD D0 A8 B0 A2 DF C3 B9 C2 A9 46 F6 A4 72 59 48 B6 15 C9 35 73 A4 83 55 94 45 03 26 C7 09 8B AE E2 BD 6D 72 87 6D 20 1E CA 32 26 33 19 09 BE C5 56 63 EE 06 50 88 73 D5 09 12 9F D9 64 A4 73 1B F8 94 7E BD FA 6F D1 47 9B 4D FB 76 B3 79 73 AE BF B2 2D DF F3 EE 3D 32 88 87 E7 FF 13 6C 4B E6 26 97 5B 6F 48 82 3C 6D 62 92 2E 6C B9 F2 B6 9D 8A A3 F6 7D F1 BF 7F BE 89 17 AA 29 C8 6F 42 01 6F 0C 9E BD 9E CD D8 8D D1 66 8E 60 3C B1 5B 36 F3 22 06 7B FD EF 5F 55 E8 FD C8 8D 62 17 9C 8B 1E 97 D2 9B 84 84 39 08 CB EF 53 78 31 F8 52 DA 60 07 20 35 0C BA 83 F7 02 82 C0 3D 46 96 0E 61 2D E8 68 0C 92 94 52 F1 C1 D8 A1 6E 38 86 30 C2 6D 50 F4 A5 6C CE 81 F2 EC 91 FA FC DF 84 AF EA 8D 3B E7 F2 9E 
Received 1 packets (total:9)

----- LoRa packet -----
  count_us: 131802549
  size:     255
  chan:     3
  status:   0x10
  datr:     9
  codr:     1
  rf_chain  0
  freq_hz   903900000
  snr_avg:  11.8
  rssi_chan:197.0
  rssi_sig :196.0
  crc:      0x223D
BB 07 00 04 20 C0 86 85 2E 35 BB 35 FD E9 B6 82 A5 69 47 D7 06 A1 62 89 FC 87 E3 B8 A2 9D 06 DD C3 54 5D 30 69 C6 9B 50 31 65 39 62 FF AE 68 66 3D F0 A8 AC 19 5A 35 88 8C D5 54 47 22 3F 6F 01 21 AB 4E 20 A9 24 61 38 AE 5A D6 A9 E2 A9 48 67 A1 C6 55 83 98 33 B9 8B 32 9E 29 C6 A3 0D 3D 07 2E 32 F4 93 F9 C7 66 D7 A5 18 DE ED 4B 19 C9 A2 1A F2 4C CC 9D 3A 63 72 6E 96 48 01 A9 A9 87 6A A9 57 75 55 D6 31 19 8F E9 50 8A 75 E4 78 01 11 57 24 98 1A 0A 00 D7 9C BC 0F AD 83 5F 9D E2 E1 64 21 14 A7 F3 10 1C 4A 99 67 A6 66 BE A7 06 2E F7 19 28 0B 3B E1 C4 DD 0C ED 63 DC 42 92 97 55 2B B0 C1 9D 09 D9 07 6A 2D 9A 00 05 6C F7 97 5E B2 90 70 CB 0A 99 D3 BB 2D 2B 0C DE BC EB BE DF 97 1F 05 5B 59 AA AE 2F 66 C5 E8 BD 09 91 CA 79 48 55 BF BA 99 86 A4 92 6D EE EF 6B 78 8E 91 
Received 1 packets (total:10)

----- LoRa packet -----
  count_us: 144585360
  size:     255
  chan:     3
  status:   0x10
  datr:     9
  codr:     1
  rf_chain  0
  freq_hz   903900000
  snr_avg:  11.5
  rssi_chan:197.0
  rssi_sig :196.0
  crc:      0x8C1C
BB 07 01 4A 70 FA 46 6C 24 54 2F AB 92 27 2E 3D 35 DA 0F 62 07 25 93 73 9B 3E 39 42 DE D8 B3 7A 88 FE 27 69 E5 77 DE 05 09 A2 B0 CB 01 70 62 D7 EF 62 DA 9F 92 9E 16 A6 77 9E 5E 53 03 51 82 69 8C F5 55 0D 93 B6 B4 E2 B2 78 90 D0 4E D0 58 7E E6 05 4F 40 52 F4 7A 2D 32 BA 21 65 41 96 92 7F F9 B3 34 F6 6E F7 91 63 6A 30 F0 2C 5B 32 39 07 74 36 15 5B C2 87 F2 87 60 E6 CA 46 62 B3 A7 A9 06 2F 33 1F D9 A1 73 70 17 A2 5F 9B 9F 92 6A 23 90 BD 84 C1 B5 6F A4 74 C8 2E 84 4E 6B 1C 57 2E 1D 3E 63 86 C3 90 6B 5D 54 13 04 BE 09 97 AC 07 2D D6 61 73 A1 DE 01 09 8F C2 0E FF 50 AE D5 DD BA 16 7B 65 84 C9 21 CB 21 45 FD 23 CE E3 7F 86 77 D3 2F 92 D6 FF 10 19 D8 26 84 C3 FA 36 06 36 19 C5 76 3D 1F F1 98 02 38 AA 84 F0 C1 9F C4 88 33 40 A6 7C 90 FA 38 86 9E 0C 86 09 4E 30 80 
Received 1 packets (total:11)

----- LoRa packet -----
  count_us: 157373345
  size:     255
  chan:     3
  status:   0x10
  datr:     9
  codr:     1
  rf_chain  0
  freq_hz   903900000
  snr_avg:  11.8
  rssi_chan:197.0
  rssi_sig :196.0
  crc:      0xB332
BB 07 02 31 17 A5 29 D9 A9 AD 3A 00 D6 0E CD 3C 49 E3 C5 C2 E6 8B 38 F4 CC 87 05 89 01 DC AE 85 56 6A 17 CE DC 43 51 42 F6 7A E1 2A A5 DA 70 2E DC 90 5E 9F 89 21 64 22 5A 1D 7E BB EE 0D EA 92 CC E7 90 E6 5D 6E 72 4F 1F 12 45 F5 50 51 D8 26 EC 17 58 A1 A3 13 0A 96 56 7B 0A A6 E8 6E CE CB DC B8 F4 30 A0 FA 11 99 F7 4C 85 70 1C 0D D4 FA 38 1A 64 DC 3F 8B D1 55 DD A1 8F 38 43 D6 94 EB 85 5A 34 AA B5 F0 39 A7 FB 8C 2C 2A 69 99 71 E4 D9 53 BA 28 08 C1 C3 99 26 6A 4C D5 E9 C4 65 1D 2C 25 CB 05 09 4B 70 B6 C9 CE DD 2A 67 45 9C 23 83 DC FF 8E 54 C7 29 4D D7 A9 99 7F 1B E4 99 CD 06 4A 3C B8 12 18 1B 14 4E 0D 36 34 E4 BA 1B C2 EA 35 45 C5 1D 5C 5D C0 4C E4 04 87 64 67 64 CB 3E C9 62 B2 E5 AF 71 6D B0 A2 6D 5C 77 F3 DD C7 3D C9 59 88 EA 6C 4F C2 F7 C2 D5 0C E4 0C 64 
Received 1 packets (total:12)

----- LoRa packet -----
  count_us: 170169264
  size:     255
  chan:     3
  status:   0x10
  datr:     9
  codr:     1
  rf_chain  0
  freq_hz   903900000
  snr_avg:  11.8
  rssi_chan:197.0
  rssi_sig :196.0
  crc:      0xDE32
BB 07 03 49 DC 7F 56 03 9F 85 C4 CD FC 0F 3D E0 1C 9E 46 D6 8C 95 65 EF F0 71 BB D3 EC 9E CA CC A2 B9 59 ED DE B2 14 97 FC 70 B0 81 A5 B1 E0 73 67 AF CD AB B9 D7 F6 33 24 63 D2 C4 E6 77 8C 89 94 6C 51 54 2F EB 54 AA 7A E5 09 5B 0B 2C 2A E1 59 1B FA FC DE F9 27 5A 0A 3D 64 84 35 CF 9F 52 56 DD 50 BC 0E 28 F4 29 56 18 79 97 FC E0 03 3D 71 7D D0 FA 24 C2 9F F5 FB AC 7C C3 B6 A6 47 50 6F 5B 15 9A 5B AA E2 6D B9 C4 BD 13 50 B0 DC 8B 31 A9 0F 95 DD 95 74 E5 26 B8 0F 1C 52 9B 15 9B 66 CC E0 8C 97 3A A7 28 3C 07 80 07 29 2D 3A B5 C2 EE 79 20 59 97 D8 7C 4B A6 41 4A FC FC DA F3 7D 76 9D 6A 11 77 6E 44 A4 56 DF E2 90 9B 09 A1 C4 BC DC 67 B5 F2 AE 14 79 2E 41 D1 83 ED 66 25 51 A0 53 18 23 38 11 0A A3 83 40 FD FB A6 24 1E C4 E7 F2 CB 89 12 C9 0A 43 71 C0 37 04 C0 32 
Received 1 packets (total:13)

----- LoRa packet -----
  count_us: 182957633
  size:     255
  chan:     3
  status:   0x10
  datr:     9
  codr:     1
  rf_chain  0
  freq_hz   903900000
  snr_avg:  11.8
  rssi_chan:197.0
  rssi_sig :196.0
  crc:      0x2E3D
BB 07 04 BB CC A3 D9 AD 2D B8 39 F2 56 CE E3 88 EB DF 10 47 BE FF 9F 6D C8 D7 25 1B 00 D6 F8 49 D5 68 EC 1C F6 A8 DC A8 1A 5D 05 C7 32 CB 9C 26 7C FA 54 D6 16 50 50 15 D9 EB 91 0D 9A B0 E9 43 80 BB 2E FA 26 60 62 EE B1 10 1E 77 A9 05 4F A9 3A EB 6B E7 8F 5A F7 D1 4B 7C 05 10 75 81 59 A4 CD 72 89 F6 8E 35 3E 93 C6 A7 0D F2 9C 2B 6C 06 A6 A6 58 1A EF A1 60 46 0F 6C 47 AC 11 24 20 21 B0 AC D2 07 CF 02 6A E4 B7 6B 62 44 0A E4 2F 0C A2 EE 02 16 7E F7 27 34 D2 90 F5 AD 76 09 7B 15 F0 16 93 65 EF 9B C1 5A 80 B0 FC 7E E9 F7 99 D1 20 A6 08 0E 5C 0B 29 0D BD 95 2A 24 26 45 35 CD 66 44 EC 53 F9 A3 A3 C2 AA 1B EA D0 0B 55 0D 95 20 C2 80 E3 88 C2 CD 2B B4 DD F0 5D 6D 3B F4 E0 C1 B6 A1 37 13 9F FA 68 6C E7 F8 64 72 BF 01 9B 05 39 28 73 FD A4 7D 60 5D C7 D6 92 76 E9 2A 
Received 1 packets (total:14)

----- LoRa packet -----
  count_us: 195746987
  size:     255
  chan:     3
  status:   0x10
  datr:     9
  codr:     1
  rf_chain  0
  freq_hz   903900000
  snr_avg:  11.5
  rssi_chan:197.0
  rssi_sig :196.0
  crc:      0xBE62
BB 07 05 5D BA D4 80 4B 1F E8 E7 C1 8B 0A 0A 71 A6 B0 AB BC 3D 51 10 C2 40 90 3D 2A 24 D5 4B 4A 2A B0 D0 22 E0 44 72 2F B7 70 49 6E EA 5F B4 B5 5A 72 EB 12 73 A6 BB 75 BB E5 AF B1 D1 42 78 59 6A 59 E7 73 0F 14 51 4E B5 C2 0E BF 1C BD 63 D7 E7 EE 7D 72 AD AC 92 9F DB D5 43 A6 D2 E0 F0 24 85 55 01 02 85 03 BE DF F6 9B BA BE 8D A4 02 02 AB 24 D7 3B F5 37 EB 60 9E B1 10 18 98 96 98 59 9D E5 D9 DB C3 C8 03 F6 3E A2 5F 67 BD 77 90 10 24 30 CA 72 5F F5 55 73 93 BD 73 10 C2 80 BD AA 7A 6E 52 FB A7 43 65 14 F7 63 AF 77 88 5C 12 4E CE D5 67 ED D8 90 DF 85 49 C1 9A 3F 54 FB 3D F2 20 29 8B FB 8B C5 DB A6 9B 0B BD 3A FC 44 5A AC 9C B8 1E BE 46 9E EE 09 FE 99 59 15 7A D8 A8 A2 42 E2 0F 4A E5 C4 4F 17 53 1C 61 A5 A6 B1 D9 E6 02 6E B9 7A F7 2D 32 20 05 82 3D 0D 0F FE 55 
Received 1 packets (total:15)

----- LoRa packet -----
  count_us: 208637473
  size:     255
  chan:     3
  status:   0x10
  datr:     9
  codr:     1
  rf_chain  0
  freq_hz   903900000
  snr_avg:  11.8
  rssi_chan:197.0
  rssi_sig :196.0
  crc:      0xE401
BB 07 06 8F 46 7A C1 0D FA 42 73 DE 98 0E 4A D0 FD 9F 78 7B 79 15 8E 79 2B 38 7A 50 F4 24 40 F4 B0 9A 1F 0E 54 02 02 B6 D2 CC 3D EA 1C C1 F0 93 27 52 93 18 C8 F9 68 90 C1 19 0A DE D7 A9 B4 D8 A2 12 BD DA 06 7D DE 28 4A 7D B9 0A 4B 1C 48 3C 82 68 02 C3 42 A3 D9 6D 9E F0 5D 0C 8D C5 A4 2A E0 DD CC E7 E2 08 52 A7 32 1C 31 D4 C7 03 2E F2 CC 08 DA FA 14 6D E6 F7 5D AF 34 BB D8 88 83 47 CD 15 DD 66 0D 07 75 20 22 EC 6C 57 4D FF 90 1A 7E E9 C5 8E 07 7F C0 D2 CA D2 20 68 5C FD 55 C0 01 E8 2F 50 20 3A B1 2E B1 4A EC AA EF 36 DD 4F 89 3D 93 21 0F F2 54 0D 6F 4F B1 5A 13 AC D4 82 90 7A EC F9 C3 E3 FF 4B 93 C7 2D 3E E9 16 08 3F CC 52 CF 53 6C C1 D2 B6 E9 D0 28 63 79 CF 25 D3 73 FD 82 16 BE 48 B2 F7 32 E3 DC 46 29 7D BC 9B CA FB 8F 9D 90 0D DF 20 C2 A2 29 DA 35 00 8F 
Received 1 packets (total:16)

----- LoRa packet -----
  count_us: 221459908
  size:     255
  chan:     3
  status:   0x10
  datr:     9
  codr:     1
  rf_chain  0
  freq_hz   903900000
  snr_avg:  11.8
  rssi_chan:197.0
  rssi_sig :196.0
  crc:      0x912B
BB 07 07 F8 97 09 EA 64 E6 84 8B 5E A5 35 E7 72 79 39 FC 6E 90 E1 46 29 1C 84 B0 0D 59 6E D5 17 3F A3 A8 D1 6C 70 8B C3 4B A3 60 36 29 8D 2D 73 9E B6 B8 1E 0A 48 D6 40 A3 0F FF ED 4F 57 EF 7D BE 5E 48 5B 1A 48 DA 2F BC 9D 47 28 B1 18 C4 A4 08 B5 D9 AF 27 61 FF 3B 4E F6 76 B1 B8 CB 4F 40 8B E9 A8 F7 80 35 17 0E 93 7D EF EF 57 E8 26 79 B7 29 33 BF 2D 38 22 D2 B4 EC 3B 1A 28 8F 90 D2 D9 5C 98 E2 3C 67 55 92 13 74 6A CD A6 1B 2E 90 C9 01 CE 61 C3 16 42 0C EA 79 86 5F D4 98 3E 26 4D 9F 01 3F C1 77 DB 49 4A A8 5B EF 99 86 19 E0 12 D8 2B 66 4F 35 5D 82 12 B9 9D 80 37 61 75 CF 63 4A CB DA 45 62 28 94 77 6D 24 08 1C 7A F8 C2 74 37 36 C3 A8 DF 34 6A 70 00 E8 B8 AE 60 66 87 01 E2 27 BB E7 99 2A BC 55 68 BB 0D 5D 91 68 AB 78 40 88 D3 A4 C7 7C 31 1F 7B 76 89 50 52 26 
Received 1 packets (total:17)

----- LoRa packet -----
  count_us: 234249689
  size:     255
  chan:     3
  status:   0x10
  datr:     9
  codr:     1
  rf_chain  0
  freq_hz   903900000
  snr_avg:  11.5
  rssi_chan:197.0
  rssi_sig :196.0
  crc:      0xE31B
BB 07 FF A7 3C E4 CD BC 12 DF 4C E0 A5 30 2C 38 0C 07 F4 4F 01 C0 EB 1E E4 B4 B6 CC 18 4E F7 0E CF 98 BF 9B A0 DE 27 72 06 8F C9 77 13 6D 6F 9F F6 C1 75 C5 1C 75 E4 8F 85 2D 6D E4 FA 18 41 CC 03 7B E6 97 7D 56 C4 98 8B E7 E4 3D B8 B8 42 38 A5 17 75 67 F0 19 AD 72 1C CD 0B 8A AD 55 BC 0B 7E F7 88 0D 50 E9 D7 E1 FF 21 BB 51 71 A2 41 ED 51 00 8B D5 67 37 90 56 50 E3 29 A9 47 DF 58 95 7C 79 29 22 DC 60 F8 95 04 EB 7F 6E 1E B4 C7 CB 1E 55 6A ED 8F 50 34 0D 15 75 4A 8E B3 32 68 10 F5 F9 B3 59 07 64 6E A0 B4 8C 1B B9 EE 43 43 8F EE 6B 18 72 53 33 CB E2 96 82 29 D7 A3 57 A8 C4 5F C7 5B A1 7A 98 FC 4A 33 3E 4A 2C D4 48 5D 7F EF D5 A1 36 7E 8A F5 88 13 53 A4 D8 61 1B A5 11 10 F8 49 1C 2F 46 7B 7E 15 3E BF 66 E4 B9 FB 65 37 D7 24 C2 54 41 F6 8D C2 CD C8 95 CA 37 91 
Received 1 packets (total:18)

----- LoRa packet -----
  count_us: 247040220
  size:     255
  chan:     3
  status:   0x10
  datr:     9
  codr:     1
  rf_chain  0
  freq_hz   903900000
  snr_avg:  11.5
  rssi_chan:197.0
  rssi_sig :196.0
  crc:      0xD554
BB 08 00 02 31 5A 08 8C 2A 26 63 86 A9 EB 35 7B 3E 4B B8 46 90 C1 54 98 B7 5C 89 B2 B9 5F 46 0F 89 97 5D 76 6E 1E C8 4D 73 4F A0 36 0A B5 A1 EA 05 10 BF 58 01 91 A5 33 27 7E 1D A4 0B FC EA AB 36 70 BA 5F 74 25 72 56 C2 AD 16 55 2E C7 7B 04 A8 C6 71 9F 8B D1 D9 0B 2B 2F 20 A8 BA F8 0A C1 88 3F 1A 27 EB D7 24 DB 44 55 82 29 8D 23 C0 B9 96 B1 73 10 DE EC 12 F2 16 91 3A EF F4 A8 EB 12 F1 7B 01 5E 2D 0F 11 BC AF 4C A4 BE A2 48 98 D2 05 D9 01 6A 6E CD 5A AE F1 84 73 1D AC 36 4F 3A ED E6 0F 3D D5 AB 67 3A 1E 4A 3F 48 96 1C B0 AE AC C0 D9 4E D0 54 B3 3F 95 7B 18 F8 02 03 E3 97 5D 98 0E 43 07 01 07 94 93 79 1B 81 52 6D 3B 8D D5 98 6A 50 F4 A1 F3 4D 91 29 FE B4 53 FC 74 D1 CA 4A D4 9B 3E 29 3F D1 67 D3 1E 8D 95 19 11 B4 83 49 0B 45 06 86 7A 65 FC 86 22 71 6B 10 69 
Received 1 packets (total:19)

----- LoRa packet -----
  count_us: 259829814
  size:     255
  chan:     3
  status:   0x10
  datr:     9
  codr:     1
  rf_chain  0
  freq_hz   903900000
  snr_avg:  11.5
  rssi_chan:197.0
  rssi_sig :196.0
  crc:      0x6123
BB 08 01 F7 0D 7A 48 E7 CE 15 DC 9E CE CF 92 A4 6C FE 49 55 F2 3F 4F 29 CA 05 92 B1 A6 8F AC D0 9F B1 D7 3F 71 62 0D 78 D6 51 C3 68 E5 C9 FD 62 72 97 3E 3F D1 2F 6B 3C 21 8F 53 21 05 CF ED 2D 42 78 6A 86 67 CE 3F 7B 99 86 18 06 5B 66 AE E3 D5 46 C2 EF 3F 0F 4B C3 67 C3 D2 D6 20 26 30 55 F3 58 6D 06 5C C2 5A 6D 28 E4 C9 35 E2 D7 F6 9D 9E A8 09 66 7A B0 67 3E 6E D8 18 EA 69 6B AA 04 42 4B AE 41 E5 7B 5F EE 68 95 6C 42 9B 85 3D E4 B2 B2 EC AE 45 7D 96 B4 AC 46 E8 71 9C 1D A1 16 06 B7 FE 75 4C 2E F8 92 B0 A5 AC 1D 38 12 56 B0 B2 62 A0 DF 06 E6 A6 79 38 C0 BE 1A 98 92 52 27 CB AD D4 62 AB D5 21 60 DC F1 DA 1C 16 A1 09 5F AC D9 F3 AE B2 6F 2E B6 50 DB 3D F8 AA 88 0C 20 B5 B8 4F 22 49 FF 85 89 01 7E 47 B7 01 06 29 C2 27 2D B4 A8 3F 12 E5 1D AF BC E9 0C 03 46 B3 
Received 1 packets (total:20)

----- LoRa packet -----
  count_us: 272629064
  size:     255
  chan:     3
  status:   0x10
  datr:     9
  codr:     1
  rf_chain  0
  freq_hz   903900000
  snr_avg:  11.8
  rssi_chan:197.0
  rssi_sig :196.0
  crc:      0x3FE1
BB 08 02 84 EC E9 25 F4 40 C4 BB 54 44 92 73 02 54 9B 21 13 35 BE C2 12 1E 6E A0 3A 76 E9 D9 06 79 17 11 13 E4 E8 D9 D5 41 77 AE 2F 2A 75 45 C3 55 78 5B 19 26 48 31 D1 4A 4B 39 12 5D 0C 68 05 81 7F 55 24 0D 01 D6 72 A2 F5 18 F5 E5 CA A9 B1 9C 0B F9 82 D5 26 6B 1A 08 15 D5 12 50 1F 26 6C F3 29 98 D1 46 59 5E 09 48 9F 30 F2 43 99 98 2A 6C 3D E4 75 83 E3 34 FC 9F 1E 35 00 B9 9F C8 2B 01 E8 D2 2F 66 07 6B 08 12 28 74 4C 7A AE 9C 3A 28 63 59 9A 9E E0 5A 67 E6 F9 23 93 AD 83 49 D4 E9 20 DB 80 1B 4B 01 B0 7E 19 FF F9 5E F0 10 61 C9 C0 99 E0 57 ED 1D 10 39 EC D5 9F 87 CC 6E 5B 4B 34 DF F8 ED 91 48 A5 DD 36 BF 2C A8 7F 18 29 C9 88 B8 68 72 2D 61 74 68 73 E5 C9 84 3F 26 C1 2F AC 73 8B 56 22 A4 C0 34 E1 02 A9 19 99 1B C0 CF 76 B6 2C 5E 1A BD 0C DE CB B3 F9 35 2B F9 
Received 1 packets (total:21)

----- LoRa packet -----
  count_us: 285421972
  size:     255
  chan:     3
  status:   0x10
  datr:     9
  codr:     1
  rf_chain  0
  freq_hz   903900000
  snr_avg:  11.2
  rssi_chan:197.0
  rssi_sig :196.0
  crc:      0xC1C9
BB 08 03 05 B5 AC 3C 8F 28 AB 18 C9 0A 63 DE E3 C8 73 EA A4 1E 45 67 60 8A 0E 76 76 50 2F EA 6C 79 13 D4 58 47 F8 DC 25 0D 61 0E 15 D5 1D 7A 67 7A EA 03 A0 F0 00 56 B5 F2 5E 23 6C 08 4B A4 38 8B 1C 8E A1 6C A0 90 61 E3 6D F7 E3 40 B9 6E 6F 45 E6 65 0C 85 D6 68 4D C0 C9 A6 39 3B 5D 5C B1 A5 0C 49 9E F5 1D FA 99 C6 FB AF D4 57 46 21 3F 3E 36 B9 9A 74 02 23 D1 64 27 F4 82 C7 94 20 A1 42 D4 EF 24 8F FD DA 6F 5F F4 BF 2F 23 5A 3B 40 08 7C 97 63 10 ED 68 4F 87 F5 04 21 08 2A 7B 4E 13 EE CE F6 17 39 F7 65 58 A9 44 D3 77 A5 28 BA 53 6C F8 D4 F3 67 EF DE DE 53 EE 21 BA 98 28 E3 60 EA 6C 0D C3 4E D8 E4 5E 1F 34 BA 2B C4 C9 0A C2 8D F7 C4 0E 01 63 0B D2 27 1E F3 1B C1 EB 03 8D 7A 90 4F 0C F4 9C A7 87 68 0E BD DB 5C F9 D0 D8 D1 5A 1B D2 AF 4A 81 7E EA 37 07 F9 16 6B 
Received 1 packets (total:22)

----- LoRa packet -----
  count_us: 298209774
  size:     255
  chan:     3
  status:   0x10
  datr:     9
  codr:     1
  rf_chain  0
  freq_hz   903900000
  snr_avg:  11.5
  rssi_chan:197.0
  rssi_sig :196.0
  crc:      0x0EC7
BB 08 04 25 8F 54 AC 17 C7 4A 24 5A D8 2F BE 74 AF 2A 7B A6 46 FE 1F 9E 33 DB 09 ED 72 C9 E8 38 B8 AC 81 98 E8 5C 26 06 CF C8 89 E6 35 BE 72 4E 47 C2 BC 06 E3 63 34 D6 6B 26 06 7E AA 2C 98 2E 47 E3 3A C6 C3 A0 72 AD 13 F8 7C 61 94 9D 68 5E F7 B6 4A A9 CE AB B3 EE 3F 2B 2C A8 16 DE 57 34 13 9B 02 32 50 2B 56 7C B8 50 9D 7B 21 92 5C 35 9E A9 82 64 01 D3 21 91 47 2F C5 AA F1 83 6A A7 5F E4 A0 A0 1C 0F 6E AD 79 FF 58 47 33 57 FC 60 6B 37 E9 4F B4 AB 83 99 8C F0 36 47 8E CD A2 D7 C8 8A F8 C3 08 E3 33 39 61 AF ED B1 65 44 91 41 A6 34 FC 45 A7 36 D8 7B 9E D9 CF BA 68 6A CA EE 40 F4 A8 9C 60 F7 BD 7F E1 AA 7C 38 78 26 78 B7 CD 28 AF 66 C7 3A D7 7A 70 1F 61 99 16 E6 51 49 8A EE 40 53 5E 01 F9 C4 0D 96 D6 91 46 CA 93 99 45 3C D4 46 C3 38 A8 8D BE 4E 5C 76 62 AE C9 
Received 1 packets (total:23)

----- LoRa packet -----
  count_us: 310999474
  size:     255
  chan:     3
  status:   0x10
  datr:     9
  codr:     1
  rf_chain  0
  freq_hz   903900000
  snr_avg:  11.8
  rssi_chan:197.0
  rssi_sig :196.0
  crc:      0xDA71
BB 08 05 01 38 78 CC 8C 91 1D 9B E0 02 5B 05 1A A2 11 71 87 D5 40 25 E3 49 3E C1 3B 09 FB FA 9F E5 23 F0 49 7A FA 29 D7 77 C8 11 C4 39 78 EA 68 F4 79 61 2D F2 0C 97 8D EF 82 20 B6 57 6C EB 21 F9 3C 67 E6 93 0A A2 81 00 3E 04 AA 33 8A 9D FF 2D 95 73 17 6F F3 6D F1 F3 2E CE E3 C8 76 51 C8 86 54 0E 2F EF B7 E5 5F 08 5D 66 A2 BD 1D 52 D6 F2 4B 43 8E 91 D9 53 E4 AD 36 4E 0F 5D 10 C0 3E 4B BA 87 A4 8A 36 D5 04 6F 6E 4C 30 D0 85 BE 97 57 1E D2 1F 6F 54 22 16 D8 1F D4 69 1C 3F C2 B6 1B 14 10 07 04 CB B6 92 7D 89 CD 27 F1 5A 61 D9 2C B2 9A DC ED 61 6E 01 16 D6 50 01 22 B8 1B B6 6A FE 7B A4 D3 DB CA FB 6F D0 9E 79 B7 1F 6F 73 AB 51 8A A1 DC D8 60 7A 38 53 94 67 D3 7E BD 77 69 6F 21 E7 C7 E1 FD 5B 65 78 DA 17 9F 93 C3 50 D6 50 4A E6 55 45 F1 9A BD 73 3E E8 7F C6 67 
Received 1 packets (total:24)

----- LoRa packet -----
  count_us: 323788078
  size:     255
  chan:     3
  status:   0x10
  datr:     9
  codr:     1
  rf_chain  0
  freq_hz   903900000
  snr_avg:  12.0
  rssi_chan:197.0
  rssi_sig :196.0
  crc:      0x9235
BB 08 06 E5 82 51 05 0D 3A 41 12 D8 4C 4A 78 81 79 43 5D 3D 67 FF B6 55 7C D3 51 91 AD 01 D9 9E CC 90 8E 54 1F 1A 58 B1 74 6C 8D 02 34 66 93 B9 44 49 3F ED 05 F7 AA 89 53 AC 53 BD D5 D6 E1 DB F7 21 14 8B 07 5D A3 5D 24 3D 1B B7 50 84 D1 44 D4 43 CD 0F D8 CF 06 0C 56 5A 5E 8F FC C6 F9 52 9B 6E 73 31 C6 0A AB 5A A1 A5 C7 D4 74 A2 18 13 9E CE 2F 0D 3D 57 02 43 D2 8D 6C 69 20 DF E4 C5 D2 B4 6C 81 2E AC 2A 41 A5 97 74 05 FA 38 01 4B 40 9D 46 6B 83 CE 18 3C 73 A7 34 07 D9 CE 74 2B C0 38 29 F3 19 D6 06 BA 23 E7 D3 54 B8 7C 4C 4E A5 83 74 BB 06 90 E7 5C 5E A2 C5 34 91 97 1B 21 7F 40 C0 12 BC 7F 07 01 F1 0D 52 FA B8 BA 1F B1 07 BE 79 B4 29 0E 8E DD 13 44 CB 1D 69 83 34 6E 9C CA 32 BE 15 03 49 E8 40 DC A6 AF 35 2D 9B 07 02 CA B2 2E 9D 23 0D A5 D3 76 0D 6C B0 47 31 
Received 1 packets (total:25)

----- LoRa packet -----
  count_us: 336576393
  size:     255
  chan:     3
  status:   0x10
  datr:     9
  codr:     1
  rf_chain  0
  freq_hz   903900000
  snr_avg:  11.5
  rssi_chan:197.0
  rssi_sig :196.0
  crc:      0x2177
BB 08 07 8B 9C 1C E1 3E E4 15 54 DE 97 87 9C 0C 58 F6 D4 97 3D 14 C1 CC AC F0 7E C2 A6 7D 7A 9C B6 BF 1A 2A B3 78 E3 8B 9D A9 52 38 C0 11 47 3A C7 B7 A9 06 D1 B0 25 15 7A FE 09 F5 4D 51 2F 4A 18 52 15 D9 50 21 E0 FF FB 95 BD F6 17 E6 90 0E B3 A2 61 A4 58 2B 22 AB A9 7F DC 56 9F 73 F3 58 AA 6C 53 14 2A 8D 87 95 B2 0A 09 93 AE 8A 1D 9A 11 F3 C4 8B 7F 73 D8 9C E0 B5 6A 25 37 94 77 B2 6F 62 FC 01 E6 22 28 AE 3B 17 41 CF C1 F4 89 35 21 5D 30 DF 41 D8 1C C3 61 D1 E1 0F 8C 01 53 CE 7B A2 0B F4 AA 68 D8 D5 FB AD 35 EC 0A A6 AF BB 67 B8 E7 B9 13 2B 06 12 D7 E5 D5 F8 57 83 63 83 F3 FF F9 64 39 4F 0D 39 46 78 8A E5 56 D7 6D 4C 79 4C A2 25 FC B2 97 05 01 F9 A6 1F 36 7B 40 79 5D 8B DE 38 F2 8B 0A 33 50 5E F9 D3 CA 47 0B F8 D8 B7 6F C0 7C 2E 3F 8A 3A 00 67 C4 22 AA 15 
Received 1 packets (total:26)

----- LoRa packet -----
  count_us: 349362611
  size:     255
  chan:     3
  status:   0x10
  datr:     9
  codr:     1
  rf_chain  0
  freq_hz   903900000
  snr_avg:  11.8
  rssi_chan:197.0
  rssi_sig :196.0
  crc:      0x83EA
BB 08 FF 3E CC 04 DD B8 04 5F E5 39 28 6C 55 DD E2 D3 B9 2F 80 50 F3 27 43 FF 2A CA 49 58 68 10 31 82 AA AD 82 A8 74 2E B8 CD 84 7C E8 A5 2F 89 68 50 92 1E C3 DE 85 AC 13 12 28 7B 3E B3 76 25 2F C7 57 2E 75 9C 98 B0 D6 DD 3F CF 30 A7 A6 D2 19 AF BA EB C5 92 6B 27 B7 10 E1 C7 4C 81 4C BF 89 8F 8A 56 57 4A 45 CA 41 77 E1 A4 3D 8C 84 5B B9 CD 0D F5 81 93 CA 4B 5B 51 6E 6E 58 10 90 72 59 84 25 90 7F 39 46 73 02 14 22 22 B8 27 C8 C5 CA 9D 6E D9 BC 54 5B 42 7A 57 8B F8 52 BF 9B 32 79 9B 2E FD 2A 61 32 B9 4C 33 EE 51 A1 9F CD A8 CC B3 ED 3E 2D D4 B0 BC 4B 4C 12 2B 2B 03 5E F2 1B 5E 83 9A B4 17 CB 09 F5 AE 70 55 E6 23 86 C8 6A CF 28 04 F4 BC 71 5C 21 57 A0 8A FC EA 2D 1A FF E4 F5 4F 53 68 C5 7B AD 48 06 D4 70 E9 1A 50 FA D2 10 94 C2 51 03 CD 19 50 47 B5 2B EE C2 
Received 1 packets (total:27)

----- LoRa packet -----
  count_us: 362152414
  size:     255
  chan:     3
  status:   0x10
  datr:     9
  codr:     1
  rf_chain  0
  freq_hz   903900000
  snr_avg:  11.8
  rssi_chan:197.0
  rssi_sig :196.0
  crc:      0x3471
BB 09 00 40 A7 E8 30 67 74 0E 69 A9 44 E1 8D 88 26 45 09 80 A2 D8 A3 31 19 06 CB AD 82 73 4D C7 AD B1 67 57 58 49 2E 43 73 B1 95 53 6D 24 0D 08 A0 5F 45 BF E6 8D 73 1A B8 66 62 06 FE 68 33 C2 3E A5 FF CA B3 5F CC 63 03 9F D6 83 D0 B3 C8 67 A8 D5 A3 1E 22 20 4D 6F 49 FE CC 72 87 B6 C4 BD C9 78 34 DB B1 95 D7 4F 1E 84 EB F5 E0 3B E9 9A 0F 20 EF 9B 3A 2C 4F 15 C8 90 8E BC 72 41 71 78 66 C1 3E 91 AD 96 ED 5D 72 56 B1 00 6A CD 48 49 59 BD 53 D0 F9 42 F5 A7 6A 57 DC 01 86 B9 B8 24 49 A3 C2 96 A4 40 1F 45 63 A4 8F A3 97 AA 86 D1 F5 2B 34 5A 03 6C 17 27 44 F0 5F F5 FB 46 A0 63 77 76 4B 8A 6F C5 F0 0C 8F 10 34 E1 1F 2B 14 09 58 F7 AF 09 98 07 A3 46 7E FF 7A FF 3B 43 ED CF 81 E1 CC AC 67 11 8C 51 DA 56 78 52 28 FA A7 56 42 E1 CC 7A 51 1E CA 79 8F 0A 01 C5 4C 64 B8 
Received 1 packets (total:28)

----- LoRa packet -----
  count_us: 374939315
  size:     255
  chan:     3
  status:   0x10
  datr:     9
  codr:     1
  rf_chain  0
  freq_hz   903900000
  snr_avg:  11.8
  rssi_chan:197.0
  rssi_sig :196.0
  crc:      0x7E27
BB 09 01 4A 58 B3 04 E5 F1 2E 5A 56 F2 20 22 CE 3F 97 86 D0 69 28 BD A7 6B A6 D7 F0 84 AC 97 C9 D8 06 56 AD F5 76 C1 B3 DF 3C 6F 5D 8B A7 1D B9 A8 F5 E0 89 FC 0D 2D 87 B6 C4 86 2D 19 87 5C 28 C5 20 1C 7E 7D 71 98 B9 8F 76 D0 D5 BE 55 32 9A 72 A2 E9 91 E0 4E 9E 73 2C B8 BC F5 EE DC 80 43 F9 FB DD F6 D1 3A 50 A6 DB A2 1B 07 DC 6C 63 BF 9C 78 BF D7 3A 7D 80 D0 41 4B 7E D9 AC EF 9C C2 41 44 29 9F BA B7 83 19 C1 09 64 34 99 3D F2 5A 79 7A 49 B7 B9 88 F9 5F 7C 9B E6 CF 93 91 7B 59 6D 77 F1 6F A1 E2 59 2F D4 49 7B D8 71 60 6E 63 EC A3 2F 65 C4 32 12 11 27 A3 3D B7 98 8B 96 45 BF BA 7C 9F 0C 32 C6 5B D6 49 6E 29 3A ED 39 E3 2D 70 B6 15 AF 31 B9 63 BD 21 E1 F9 B0 56 FC A5 A7 E4 EF DF 61 8F D1 0F 15 0E CD 19 35 E5 00 54 10 A5 5B 29 A7 37 24 70 97 44 05 E9 E6 84 38 
Received 1 packets (total:29)

----- LoRa packet -----
  count_us: 387732140
  size:     255
  chan:     6
  status:   0x11
  datr:     9
  codr:     1
  rf_chain  0
  freq_hz   904500000
  snr_avg:  -11.8
  rssi_chan:140.0
  rssi_sig :131.0
  crc:      0x5627
BB 09 02 19 A2 A0 8C 69 5C 20 4D 77 1F B9 CC E2 6B 11 51 4F 73 97 E3 89 1D 99 47 FB 3D B3 B4 61 FB C2 0B 85 F4 06 D3 8B 47 93 EE CE C7 B1 28 12 8B 36 15 57 48 F0 2C 12 E0 FD A6 63 96 4B 38 30 61 45 03 17 18 0C EB 5D 65 EF F7 0F 8C 1B CF F9 73 8E A3 D4 A4 FF 34 95 BE 51 95 EE 90 F3 ED 91 48 4C A7 EC 2B 03 6C F4 17 12 24 D9 68 D7 DF 46 73 D4 15 EA 5B DE F1 FD 92 10 E2 BE CF EF D5 26 5E 0E E4 91 F3 95 E8 46 19 D3 B2 10 43 ED 62 22 A3 B6 DC 6D EC 26 BB A3 9E 91 CA 7A 4E DC E2 2E 22 AA 9B 55 EE 4C A8 97 20 4A B2 4B 9D 4E DB CA D9 06 5C C2 40 F8 82 26 E8 16 5C 0D 71 A8 58 0B A0 3C 0B 49 45 5E 12 6B 7B 47 F8 59 76 67 54 97 3C C7 0C 8E 61 31 E1 74 FE 75 31 39 6B 7A 94 E5 EC 82 77 D5 80 D0 C5 2E A2 A2 43 DF 61 0E 8C 7D 10 00 FE E1 B1 09 E9 F4 BD 1A 77 C1 72 EF 36 

----- LoRa packet -----
  count_us: 387732178
  size:     255
  chan:     3
  status:   0x10
  datr:     9
  codr:     1
  rf_chain  0
  freq_hz   903900000
  snr_avg:  11.8
  rssi_chan:197.0
  rssi_sig :196.0
  crc:      0x1EE7
BB 09 02 19 A2 A0 8C 69 5C 20 4D 77 1F B9 CC E1 7B 11 51 4F 73 97 E3 89 1D 99 47 F3 3D D5 B8 69 FB C2 0B 95 F4 06 D3 0E 67 93 EE 08 47 B1 18 D1 05 36 15 54 CB 78 2C 12 4F 75 A6 63 96 0B 38 30 51 B5 47 17 18 5F EB 55 6C DC F4 07 8C 1B AC D5 33 8E AA 14 E0 FF 34 A6 92 D1 95 DE F6 B3 EC 91 2B 09 AF EC 1B C6 E5 F0 17 71 F8 FD 60 E7 49 EE F3 D6 76 65 43 DE C1 9E BE 14 EB DD 80 EF F5 16 9B 2F 64 91 90 D5 E0 46 2C 15 72 10 D3 DE 22 22 AB B6 2A 49 E5 24 8B 2F B6 91 FA DF 88 D8 E2 4D 61 2A 9B 65 EB C2 A0 96 73 A0 32 4B AD 8B 53 4E D9 55 CA C2 40 F8 14 66 E0 16 6F A1 58 A8 69 38 28 38 0B 2A A6 5A 10 6B 2D C3 F0 99 16 A8 54 97 3C F7 46 8A 6D 31 82 F8 FE 25 52 33 EB 7A 97 E6 62 86 77 E0 06 FC D5 7E F2 EE 41 DF 57 C9 84 75 41 C0 7E E5 B1 FC 4D 7C B9 49 B7 29 F2 DF 95 
Received 2 packets (total:30)

----- LoRa packet -----
  count_us: 400518746
  size:     255
  chan:     3
  status:   0x10
  datr:     9
  codr:     1
  rf_chain  0
  freq_hz   903900000
  snr_avg:  11.8
  rssi_chan:197.0
  rssi_sig :196.0
  crc:      0x1A24
BB 09 03 1B A4 44 01 28 D4 D1 4F C8 90 FE 98 90 92 F8 21 8D 17 83 2C 44 17 A9 E8 17 A5 4E 4D 34 92 9C 8F D0 1C 3B F9 AD EE 09 CE EC B9 5C BF 0A F3 D1 30 19 8F 90 58 B8 D7 23 59 5A D9 9A F9 B7 1A 42 24 03 7E 34 66 72 82 6D E5 8F 8F 3F 87 CE AC 85 2A 1A 9B 64 EC 70 88 D1 74 8D B9 65 8D 88 7E 4D 79 FB 8C 3B 1B 83 D9 CD 61 F9 2B 08 07 41 B9 94 A9 BA 25 5D 02 73 6B C9 43 62 80 B8 9E CB 5C 81 A2 AE 23 E3 F6 61 B5 A6 73 89 E4 DD C7 F1 07 EE F8 CA 5C DB B8 A2 57 45 19 DD 01 C2 FF 61 3C 0E 47 D8 20 22 2D 77 F9 07 06 7D 6B D2 F8 54 A9 04 9F 96 0C 2F E4 AA 51 74 6E 02 D8 08 BD 54 79 A4 8D CE F9 8E 7D 44 5E 91 10 C4 2A AA 90 4D DA 03 6C 3A AE 22 D4 06 2B FB 53 AE CC 5B BA E8 67 9A 2C 8B D2 12 93 A0 18 85 48 93 29 A3 FD A8 BC 9E 64 3E 7D 2F 22 5E 34 49 58 2C 28 79 06 
Received 1 packets (total:31)

----- LoRa packet -----
  count_us: 413308378
  size:     255
  chan:     3
  status:   0x10
  datr:     9
  codr:     1
  rf_chain  0
  freq_hz   903900000
  snr_avg:  12.0
  rssi_chan:197.0
  rssi_sig :196.0
  crc:      0x1D96
BB 09 04 3D 02 91 AC AC 23 95 FC E8 BE 9D 0D 41 95 03 81 24 4B 47 FE 3D AF 8D 09 34 83 1D 03 BC 43 27 FA CB 22 F7 D2 62 B1 F4 0C 40 A7 C6 95 FF 77 4F 3E C8 D7 4C 15 88 3F 03 25 A8 77 9F A2 90 4E 4F 1F 85 76 55 07 19 F1 70 E9 8A 00 00 00 27 D8 DA 52 56 84 74 65 00 01 96 96 01 F9 F6 02 1E FB 6D F8 B1 C4 67 FB 02 00 00 00 00 04 59 5A 00 00 00 00 00 00 00 00 00 00 00 00 00 00 00 00 00 00 00 00 00 00 00 00 00 00 00 00 00 00 00 00 00 00 00 00 00 00 00 00 00 00 00 00 00 00 00 00 00 00 00 00 00 00 00 00 00 00 00 00 00 00 00 00 00 00 00 00 00 00 00 00 00 00 00 00 00 00 00 00 00 00 00 00 00 00 00 00 00 00 00 00 00 00 00 00 00 00 00 00 00 00 00 00 00 00 00 00 00 00 00 00 00 00 00 00 00 00 00 00 00 00 00 00 00 00 00 00 00 00 00 00 00 00 00 00 00 00 00 00 00 00 00 00 

----- LoRa packet -----
  count_us: 413308395
  size:     255
  chan:     5
  status:   0x11
  datr:     9
  codr:     1
  rf_chain  0
  freq_hz   904300000
  snr_avg:  -8.5
  rssi_chan:142.0
  rssi_sig :135.0
  crc:      0x1DD6
BB 09 04 3D 02 91 FF AC 23 95 CC 28 3F 9D 0D 41 19 07 81 14 2D 47 FE 3D AF 01 99 34 B6 1E 03 BC 43 24 76 C3 22 F7 B7 EE B1 A4 0F 4F 27 C6 90 5C 3F 4F 0E 98 77 4C 15 D8 F9 02 25 B8 74 1F A2 90 7E 49 1D 85 76 56 0B 19 F0 70 4A 8A 00 00 63 AB D8 DA 52 C0 05 74 65 60 C8 96 96 34 59 F6 82 1E A1 61 D8 B1 F4 67 FF 02 00 03 8C 00 04 69 5F 08 00 00 60 00 00 00 30 A3 8C 00 00 A3 8C 00 00 00 86 18 00 00 63 0A 0C 00 39 C6 C4 02 90 63 8C 00 00 30 86 04 00 90 63 80 00 00 09 00 82 00 00 03 05 08 00 20 F6 00 00 00 00 0C 0A 00 00 A0 08 00 00 00 9C 80 00 00 00 08 00 00 00 00 00 00 00 00 08 00 00 33 06 08 00 05 03 8E 02 00 33 84 08 00 00 C6 C9 00 00 00 C0 08 00 00 C0 0C 00 00 00 80 48 00 00 00 00 00 00 00 00 00 00 00 00 00 00 00 00 00 00 00 00 00 00 00 00 03 00 00 00 00 60 
Received 2 packets (total:32)

----- LoRa packet -----
  count_us: 426096910
  size:     255
  chan:     3
  status:   0x10
  datr:     9
  codr:     1
  rf_chain  0
  freq_hz   903900000
  snr_avg:  11.8
  rssi_chan:197.0
  rssi_sig :196.0
  crc:      0x0E8F
BB 09 05 00 00 00 00 00 00 00 00 00 00 00 00 00 00 00 00 00 00 00 00 00 00 00 00 00 00 00 00 00 00 00 00 00 00 00 00 00 00 00 00 00 00 00 00 00 00 00 00 00 00 00 00 00 00 00 00 00 00 00 00 00 00 00 00 00 00 00 00 00 00 00 00 00 00 00 00 00 00 00 00 00 00 00 00 00 00 00 00 00 00 00 00 00 00 00 00 00 00 00 00 00 00 00 00 00 00 00 00 00 00 00 00 00 00 00 00 00 00 00 00 00 00 00 00 00 00 00 00 00 00 00 00 00 00 00 00 00 00 00 00 00 00 00 00 00 00 00 00 00 00 00 00 00 00 00 00 00 00 00 00 00 00 00 00 00 00 00 00 00 00 00 00 00 00 00 00 00 00 00 00 00 00 00 00 00 00 00 00 00 00 00 00 00 00 00 00 00 00 00 00 00 00 00 00 00 00 00 00 00 00 00 00 00 00 00 00 00 00 00 00 00 00 00 00 00 00 00 00 00 00 00 00 00 00 00 00 00 00 00 00 00 00 00 00 00 00 00 00 00 00 00 00 
Received 1 packets (total:33)

----- LoRa packet -----
  count_us: 438889628
  size:     255
  chan:     3
  status:   0x10
  datr:     9
  codr:     1
  rf_chain  0
  freq_hz   903900000
  snr_avg:  11.8
  rssi_chan:197.0
  rssi_sig :196.0
  crc:      0xC1EA
BB 09 06 00 00 00 00 00 00 00 00 00 00 00 00 00 00 00 00 00 00 00 00 00 00 00 00 00 00 00 00 00 00 00 00 00 00 00 00 00 00 00 00 00 00 00 00 00 00 00 00 00 00 00 00 00 00 00 00 00 00 00 00 00 00 00 00 00 00 00 00 00 00 00 00 00 00 00 00 00 00 00 00 00 00 00 00 00 00 00 00 00 00 00 00 00 00 00 00 00 00 00 00 00 00 00 00 00 00 00 00 00 00 00 00 00 00 00 00 00 00 00 00 00 00 00 00 00 00 00 00 00 00 00 00 00 00 00 00 00 00 00 00 00 00 00 00 00 00 00 00 00 00 00 00 00 00 00 00 00 00 00 00 00 00 00 00 00 00 00 00 00 00 00 00 00 00 00 00 00 00 00 00 00 00 00 00 00 00 00 00 00 00 00 00 00 00 00 00 00 00 00 00 00 00 00 00 00 00 00 00 00 00 00 00 00 00 00 00 00 00 00 00 00 00 00 00 00 00 00 00 00 00 00 00 00 00 00 00 00 00 00 00 00 00 00 00 00 00 00 00 00 00 00 00 
Received 1 packets (total:34)

----- LoRa packet -----
  count_us: 549941124
  size:     255
  chan:     3
  status:   0x10
  datr:     9
  codr:     1
  rf_chain  0
  freq_hz   903900000
  snr_avg:  11.5
  rssi_chan:197.0
  rssi_sig :196.0
  crc:      0x8D8F
BB 09 FF 35 FB 2E 15 6F 2E 44 CD A8 87 1B F6 76 65 38 7E B6 E4 A3 2F 66 D7 1D BA 8D 1D 59 2C EF 5F CE 4F 74 67 F5 17 31 94 E3 D6 AA BF A8 22 95 89 02 BE B3 89 24 3F BF A9 F7 3E BA DF E1 0C FD FE 3D 9F 25 DE 10 DE E4 93 28 FE 54 6D C2 D1 C1 9D A6 98 D7 3D 81 6E CA 7E D0 07 D5 DF 4A 27 F9 9E AA C7 8B 33 35 82 98 0B 9A 69 F6 73 E1 9E 8A D9 1A 8F 93 66 D2 0C 28 5C 06 58 DA DE F9 86 67 E0 2B D1 31 A4 17 78 63 2A EC D4 AD C4 F3 5F C0 8C 9F C8 E4 F9 35 3F 75 F7 18 D9 CC 9C 32 DE 51 79 F0 EF 44 CE 42 CB 8B 3D 4A C0 4D 20 93 43 A8 69 D9 4E 6B 8B 89 F5 FA D2 31 63 E1 E3 6D E2 4A 99 50 B1 F1 3C 23 5B 78 2A 0B BA 95 19 C4 E9 30 93 73 33 AC F4 25 4C DB 16 00 9A 9B AC 34 3C 64 23 19 78 18 D2 70 1B 80 25 33 BC 07 63 75 DE DF AF 1A 8D 88 3A FA 81 2B 95 4E EB 29 70 46 13 
Received 1 packets (total:35)

----- LoRa packet -----
  count_us: 1253237233
  size:     255
  chan:     3
  status:   0x10
  datr:     9
  codr:     1
  rf_chain  0
  freq_hz   903900000
  snr_avg:  11.5
  rssi_chan:197.0
  rssi_sig :196.0
  crc:      0x58FA
BB 00 00 FD 37 7A 58 5A 00 00 04 E6 D6 B4 46 02 00 21 01 1C 00 00 00 10 CF 58 CC E0 BB 78 4A FA 5D 00 21 92 04 26 D4 50 2C 19 1A 85 AC 6A 5D C1 C1 16 23 91 CC FD F4 8A 64 2D A9 95 BC 3B 4F B4 EB 52 BA 2E F9 D4 74 BF E9 BC 54 1F 59 65 58 8D 8A 74 F1 76 3C 34 AB DC 3B 4C A3 52 60 EA 3A 37 84 0C 89 01 6F 00 B1 20 FA DB 31 7F B3 58 CA FE 34 E6 1F B7 A9 66 83 4A 85 AA 8D 27 CF B3 66 48 8A 22 73 89 63 A3 67 51 38 69 03 D3 C2 30 3B B2 45 04 58 D2 59 D1 6A 63 CF E0 D0 98 01 F8 B6 36 D2 32 BF BE 26 27 0B 5B 92 CA 44 8F 9E 5E FB 1F C2 BE 0D 77 36 11 B3 7C AD A8 77 F5 78 67 19 A2 CF 8D 19 04 BC EA 60 C1 01 10 CE BA FD 57 F9 1B 62 C0 62 E6 FA 8B F7 AC EF 82 B3 60 38 28 AC 35 19 C4 C8 8A B0 03 BA 6D 17 83 10 BC CA DF 33 36 B1 92 20 D2 CC F1 3A 60 82 C3 7D 08 BA 56 C1 
Received 1 packets (total:36)

----- LoRa packet -----
  count_us: 1279072862
  size:     255
  chan:     6
  status:   0x11
  datr:     9
  codr:     1
  rf_chain  0
  freq_hz   904500000
  snr_avg:  -11.8
  rssi_chan:140.0
  rssi_sig :131.0
  crc:      0x1C62
BB 00 02 96 7D B9 21 17 DD 4E DE FA B8 73 DB 67 F6 AB 95 B2 ED B1 52 25 25 F3 FC 7D 0B 05 04 B4 77 D9 45 0D 02 EA AF 5F 4E 98 89 4D 7C 04 3A 65 8B 79 A8 3B 19 B6 21 A5 A5 B6 45 76 B6 E5 0B 0D AA 3F A5 8F 98 F3 6C B4 F4 56 DF AB CB C6 5D A9 81 C5 5B 86 DF 61 4E 7F 2A 98 9D B9 98 09 9A E8 2A 69 3F 31 6B 76 6B CD 1B A0 94 44 24 35 64 FF 78 F7 62 AE 75 9C E8 87 93 33 9F F3 40 45 EB 15 56 26 AC 5C D9 D5 6B 93 AC C1 6B 14 43 A6 C2 7F F5 8C 5E E2 C3 3A C4 9B 31 C2 86 2A 35 BA 7F CB 23 8E FC 95 3A 9E EF 27 E5 2B 85 7E 8A C6 69 A1 3E B6 D3 EE DF E5 9E 69 67 B2 21 96 EC 20 36 0E 1B F6 B5 B1 BF C5 32 27 C5 15 C6 A6 EA EA 1D 9D 26 EF A2 E1 66 71 C2 DE 2B 3A 8A 79 6B 1F 83 A7 1C 2C FD 14 15 CC 78 25 CC 7C 2F 25 9D 87 AB 59 7A 3C 03 D9 CB E2 E9 75 8E AE D1 CE 9E 97 C8 

----- LoRa packet -----
  count_us: 1279072910
  size:     255
  chan:     3
  status:   0x10
  datr:     9
  codr:     1
  rf_chain  0
  freq_hz   903900000
  snr_avg:  11.5
  rssi_chan:197.0
  rssi_sig :196.0
  crc:      0xD86B
BB 00 02 96 7D B9 11 17 DD 4E EE FA B8 E3 DB 64 F6 AB 95 B2 BD BD 52 25 15 35 FC 7D 3B 05 05 B4 77 E9 89 05 03 EA 6F C1 4E 98 8A 88 74 04 3A 05 83 79 A8 6B 9F BE 21 9C A5 B2 45 E6 B6 6F 0B 0D 9A FF A5 8B 98 A3 EC B4 F4 66 1F EB CB D6 6D 23 8D C5 6B 83 D1 61 4E 2C AF 10 9D 89 58 85 DA F8 49 6C 77 31 6B B5 E5 CB 2B C2 51 46 24 35 04 F1 68 E7 01 B4 F1 9C E8 77 5F 33 9F F3 C5 41 EB 25 C3 26 EC 5C BA 19 6B 92 9C C1 23 14 43 A6 4B 77 F5 8C 08 E0 02 2A A7 1E 7B C2 8F 89 BB BA 7F A8 CC 8A FC A5 0C 16 6F 27 86 64 25 7E BA 65 E6 A1 3E C5 5C E2 DF E5 5D ED E7 B2 41 13 E4 41 3F CD 10 F2 B5 D1 F3 7D 32 27 93 57 EE A6 DA 20 17 1D 16 7A 24 E9 66 22 18 5A 2B 0A 2A F9 CF 1F B6 AB 16 2D CD 47 13 C0 78 16 0F 7C 27 25 AD AB AF 59 49 DA 03 F3 CB B4 65 75 8E 9D 17 C6 9A 97 AB 
Received 2 packets (total:37)

----- LoRa packet -----
  count_us: 1330151948
  size:     255
  chan:     3
  status:   0x10
  datr:     9
  codr:     1
  rf_chain  0
  freq_hz   903900000
  snr_avg:  11.5
  rssi_chan:197.0
  rssi_sig :196.0
  crc:      0x5EF5
BB 00 06 EB A3 44 FA 9E 76 C7 FB 35 37 73 03 BC B1 6A 33 C1 0B F3 DF 46 FC 9C 71 80 35 54 35 BA 0C C1 82 95 F6 C8 1A 6E 1C D8 19 0C AC 1D 64 AF 5F 5D 3F 85 B1 79 DC 88 0D 31 35 4D 69 50 D9 F9 22 7A 56 EA 34 F4 0F 1F 13 7E 19 0B 5C CC 2C DA 57 22 15 C0 DE 27 35 34 DC DE 72 CD 49 57 E8 F5 0A 15 F1 46 44 D7 B2 57 D2 70 3B B7 BF F5 9E 04 01 75 7F FD 77 5C C8 A5 71 E1 56 6D B3 28 9E 69 0E 21 15 3E D9 77 DF 2A 13 54 CF 3E 4C 01 BB F9 73 FA E2 A2 27 70 CC 25 DB F4 29 C2 70 BE 15 49 3E 0F 2E 83 A9 48 13 4C 24 00 9D 26 DD BA C6 B3 E9 F6 C2 5D B8 9D 52 69 38 B1 15 81 52 C4 B8 D4 0E FE 9B DC 8F 60 2F 90 F1 15 7C 23 B1 F5 05 7D 60 47 01 66 D6 53 9F 79 84 8E C4 4F 01 D0 D4 C3 16 84 A5 5D D9 B0 47 6A A6 19 30 11 7A 18 38 02 73 AA 5E 73 12 69 9D 02 07 DA 6A 7C 75 E1 9B 
Received 1 packets (total:38)

----- LoRa packet -----
  count_us: 1355737487
  size:     255
  chan:     3
  status:   0x10
  datr:     9
  codr:     1
  rf_chain  0
  freq_hz   903900000
  snr_avg:  11.8
  rssi_chan:197.0
  rssi_sig :196.0
  crc:      0x1A31
BB 00 FF 57 F2 D2 F6 3C 5D F6 1D D8 ED F1 0D 88 85 35 FD A8 94 2F AC 4E 0C 1D 49 12 68 6E 74 25 18 29 8D F2 47 16 64 94 CD 59 C2 64 55 06 D7 7E 5B 86 A3 C5 A4 A2 BA 6E CB 25 0D 8D 06 33 76 73 C4 90 B9 83 85 37 B9 F9 6A 89 76 1A BE 6B AF 78 4A 35 13 8F E3 42 B0 B5 1D 6E 86 01 48 F0 55 D1 FB 3C F9 07 65 2F 03 77 AC F3 97 31 D2 C5 FB F2 F5 0D C1 AB 48 D8 C7 02 32 2B 76 32 BD 91 4F CD 95 68 FC 1B DA 0F 9B 06 75 3E 57 47 D4 B4 32 0B 72 14 A9 BB 81 EE DF C9 13 63 87 9F D6 28 64 F5 E3 F7 F3 DF 8E 04 61 88 D3 A5 9B E3 90 28 C4 15 0F 38 92 81 2D F2 8C 86 5A 50 AE 1A 42 9A 57 2F 04 45 E2 61 F2 63 71 BC 7D 05 BC 84 C3 F8 27 8E 93 BF 89 0E 65 CC 91 B1 19 45 A2 A2 65 72 17 B7 9A FE 17 CC 45 DF D0 9C 78 A8 8E A1 77 EB DF CC 13 D7 EB 07 77 61 78 B8 2C 7D 57 09 18 5A C0 
Received 1 packets (total:39)

----- LoRa packet -----
  count_us: 1381222028
  size:     255
  chan:     3
  status:   0x10
  datr:     9
  codr:     1
  rf_chain  0
  freq_hz   903900000
  snr_avg:  11.5
  rssi_chan:197.0
  rssi_sig :196.0
  crc:      0x0ABD
BB 01 01 31 7F 8F 29 97 27 D8 AC 08 31 D1 BC 37 74 F7 CB CD 45 FC 30 F0 DB 88 8E 49 A5 F5 13 29 37 06 CB 8E E8 86 D4 12 D6 78 D1 B9 3C 40 40 3B BE B4 35 D5 99 D1 BF 47 01 C2 ED B3 A2 F0 AD F8 A9 C1 E1 17 89 F2 A3 D9 61 45 32 FA 0D 21 28 55 10 8F 72 E8 26 35 12 CE BE 08 7C D7 2C EE 74 EC 2F 32 5F 4F 69 E8 A1 E8 6A 85 57 78 19 AD BF D6 BB EE CE 2B 7A A2 C1 27 9F 3F 0C 22 D1 DB 27 8D 36 E8 E6 51 F9 5D 83 62 15 A8 12 9E 4A 32 8D 8D BB 64 3B 2F A1 0C CE 35 CB AA 35 3C D5 E4 E2 00 50 BB A1 98 FA FF 9B 2E 21 1F 28 4B 01 04 14 26 3D C1 99 E5 00 0C DE C0 F7 5A C9 EE B6 7B 35 09 FF CA B1 B3 38 5E 80 D9 BF 79 67 03 98 84 0E 3E FB BC 3A 3F 1B 3B 36 A8 3B EA 4F BA 2E 59 DE E4 97 84 82 FA 37 74 EC D7 20 15 25 77 02 1A 16 00 A4 42 08 24 C4 36 E6 4B 6D 84 36 26 3E D0 C8 
Received 1 packets (total:40)

----- LoRa packet -----
  count_us: 1393898773
  size:     255
  chan:     3
  status:   0x10
  datr:     9
  codr:     1
  rf_chain  0
  freq_hz   903900000
  snr_avg:  11.5
  rssi_chan:197.0
  rssi_sig :196.0
  crc:      0x601E
BB 01 02 37 F4 D2 30 70 BF A2 3D 5A A4 5C 6B E9 42 F8 BE 41 5B 7D 2D A9 30 7B 0E 29 FA 44 8A 67 0E 5E 19 D9 F1 B5 36 F8 3A 1A B5 35 86 D1 0C 7E 1A 00 02 7B 56 94 16 A4 16 DE 50 BD 3A A5 28 7F E2 F3 2F B0 01 3B 2C 98 94 BD 13 B6 09 C5 E7 20 8E 8F BA 76 BD 1B BB C1 F5 2D CD CB ED A3 BA 5F 42 05 FC 2B EE 0B AA 21 0F 01 94 AD 9A CA 06 DD 64 F1 B2 F8 E9 B3 E6 54 D1 7D DD 7F 57 09 C7 85 E8 98 74 73 32 8E 1B 84 E9 8E 56 BA 5E 0F B0 61 7E 4A 1B 93 3A AB 22 BB 81 52 C0 3C 8F E4 9C 7B E6 29 28 4E B0 03 EE 4B B9 27 69 E0 A4 91 5B DF 12 2B 11 3A 63 3D 4B BB 0C 0D 0A F6 BC 2A 95 4F 96 62 F3 20 89 13 33 60 A6 F7 03 48 ED 68 E7 10 05 77 A3 AD 70 FA 00 5C 2F 1E 58 C0 2E 8D E0 23 43 57 DA D1 3D A1 2B 48 CE 62 EF 58 0E F6 0E 40 BC E7 2B 85 AB 27 3C 7D 9B C5 BC 21 9A 17 BD 
Received 1 packets (total:41)

----- LoRa packet -----
  count_us: 1419319654
  size:     255
  chan:     3
  status:   0x10
  datr:     9
  codr:     1
  rf_chain  0
  freq_hz   903900000
  snr_avg:  11.8
  rssi_chan:197.0
  rssi_sig :196.0
  crc:      0x4A9F
BB 01 04 11 FF 11 19 C9 74 C1 33 87 A7 3B A3 E8 1D 23 FC 3A EF DA 78 D1 7E B3 0E 84 34 07 D1 5D 7C 89 F3 14 93 12 37 B8 44 EF 81 69 99 1D 02 26 C0 70 5C D0 7B 38 39 89 02 5A F7 45 8A C7 89 45 03 9D 3F 7D 3B 5D 87 8C 3B 78 87 BA 5A 53 AA 36 C5 99 E3 37 42 8D D7 3A C9 85 88 38 7E 5C FD 38 77 F0 8B F0 92 2C AE 74 4E CE 35 E7 0F 46 7B 31 DA 13 9C A2 49 32 96 CF 4F C6 27 28 48 66 AB 9A 9D CF F7 46 36 D6 BC 2E 01 E2 A4 9E C1 79 CD E3 00 8A 75 DB B5 D1 E8 EC 84 3B 0D 86 56 2C 6D F4 C2 5C D2 2A 12 77 5A 5B E9 DE E7 2B 30 74 94 0B 5D 87 1E C9 CE 20 C6 9A F2 2A 3B 51 71 45 72 92 22 AC 1E 16 9B 47 4D 2D F4 C0 A3 CC C3 B3 76 50 3E CF CE 63 0C 5C D5 3F 75 F1 30 02 C8 25 00 EE 3A 17 C0 B1 CE C5 15 77 D7 00 F2 8E 8B 71 02 13 E3 87 89 F2 E5 51 B3 7C 93 CD 61 79 31 A8 0F 
Received 1 packets (total:42)

----- LoRa packet -----
  count_us: 1457418223
  size:     255
  chan:     3
  status:   0x10
  datr:     9
  codr:     1
  rf_chain  0
  freq_hz   903900000
  snr_avg:  11.8
  rssi_chan:197.0
  rssi_sig :196.0
  crc:      0x1C3D
BB 01 07 8D A5 D1 58 C3 CB 9A 74 5F 70 89 D5 1C DB 18 9C B3 43 CE 41 3D DE 9A 14 04 33 E0 D0 AB DC 39 66 01 60 39 69 15 07 8E 74 83 07 69 41 07 2C CF 04 5E 55 45 BD 88 CC AB 98 AE D3 77 D5 C4 3B BD CF E1 A0 4E 96 4D 62 14 61 61 C4 39 59 81 B3 4E FA 16 90 3C 75 08 28 6D 95 22 10 B2 72 35 61 41 F7 04 02 56 B7 0B AA 98 89 7E 9C A4 CB 64 EC 82 3E F6 06 63 F0 05 C5 AC C1 91 39 F8 19 D3 C2 8C AB 5F EB BB D1 E5 77 5B 7B 40 B1 D3 51 40 61 EC 87 33 B3 BB A7 12 8A 84 9B B6 73 99 2C AA E4 D5 96 92 4C 3F EE 35 99 61 33 63 A6 FC 59 5C 1A 0C 5E A7 C9 4F 5A AE EE DF 6C 2D E4 66 5A 6A 00 C6 90 72 DC 83 42 44 8B 6B 3C 62 96 2B 95 A6 21 05 00 E2 31 25 4C C1 91 67 A4 BB E9 61 23 C1 1A 64 66 B0 99 5E BE 6F E2 92 22 A9 A7 15 65 FC 29 59 B3 FA C5 BB 3B 66 5A A9 F5 B8 59 14 D8 
Received 1 packets (total:43)

----- LoRa packet -----
  count_us: 1482695598
  size:     255
  chan:     3
  status:   0x10
  datr:     9
  codr:     1
  rf_chain  0
  freq_hz   903900000
  snr_avg:  11.5
  rssi_chan:197.0
  rssi_sig :196.0
  crc:      0x62A6
BB 02 00 DC 94 0F 6A F9 12 30 AF AD 0B 28 3A 77 A1 57 A9 02 F5 9B DC 29 14 E7 B0 8F 9F 55 01 F3 D6 BA 8D B0 F0 D7 EF AD D0 AC F3 3E 67 2A 33 D4 3C 9A 13 F4 A4 FD 27 D6 BB 86 7E D0 9A CA 33 2A 4B 6F E2 76 68 66 74 F5 87 F9 4E DB 7D 14 4A 4B 7D E5 C2 A8 ED DB 72 5A A2 85 6E 5A 1C 61 3E 42 13 EB 20 96 0D EA 2D 92 73 F3 5E 3C 04 97 B5 60 2E 9A 55 76 29 FB 17 A7 8E 91 C8 05 8B A7 51 EE 85 29 D3 9F C7 22 5B 80 25 19 22 E9 D5 80 45 27 D7 37 8D 03 8E 21 13 2E 3B 58 CA 03 98 05 4F 6A 60 10 59 3C A3 31 C6 91 C1 6C B7 E2 79 D3 E7 D9 02 45 EE FB C9 BF 59 F3 E8 9B 39 31 14 EA 75 C6 A5 4B E8 F4 56 25 16 E3 A2 19 A8 F8 A5 9E 36 78 C7 86 B7 BF B3 00 E7 AE 80 A8 54 AA 02 2F A8 14 21 7D 84 C2 6B E8 C6 BC 6B A7 18 0F 42 B2 35 32 33 EA 0B 50 65 D8 B9 35 AE 5F 99 3C 7A A4 CE 
Received 1 packets (total:44)

----- LoRa packet -----
  count_us: 1508073539
  size:     255
  chan:     3
  status:   0x10
  datr:     9
  codr:     1
  rf_chain  0
  freq_hz   903900000
  snr_avg:  11.8
  rssi_chan:197.0
  rssi_sig :196.0
  crc:      0x769A
BB 02 02 B2 E1 7A 91 5C 45 2A 62 D2 1E D3 BB 90 30 2E 2E CC 4D F2 C2 4E A0 84 6E 27 49 B7 B1 1D A2 B3 B4 11 1B E3 9D 77 76 62 14 56 9C 30 F6 FE 86 40 03 23 2C F5 78 9C 77 D4 C4 EB 13 E6 86 5D F6 52 31 7A 2F 29 4A 98 7D 98 35 21 EC 51 58 AB 4F 24 C5 FC 13 6F 38 A4 6F 9D D1 D8 C3 B7 1B 9F 11 9D 5A 11 0B 9C 82 7C 48 42 B5 9B F5 14 96 10 05 4A 3C 0C 61 61 27 44 CF 0C 4A 49 EB 9A 0C BA F1 6C 86 A2 5F 80 95 C3 89 72 CC 3D F7 BB 39 20 BB 2C 54 BE 23 94 1F BC 35 6B 34 84 5E 27 40 0C 7C 2F 85 9F 8B B7 38 22 23 F1 1A DD 8A EE 60 0A B9 4C BA 5F 7A 5B C0 3D 02 48 64 27 2B 41 DD 51 42 7C E9 BD 99 F1 F1 B0 47 EB 84 35 97 D1 81 0D BC 3F 4B C2 7C ED 83 55 68 15 11 07 90 89 79 C7 6B 6E EF 43 4C F5 12 85 BD 7F EA FB 58 15 03 A0 6C 0F CC 09 A5 A2 49 81 1A CC 03 06 94 C1 99 
Received 1 packets (total:45)

----- LoRa packet -----
  count_us: 1533617765
  size:     255
  chan:     3
  status:   0x10
  datr:     9
  codr:     1
  rf_chain  0
  freq_hz   903900000
  snr_avg:  11.8
  rssi_chan:197.0
  rssi_sig :196.0
  crc:      0x9470
BB 02 04 01 44 7A 35 46 41 A4 2B 56 34 D5 76 06 A2 2F 4E E5 97 4E FE 8E 51 D5 BF 7F 7B C6 06 DF F2 01 82 98 8C E2 B5 43 C4 6D 97 5F 90 8D 8C 18 29 3E 8B 30 75 81 46 12 9A D5 DE 9E 79 64 E3 33 CA FF 63 DF D0 16 B0 73 92 A5 94 75 46 6E 1E 98 FA EA A3 86 A7 82 65 34 A0 E6 55 40 B9 E6 A4 FF DA A8 22 7B 11 4D 48 30 76 74 59 3E D1 D0 30 43 17 14 5C E4 19 3F 30 99 6E B4 4F 69 B6 E2 3C 8D 79 EA 86 B2 AA 85 1C 46 44 20 F9 96 8F 80 21 E7 27 15 62 87 1D A7 D6 03 87 1E 31 06 6B 16 69 A4 46 8C 4D 27 11 0C C5 16 28 19 5B 92 6E D1 C8 BE 8B B3 C0 FB 2D C8 FF FC 25 24 51 33 CE D3 40 83 E6 07 47 43 39 3C 2C 7B 25 09 84 4B 58 56 5D AC FD 7F 7C 96 B5 C9 26 34 CE C7 7E 7C 88 51 AF 6A D4 4E 2A FE 21 BB FC 9B F3 7F 4F F7 A6 68 F3 02 3F E5 42 CB B2 2C ED 48 33 1D A8 A8 80 F2 77 
Received 1 packets (total:46)
