=== GROTH16 OTA FIRE 2026-10-10T10:01:37Z ===
payload bytes: 128
4fe0290901f6901399b137ab1be9cd624811ff89ef5506dad6dcfe981b93d717  /tmp/groth16_ota_payload.bin
RESET_SEQUENCE_OK
--- send 1/5 10:01:43Z ---
RESET_SEQUENCE_OK
zk_lora_tx_app: payload=/tmp/groth16_ota_payload.bin bytes=128 freq=903.9MHz SF9 BW125kHz 14dBm sends=1
Opening SPI communication interface
Note: chip version is 0x10 (v1.0)
INFO: Configuring SX1250_0 in single input mode
INFO: using legacy timestamp
ARB: dual demodulation disabled for all SF
WARNING: no temperature sensor found on port 0x39
WARNING: no temperature sensor found on port 0x3B
WARNING: no temperature sensor found on port 0x38
WARNING: no temperature telemetry ... 25C
A_LORA_TX_FILE_SEND_1_STATUS=TX_DONE
Closing SPI communication interface
A_LORA_TX_FILE_SEND_COMPLETE=YES (1/1 sends, 128 bytes)
--- send 2/5 10:01:59Z ---
RESET_SEQUENCE_OK
zk_lora_tx_app: payload=/tmp/groth16_ota_payload.bin bytes=128 freq=903.9MHz SF9 BW125kHz 14dBm sends=1
Opening SPI communication interface
Note: chip version is 0x10 (v1.0)
INFO: Configuring SX1250_0 in single input mode
INFO: using legacy timestamp
ARB: dual demodulation disabled for all SF
WARNING: no temperature sensor found on port 0x39
WARNING: no temperature sensor found on port 0x3B
WARNING: no temperature sensor found on port 0x38
WARNING: no temperature telemetry ... 25C
A_LORA_TX_FILE_SEND_1_STATUS=TX_DONE
Closing SPI communication interface
A_LORA_TX_FILE_SEND_COMPLETE=YES (1/1 sends, 128 bytes)
--- send 3/5 10:02:16Z ---
RESET_SEQUENCE_OK
zk_lora_tx_app: payload=/tmp/groth16_ota_payload.bin bytes=128 freq=903.9MHz SF9 BW125kHz 14dBm sends=1
Opening SPI communication interface
Note: chip version is 0x10 (v1.0)
INFO: Configuring SX1250_0 in single input mode
INFO: using legacy timestamp
ARB: dual demodulation disabled for all SF
WARNING: no temperature sensor found on port 0x39
WARNING: no temperature sensor found on port 0x3B
WARNING: no temperature sensor found on port 0x38
WARNING: no temperature telemetry ... 25C
A_LORA_TX_FILE_SEND_1_STATUS=TX_DONE
Closing SPI communication interface
A_LORA_TX_FILE_SEND_COMPLETE=YES (1/1 sends, 128 bytes)
--- send 4/5 10:02:33Z ---
RESET_SEQUENCE_OK
zk_lora_tx_app: payload=/tmp/groth16_ota_payload.bin bytes=128 freq=903.9MHz SF9 BW125kHz 14dBm sends=1
Opening SPI communication interface
Note: chip version is 0x10 (v1.0)
INFO: Configuring SX1250_0 in single input mode
INFO: using legacy timestamp
ARB: dual demodulation disabled for all SF
WARNING: no temperature sensor found on port 0x39
WARNING: no temperature sensor found on port 0x3B
WARNING: no temperature sensor found on port 0x38
WARNING: no temperature telemetry ... 25C
A_LORA_TX_FILE_SEND_1_STATUS=TX_DONE
Closing SPI communication interface
A_LORA_TX_FILE_SEND_COMPLETE=YES (1/1 sends, 128 bytes)
--- send 5/5 10:02:50Z ---
RESET_SEQUENCE_OK
zk_lora_tx_app: payload=/tmp/groth16_ota_payload.bin bytes=128 freq=903.9MHz SF9 BW125kHz 14dBm sends=1
Opening SPI communication interface
Note: chip version is 0x10 (v1.0)
INFO: Configuring SX1250_0 in single input mode
INFO: using legacy timestamp
ARB: dual demodulation disabled for all SF
WARNING: no temperature sensor found on port 0x39
WARNING: no temperature sensor found on port 0x3B
WARNING: no temperature sensor found on port 0x38
WARNING: no temperature telemetry ... 25C
A_LORA_TX_FILE_SEND_1_STATUS=TX_DONE
Closing SPI communication interface
A_LORA_TX_FILE_SEND_COMPLETE=YES (1/1 sends, 128 bytes)
=== GROTH16 OTA FIRE DONE 2026-10-10T10:02:57Z ===