  captured proof: 128 bytes from groth16_ota_20261010T1001Z_cycle72
  proof SHA256: 4fe0290901f6901399b137ab1be9cd624811ff89ef5506dad6dcfe981b93d717
  coords (proof payload[0:6]): [0xc, 0xce, 0x3d, 0x4d, 0xf8, 0xa]
  authority: 14aTW9ypTLuQPTUfes8aExkn6dG2ESsHUYuhpvziaMa3
  balance before: 5.95269124 SOL
  session_id : 4fe0290901f69013 (= proof SHA[0:16] hex)
  merkleRoot: 4fe0290901f6901399b137ab1be9cd624811ff89ef5506dad6dcfe981b93d717 (= captured proof SHA256)
  record PDA: 9KGi2k9foNXKkCuuArxL8G3xjSvGcBd863rsVkexWf15
  ✅ REGISTER TX: 3nsLe32D7dwsRGa9zKX2cYiTP8CSBJjLUpUqzK46CeEGWT2vqsRi7WrxwNRqPWULTULzikwMKf8TtqsR38Btd2vS
     https://explorer.solana.com/tx/3nsLe32D7dwsRGa9zKX2cYiTP8CSBJjLUpUqzK46CeEGWT2vqsRi7WrxwNRqPWULTULzikwMKf8TtqsR38Btd2vS?cluster=devnet
  on-chain record: coords=[12,206,61,77,248,10] root=4fe0290901f69013… ts=2026-10-10T10:25:38.000Z
  treasury delta: 100000 lamports
  balance after: 5.95141276 SOL

TEST_RUN_UTC=2026-10-10T10:25:39.858Z
NODE=RakMiner-B (Researcher Bravo, Agent 05)
WALLET=14aTW9ypTLuQPTUfes8aExkn6dG2ESsHUYuhpvziaMa3
SETTLED_TRANSFER=cycle-72 OTA Groth16/BN254 proof A->B, node-b-rx 2026-10-10T10:02Z, 23rd valid fleet cycle
CAPTURE_META=5/5 CRC-OK 128B @903.9MHz SF9, SNR +10.5..+11.0 dB, window B1087/A408, fired 10:02:57Z (POST-WRAP frames), 82s declare-to-fire
PROOF_PAYLOAD_SHA256=4fe0290901f6901399b137ab1be9cd624811ff89ef5506dad6dcfe981b93d717
GROTH16_PAIRING_VERIFIED=YES - T12_CYCLE72_BATTERY_RUN_UTC all VALID (PRIMARY key-32 + 2 controls, B die)
SESSION_ID=4fe0290901f69013
COORDS_REGISTERED=[12, 206, 61, 77, 248, 10] (= proof payload bytes 0..5)
MERKLE_ROOT=4fe0290901f6901399b137ab1be9cd624811ff89ef5506dad6dcfe981b93d717 (= proof payload SHA256)
RECORD_PDA=9KGi2k9foNXKkCuuArxL8G3xjSvGcBd863rsVkexWf15
REGISTER_TX=3nsLe32D7dwsRGa9zKX2cYiTP8CSBJjLUpUqzK46CeEGWT2vqsRi7WrxwNRqPWULTULzikwMKf8TtqsR38Btd2vS
REGISTER_TX_URL=https://explorer.solana.com/tx/3nsLe32D7dwsRGa9zKX2cYiTP8CSBJjLUpUqzK46CeEGWT2vqsRi7WrxwNRqPWULTULzikwMKf8TtqsR38Btd2vS?cluster=devnet
PROTOCOL_FEE_LAMPORTS=100000
BALANCE_BEFORE=5.95269124 SOL
BALANCE_AFTER=5.95141276 SOL
TESTS_PASSED=6
TESTS_FAILED=0
FAIL_DETAIL=none
GROTH16_OTA_SETTLED_ON_CHAIN=YES
ZK_RF_TO_CHAIN_LOOP_CLOSED=YES
settle exit: 0
